Archive member included to satisfy reference by file (symbol)

C:/ST/STM32CubeIDE_1.17.0/STM32CubeIDE/plugins/com.st.stm32cube.ide.mcu.externaltools.gnu-tools-for-stm32.13.3.rel1.win32_1.0.0.202411081344/tools/bin/../lib/gcc/arm-none-eabi/13.3.1/../../../../arm-none-eabi/lib/thumb/v7e-m+fp/hard\libc_nano.a(libc_a-exit.o)
                              C:/ST/STM32CubeIDE_1.17.0/STM32CubeIDE/plugins/com.st.stm32cube.ide.mcu.externaltools.gnu-tools-for-stm32.13.3.rel1.win32_1.0.0.202411081344/tools/bin/../lib/gcc/arm-none-eabi/13.3.1/../../../../arm-none-eabi/lib/thumb/v7e-m+fp/hard/crt0.o (exit)
C:/ST/STM32CubeIDE_1.17.0/STM32CubeIDE/plugins/com.st.stm32cube.ide.mcu.externaltools.gnu-tools-for-stm32.13.3.rel1.win32_1.0.0.202411081344/tools/bin/../lib/gcc/arm-none-eabi/13.3.1/../../../../arm-none-eabi/lib/thumb/v7e-m+fp/hard\libc_nano.a(libc_a-findfp.o)
                              ./Middlewares/Third_Party/FreeRTOS/Source/tasks.o (__sf)
C:/ST/STM32CubeIDE_1.17.0/STM32CubeIDE/plugins/com.st.stm32cube.ide.mcu.externaltools.gnu-tools-for-stm32.13.3.rel1.win32_1.0.0.202411081344/tools/bin/../lib/gcc/arm-none-eabi/13.3.1/../../../../arm-none-eabi/lib/thumb/v7e-m+fp/hard\libc_nano.a(libc_a-fwalk.o)
                              C:/ST/STM32CubeIDE_1.17.0/STM32CubeIDE/plugins/com.st.stm32cube.ide.mcu.externaltools.gnu-tools-for-stm32.13.3.rel1.win32_1.0.0.202411081344/tools/bin/../lib/gcc/arm-none-eabi/13.3.1/../../../../arm-none-eabi/lib/thumb/v7e-m+fp/hard\libc_nano.a(libc_a-findfp.o) (_fwalk_sglue)
C:/ST/STM32CubeIDE_1.17.0/STM32CubeIDE/plugins/com.st.stm32cube.ide.mcu.externaltools.gnu-tools-for-stm32.13.3.rel1.win32_1.0.0.202411081344/tools/bin/../lib/gcc/arm-none-eabi/13.3.1/../../../../arm-none-eabi/lib/thumb/v7e-m+fp/hard\libc_nano.a(libc_a-stdio.o)
                              C:/ST/STM32CubeIDE_1.17.0/STM32CubeIDE/plugins/com.st.stm32cube.ide.mcu.externaltools.gnu-tools-for-stm32.13.3.rel1.win32_1.0.0.202411081344/tools/bin/../lib/gcc/arm-none-eabi/13.3.1/../../../../arm-none-eabi/lib/thumb/v7e-m+fp/hard\libc_nano.a(libc_a-findfp.o) (__sread)
C:/ST/STM32CubeIDE_1.17.0/STM32CubeIDE/plugins/com.st.stm32cube.ide.mcu.externaltools.gnu-tools-for-stm32.13.3.rel1.win32_1.0.0.202411081344/tools/bin/../lib/gcc/arm-none-eabi/13.3.1/../../../../arm-none-eabi/lib/thumb/v7e-m+fp/hard\libc_nano.a(libc_a-memset.o)
                              C:/ST/STM32CubeIDE_1.17.0/STM32CubeIDE/plugins/com.st.stm32cube.ide.mcu.externaltools.gnu-tools-for-stm32.13.3.rel1.win32_1.0.0.202411081344/tools/bin/../lib/gcc/arm-none-eabi/13.3.1/../../../../arm-none-eabi/lib/thumb/v7e-m+fp/hard/crt0.o (memset)
C:/ST/STM32CubeIDE_1.17.0/STM32CubeIDE/plugins/com.st.stm32cube.ide.mcu.externaltools.gnu-tools-for-stm32.13.3.rel1.win32_1.0.0.202411081344/tools/bin/../lib/gcc/arm-none-eabi/13.3.1/../../../../arm-none-eabi/lib/thumb/v7e-m+fp/hard\libc_nano.a(libc_a-closer.o)
                              C:/ST/STM32CubeIDE_1.17.0/STM32CubeIDE/plugins/com.st.stm32cube.ide.mcu.externaltools.gnu-tools-for-stm32.13.3.rel1.win32_1.0.0.202411081344/tools/bin/../lib/gcc/arm-none-eabi/13.3.1/../../../../arm-none-eabi/lib/thumb/v7e-m+fp/hard\libc_nano.a(libc_a-stdio.o) (_close_r)
C:/ST/STM32CubeIDE_1.17.0/STM32CubeIDE/plugins/com.st.stm32cube.ide.mcu.externaltools.gnu-tools-for-stm32.13.3.rel1.win32_1.0.0.202411081344/tools/bin/../lib/gcc/arm-none-eabi/13.3.1/../../../../arm-none-eabi/lib/thumb/v7e-m+fp/hard\libc_nano.a(libc_a-reent.o)
                              ./Middlewares/Third_Party/FreeRTOS/Source/tasks.o (_reclaim_reent)
C:/ST/STM32CubeIDE_1.17.0/STM32CubeIDE/plugins/com.st.stm32cube.ide.mcu.externaltools.gnu-tools-for-stm32.13.3.rel1.win32_1.0.0.202411081344/tools/bin/../lib/gcc/arm-none-eabi/13.3.1/../../../../arm-none-eabi/lib/thumb/v7e-m+fp/hard\libc_nano.a(libc_a-impure.o)
                              ./Middlewares/Third_Party/FreeRTOS/Source/tasks.o (_impure_ptr)
C:/ST/STM32CubeIDE_1.17.0/STM32CubeIDE/plugins/com.st.stm32cube.ide.mcu.externaltools.gnu-tools-for-stm32.13.3.rel1.win32_1.0.0.202411081344/tools/bin/../lib/gcc/arm-none-eabi/13.3.1/../../../../arm-none-eabi/lib/thumb/v7e-m+fp/hard\libc_nano.a(libc_a-lseekr.o)
                              C:/ST/STM32CubeIDE_1.17.0/STM32CubeIDE/plugins/com.st.stm32cube.ide.mcu.externaltools.gnu-tools-for-stm32.13.3.rel1.win32_1.0.0.202411081344/tools/bin/../lib/gcc/arm-none-eabi/13.3.1/../../../../arm-none-eabi/lib/thumb/v7e-m+fp/hard\libc_nano.a(libc_a-stdio.o) (_lseek_r)
C:/ST/STM32CubeIDE_1.17.0/STM32CubeIDE/plugins/com.st.stm32cube.ide.mcu.externaltools.gnu-tools-for-stm32.13.3.rel1.win32_1.0.0.202411081344/tools/bin/../lib/gcc/arm-none-eabi/13.3.1/../../../../arm-none-eabi/lib/thumb/v7e-m+fp/hard\libc_nano.a(libc_a-readr.o)
[...]
Memory Configuration

Name             Origin             Length             Attributes
RAM              0x20000000         0x00020000         xrw
FLASH            0x08000000         0x00080000         xr
*default*        0x00000000         0xffffffff

Linker script and memory map

LOAD C:/ST/STM32CubeIDE_1.17.0/STM32CubeIDE/plugins/com.st.stm32cube.ide.mcu.externaltools.gnu-tools-for-stm32.13.3.rel1.win32_1.0.0.202411081344/tools/bin/../lib/gcc/arm-none-eabi/13.3.1/thumb/v7e-m+fp/hard/crti.o
LOAD C:/ST/STM32CubeIDE_1.17.0/STM32CubeIDE/plugins/com.st.stm32cube.ide.mcu.externaltools.gnu-tools-for-stm32.13.3.rel1.win32_1.0.0.202411081344/tools/bin/../lib/gcc/arm-none-eabi/13.3.1/thumb/v7e-m+fp/hard/crtbegin.o
LOAD C:/ST/STM32CubeIDE_1.17.0/STM32CubeIDE/plugins/com.st.stm32cube.ide.mcu.externaltools.gnu-tools-for-stm32.13.3.rel1.win32_1.0.0.202411081344/tools/bin/../lib/gcc/arm-none-eabi/13.3.1/../../../../arm-none-eabi/lib/thumb/v7e-m+fp/hard/crt0.o
LOAD ./Core/Src/freertos.o
LOAD ./Core/Src/main.o
LOAD ./Core/Src/nrf24.o
LOAD ./Core/Src/radio.o
LOAD ./Core/Src/stm32f4xx_hal_msp.o
LOAD ./Core/Src/stm32f4xx_hal_timebase_tim.o
LOAD ./Core/Src/stm32f4xx_it.o
LOAD ./Core/Src/syscalls.o
LOAD ./Core/Src/sysmem.o
LOAD ./Core/Src/system_stm32f4xx.o
LOAD ./Core/Startup/startup_stm32f411ceux.o
LOAD ./Drivers/STM32F4xx_HAL_Driver/Src/stm32f4xx_hal.o
LOAD ./Drivers/STM32F4xx_HAL_Driver/Src/stm32f4xx_hal_adc.o
LOAD ./Drivers/STM32F4xx_HAL_Driver/Src/stm32f4xx_hal_adc_ex.o
LOAD ./Drivers/STM32F4xx_HAL_Driver/Src/stm32f4xx_hal_cortex.o
LOAD ./Drivers/STM32F4xx_HAL_Driver/Src/stm32f4xx_hal_dma.o
LOAD ./Drivers/STM32F4xx_HAL_Driver/Src/stm32f4xx_hal_dma_ex.o
LOAD ./Drivers/STM32F4xx_HAL_Driver/Src/stm32f4xx_hal_exti.o
LOAD ./Drivers/STM32F4xx_HAL_Driver/Src/stm32f4xx_hal_flash.o
LOAD ./Drivers/STM32F4xx_HAL_Driver/Src/stm32f4xx_hal_flash_ex.o
LOAD ./Drivers/STM32F4xx_HAL_Driver/Src/stm32f4xx_hal_flash_ramfunc.o
LOAD ./Drivers/STM32F4xx_HAL_Driver/Src/stm32f4xx_hal_gpio.o
LOAD ./Drivers/STM32F4xx_HAL_Driver/Src/stm32f4xx_hal_i2c.o
LOAD ./Drivers/STM32F4xx_HAL_Driver/Src/stm32f4xx_hal_i2c_ex.o
LOAD ./Drivers/STM32F4xx_HAL_Driver/Src/stm32f4xx_hal_pcd.o
LOAD ./Drivers/STM32F4xx_HAL_Driver/Src/stm32f4xx_hal_pcd_ex.o
LOAD ./Drivers/STM32F4xx_HAL_Driver/Src/stm32f4xx_hal_pwr.o
LOAD ./Drivers/STM32F4xx_HAL_Driver/Src/stm32f4xx_hal_pwr_ex.o
LOAD ./Drivers/STM32F4xx_HAL_Driver/Src/stm32f4xx_hal_rcc.o
LOAD ./Drivers/STM32F4xx_HAL_Driver/Src/stm32f4xx_hal_rcc_ex.o
LOAD ./Drivers/STM32F4xx_HAL_Driver/Src/stm32f4xx_hal_spi.o
LOAD ./Drivers/STM32F4xx_HAL_Driver/Src/stm32f4xx_hal_tim.o
LOAD ./Drivers/STM32F4xx_HAL_Driver/Src/stm32f4xx_hal_tim_ex.o
LOAD ./Drivers/STM32F4xx_HAL_Driver/Src/stm32f4xx_ll_adc.o
LOAD ./Drivers/STM32F4xx_HAL_Driver/Src/stm32f4xx_ll_usb.o
LOAD ./Middlewares/ST/STM32_USB_Device_Library/Class/CDC/Src/usbd_cdc.o
LOAD ./Middlewares/ST/STM32_USB_Device_Library/Core/Src/usbd_core.o
LOAD ./Middlewares/ST/STM32_USB_Device_Library/Core/Src/usbd_ctlreq.o
LOAD ./Middlewares/ST/STM32_USB_Device_Library/Core/Src/usbd_ioreq.o
LOAD ./Middlewares/Third_Party/FreeRTOS/Source/CMSIS_RTOS_V2/cmsis_os2.o
LOAD ./Middlewares/Third_Party/FreeRTOS/Source/croutine.o
LOAD ./Middlewares/Third_Party/FreeRTOS/Source/event_groups.o
LOAD ./Middlewares/Third_Party/FreeRTOS/Source/list.o
LOAD ./Middlewares/Third_Party/FreeRTOS/Source/queue.o
LOAD ./Middlewares/Third_Party/FreeRTOS/Source/stream_buffer.o
LOAD ./Middlewares/Third_Party/FreeRTOS/Source/tasks.o
LOAD ./Middlewares/Third_Party/FreeRTOS/Source/timers.o
LOAD ./Middlewares/Third_Party/FreeRTOS/Source/portable/GCC/ARM_CM4F/port.o
LOAD ./Middlewares/Third_Party/FreeRTOS/Source/portable/MemMang/heap_4.o
LOAD ./USB_DEVICE/App/usb_device.o
LOAD ./USB_DEVICE/App/usbd_cdc_if.o
LOAD ./USB_DEVICE/App/usbd_desc.o
LOAD ./USB_DEVICE/Target/usbd_conf.o
START GROUP
LOAD C:/ST/STM32CubeIDE_1.17.0/STM32CubeIDE/plugins/com.st.stm32cube.ide.mcu.externaltools.gnu-tools-for-stm32.13.3.rel1.win32_1.0.0.202411081344/tools/bin/../lib/gcc/arm-none-eabi/13.3.1/../../../../arm-none-eabi/lib/thumb/v7e-m+fp/hard\libc_nano.a
LOAD C:/ST/STM32CubeIDE_1.17.0/STM32CubeIDE/plugins/com.st.stm32cube.ide.mcu.externaltools.gnu-tools-for-stm32.13.3.rel1.win32_1.0.0.202411081344/tools/bin/../lib/gcc/arm-none-eabi/13.3.1/../../../../arm-none-eabi/lib/thumb/v7e-m+fp/hard\libm.a
END GROUP
START GROUP
LOAD C:/ST/STM32CubeIDE_1.17.0/STM32CubeIDE/plugins/com.st.stm32cube.ide.mcu.externaltools.gnu-tools-for-stm32.13.3.rel1.win32_1.0.0.202411081344/tools/bin/../lib/gcc/arm-none-eabi/13.3.1/thumb/v7e-m+fp/hard\libgcc.a
LOAD C:/ST/STM32CubeIDE_1.17.0/STM32CubeIDE/plugins/com.st.stm32cube.ide.mcu.externaltools.gnu-tools-for-stm32.13.3.rel1.win32_1.0.0.202411081344/tools/bin/../lib/gcc/arm-none-eabi/13.3.1/../../../../arm-none-eabi/lib/thumb/v7e-m+fp/hard\libc_nano.a
END GROUP
START GROUP
LOAD C:/ST/STM32CubeIDE_1.17.0/STM32CubeIDE/plugins/com.st.stm32cube.ide.mcu.externaltools.gnu-tools-for-stm32.13.3.rel1.win32_1.0.0.202411081344/tools/bin/../lib/gcc/arm-none-eabi/13.3.1/thumb/v7e-m+fp/hard\libgcc.a
LOAD C:/ST/STM32CubeIDE_1.17.0/STM32CubeIDE/plugins/com.st.stm32cube.ide.mcu.externaltools.gnu-tools-for-stm32.13.3.rel1.win32_1.0.0.202411081344/tools/bin/../lib/gcc/arm-none-eabi/13.3.1/../../../../arm-none-eabi/lib/thumb/v7e-m+fp/hard\libc_nano.a
LOAD C:/ST/STM32CubeIDE_1.17.0/STM32CubeIDE/plugins/com.st.stm32cube.ide.mcu.externaltools.gnu-tools-for-stm32.13.3.rel1.win32_1.0.0.202411081344/tools/bin/../lib/gcc/arm-none-eabi/13.3.1/../../../../arm-none-eabi/lib/thumb/v7e-m+fp/hard\libnosys.a
END GROUP
START GROUP
LOAD C:/ST/STM32CubeIDE_1.17.0/STM32CubeIDE/plugins/com.st.stm32cube.ide.mcu.externaltools.gnu-tools-for-stm32.13.3.rel1.win32_1.0.0.202411081344/tools/bin/../lib/gcc/arm-none-eabi/13.3.1/thumb/v7e-m+fp/hard\libgcc.a
LOAD C:/ST/STM32CubeIDE_1.17.0/STM32CubeIDE/plugins/com.st.stm32cube.ide.mcu.externaltools.gnu-tools-for-stm32.13.3.rel1.win32_1.0.0.202411081344/tools/bin/../lib/gcc/arm-none-eabi/13.3.1/../../../../arm-none-eabi/lib/thumb/v7e-m+fp/hard\libc_nano.a
LOAD C:/ST/STM32CubeIDE_1.17.0/STM32CubeIDE/plugins/com.st.stm32cube.ide.mcu.externaltools.gnu-tools-for-stm32.13.3.rel1.win32_1.0.0.202411081344/tools/bin/../lib/gcc/arm-none-eabi/13.3.1/../../../../arm-none-eabi/lib/thumb/v7e-m+fp/hard\libnosys.a
END GROUP
LOAD C:/ST/STM32CubeIDE_1.17.0/STM32CubeIDE/plugins/com.st.stm32cube.ide.mcu.externaltools.gnu-tools-for-stm32.13.3.rel1.win32_1.0.0.202411081344/tools/bin/../lib/gcc/arm-none-eabi/13.3.1/thumb/v7e-m+fp/hard/crtend.o
LOAD C:/ST/STM32CubeIDE_1.17.0/STM32CubeIDE/plugins/com.st.stm32cube.ide.mcu.externaltools.gnu-tools-for-stm32.13.3.rel1.win32_1.0.0.202411081344/tools/bin/../lib/gcc/arm-none-eabi/13.3.1/thumb/v7e-m+fp/hard/crtn.o
                0x20020000                        _estack = (ORIGIN (RAM) + LENGTH (RAM))
                0x00000200                        _Min_Heap_Size = 0x200
                0x00000400                        _Min_Stack_Size = 0x400

.isr_vector     0x08000000      0x198
                0x08000000                        . = ALIGN (0x4)
 *(.isr_vector)
 .isr_vector    0x08000000      0x198 ./Core/Startup/startup_stm32f411ceux.o
                0x08000000                g_pfnVectors
                0x08000198                        . = ALIGN (0x4)

.text           0x080001a0     0xced0
                0x080001a0                        . = ALIGN (0x4)
 *(.text)
 .text          0x080001a0       0x40 C:/ST/STM32CubeIDE_1.17.0/STM32CubeIDE/plugins/com.st.stm32cube.ide.mcu.externaltools.gnu-tools-for-stm32.13.3.rel1.win32_1.0.0.202411081344/tools/bin/../lib/gcc/arm-none-eabi/13.3.1/thumb/v7e-m+fp/hard/crtbegin.o
 .text          0x080001e0       0x30 C:/ST/STM32CubeIDE_1.17.0/STM32CubeIDE/plugins/com.st.stm32cube.ide.mcu.externaltools.gnu-tools-for-stm32.13.3.rel1.win32_1.0.0.202411081344/tools/bin/../lib/gcc/arm-none-eabi/13.3.1/thumb/v7e-m+fp/hard\libgcc.a(_aeabi_uldivmod.o)
                0x080001e0                __aeabi_uldivmod
 .text          0x08000210      0x2f8 C:/ST/STM32CubeIDE_1.17.0/STM32CubeIDE/plugins/com.st.stm32cube.ide.mcu.externaltools.gnu-tools-for-stm32.13.3.rel1.win32_1.0.0.202411081344/tools/bin/../lib/gcc/arm-none-eabi/13.3.1/thumb/v7e-m+fp/hard\libgcc.a(_udivmoddi4.o)
                0x08000210                __udivmoddi4
 .text          0x08000508        0x4 C:/ST/STM32CubeIDE_1.17.0/STM32CubeIDE/plugins/com.st.stm32cube.ide.mcu.externaltools.gnu-tools-for-stm32.13.3.rel1.win32_1.0.0.202411081344/tools/bin/../lib/gcc/arm-none-eabi/13.3.1/thumb/v7e-m+fp/hard\libgcc.a(_dvmd_tls.o)
                0x08000508                __aeabi_idiv0
                0x08000508                __aeabi_ldiv0
 *(.text*)
 .text.main     0x0800050c       0x9c ./Core/Src/main.o
                0x0800050c                main
 .text.SystemClock_Config
                0x080005a8       0xd0 ./Core/Src/main.o
                0x080005a8                SystemClock_Config
 .text.MX_ADC1_Init
                0x08000678      0x130 ./Core/Src/main.o
 .text.MX_I2C1_Init
                0x080007a8       0x5c ./Core/Src/main.o
 .text.MX_SPI1_Init
                0x08000804       0x6c ./Core/Src/main.o
 .text.MX_DMA_Init
                0x08000870       0x40 ./Core/Src/main.o
 .text.MX_GPIO_Init
                0x080008b0      0x184 ./Core/Src/main.o
 .text.StartDefaultTask
                0x08000a34       0x2c ./Core/Src/main.o
                0x08000a34                StartDefaultTask
 .text.send_usb_data_func
                0x08000a60       0x10 ./Core/Src/main.o
                0x08000a60                send_usb_data_func
 .text.read_nrf_func
                0x08000a70       0x10 ./Core/Src/main.o
                0x08000a70                read_nrf_func
 .text.send_nrf_func
                0x08000a80       0x10 ./Core/Src/main.o
                0x08000a80                send_nrf_func
 .text.HAL_TIM_PeriodElapsedCallback
                0x08000a90       0x1e ./Core/Src/main.o
                0x08000a90                HAL_TIM_PeriodElapsedCallback
 .text.Error_Handler
                0x08000aae        0xc ./Core/Src/main.o
                0x08000aae                Error_Handler
 *fill*         0x08000aba        0x2 
 .text.nRF24_CSN_L
                0x08000abc       0x18 ./Core/Src/nrf24.o
 .text.nRF24_CSN_H
                0x08000ad4       0x18 ./Core/Src/nrf24.o
 .text.nRF24_LL_RW
                0x08000aec       0x38 ./Core/Src/nrf24.o
 .text.nRF24_ReadReg
                0x08000b24       0x34 ./Core/Src/nrf24.o
 .text.nRF24_WriteReg
                0x08000b58       0x70 ./Core/Src/nrf24.o
 .text.nRF24_ReadMBReg
                0x08000bc8       0x44 ./Core/Src/nrf24.o
 .text.nRF24_WriteMBReg
                0x08000c0c       0x42 ./Core/Src/nrf24.o
 .text.nRF24_Init
                0x08000c4e       0x98 ./Core/Src/nrf24.o
                0x08000c4e                nRF24_Init
 *fill*         0x08000ce6        0x2 
 .text.nRF24_Check
                0x08000ce8       0x5c ./Core/Src/nrf24.o
                0x08000ce8                nRF24_Check
 .text.nRF24_SetPowerMode
                0x08000d44       0x3e ./Core/Src/nrf24.o
                0x08000d44                nRF24_SetPowerMode
 .text.nRF24_SetOperationalMode
                0x08000d82       0x42 ./Core/Src/nrf24.o
                0x08000d82                nRF24_SetOperationalMode
 .text.nRF24_SetCRCScheme
                0x08000dc4       0x42 ./Core/Src/nrf24.o
                0x08000dc4                nRF24_SetCRCScheme
 .text.nRF24_SetRFChannel
                0x08000e06       0x1c ./Core/Src/nrf24.o
                0x08000e06                nRF24_SetRFChannel
 .text.nRF24_SetAddrWidth
                0x08000e22       0x20 ./Core/Src/nrf24.o
                0x08000e22                nRF24_SetAddrWidth
 *fill*         0x08000e42        0x2 
 .text.nRF24_SetAddr
                0x08000e44       0x94 ./Core/Src/nrf24.o
                0x08000e44                nRF24_SetAddr
 .text.nRF24_SetTXPower
                0x08000ed8       0x36 ./Core/Src/nrf24.o
                0x08000ed8                nRF24_SetTXPower
 .text.nRF24_SetDataRate
                0x08000f0e       0x36 ./Core/Src/nrf24.o
                0x08000f0e                nRF24_SetDataRate
 .text.nRF24_SetRXPipe
                0x08000f44       0xa8 ./Core/Src/nrf24.o
                0x08000f44                nRF24_SetRXPipe
 .text.nRF24_DisableAA
                0x08000fec       0x4e ./Core/Src/nrf24.o
                0x08000fec                nRF24_DisableAA
 .text.nRF24_GetStatus
                0x0800103a       0x10 ./Core/Src/nrf24.o
                0x0800103a                nRF24_GetStatus
 .text.nRF24_GetStatus_RXFIFO
                0x0800104a       0x16 ./Core/Src/nrf24.o
                0x0800104a                nRF24_GetStatus_RXFIFO
 .text.nRF24_FlushTX
                0x08001060       0x10 ./Core/Src/nrf24.o
                0x08001060                nRF24_FlushTX
 .text.nRF24_FlushRX
                0x08001070       0x10 ./Core/Src/nrf24.o
                0x08001070                nRF24_FlushRX
 .text.nRF24_ClearIRQFlags
                0x08001080       0x2a ./Core/Src/nrf24.o
                0x08001080                nRF24_ClearIRQFlags
 .text.nRF24_WritePayload
                0x080010aa       0x20 ./Core/Src/nrf24.o
                0x080010aa                nRF24_WritePayload
 .text.nRF24_GetRxDplPayloadWidth
                0x080010ca       0x28 ./Core/Src/nrf24.o
 *fill*         0x080010f2        0x2 
 .text.nRF24_ReadPayloadGeneric
                0x080010f4       0x90 ./Core/Src/nrf24.o
 .text.nRF24_ReadPayload
                0x08001184       0x1e ./Core/Src/nrf24.o
                0x08001184                nRF24_ReadPayload
 *fill*         0x080011a2        0x2 
 .text.nRF24_CE_L
                0x080011a4       0x18 ./Core/Src/radio.o
 .text.nRF24_CE_H
                0x080011bc       0x18 ./Core/Src/radio.o
 .text.UART_SendChar
                0x080011d4       0x1c ./Core/Src/radio.o
                0x080011d4                UART_SendChar
 .text.UART_SendStr
                0x080011f0       0x18 ./Core/Src/radio.o
                0x080011f0                UART_SendStr
 .text.Toggle_LED
                0x08001208       0x24 ./Core/Src/radio.o
                0x08001208                Toggle_LED
 .text.UART_SendBufHex
                0x0800122c       0x5c ./Core/Src/radio.o
                0x0800122c                UART_SendBufHex
 .text.UART_SendHex8
                0x08001288       0x3c ./Core/Src/radio.o
                0x08001288                UART_SendHex8
 .text.UART_SendInt
                0x080012c4       0x94 ./Core/Src/radio.o
                0x080012c4                UART_SendInt
 .text.nRF24_TransmitPacket
                0x08001358       0xa0 ./Core/Src/radio.o
                0x08001358                nRF24_TransmitPacket
 .text.send_payload
                0x080013f8       0xb4 ./Core/Src/radio.o
                0x080013f8                send_payload
 .text.ecretage_joy_x
                0x080014ac      0x128 ./Core/Src/radio.o
                0x080014ac                ecretage_joy_x
 .text.ecretage_joy_y
                0x080015d4      0x126 ./Core/Src/radio.o
                0x080015d4                ecretage_joy_y
 .text.ecretage_slide
                0x080016fa       0x62 ./Core/Src/radio.o
                0x080016fa                ecretage_slide
 .text.sendCommande
                0x0800175c      0x124 ./Core/Src/radio.o
                0x0800175c                sendCommande
 .text.channel  0x08001880      0x128 ./Core/Src/radio.o
                0x08001880                channel
 .text.runRadio
                0x080019a8      0x16c ./Core/Src/radio.o
                0x080019a8                runRadio
 .text.HAL_MspInit
                0x08001b14       0x58 ./Core/Src/stm32f4xx_hal_msp.o
                0x08001b14                HAL_MspInit
 .text.HAL_ADC_MspInit
                0x08001b6c      0x100 ./Core/Src/stm32f4xx_hal_msp.o
                0x08001b6c                HAL_ADC_MspInit
 .text.HAL_I2C_MspInit
                0x08001c6c       0x90 ./Core/Src/stm32f4xx_hal_msp.o
                0x08001c6c                HAL_I2C_MspInit
 .text.HAL_SPI_MspInit
                0x08001cfc       0x90 ./Core/Src/stm32f4xx_hal_msp.o
                0x08001cfc                HAL_SPI_MspInit
 .text.HAL_InitTick
                0x08001d8c       0xf8 ./Core/Src/stm32f4xx_hal_timebase_tim.o
                0x08001d8c                HAL_InitTick
 .text.NMI_Handler
                0x08001e84        0x8 ./Core/Src/stm32f4xx_it.o
                0x08001e84                NMI_Handler
 .text.HardFault_Handler
                0x08001e8c        0x8 ./Core/Src/stm32f4xx_it.o
                0x08001e8c                HardFault_Handler
 .text.MemManage_Handler
                0x08001e94        0x8 ./Core/Src/stm32f4xx_it.o
                0x08001e94                MemManage_Handler
 .text.BusFault_Handler
                0x08001e9c        0x8 ./Core/Src/stm32f4xx_it.o
                0x08001e9c                BusFault_Handler
 .text.UsageFault_Handler
                0x08001ea4        0x8 ./Core/Src/stm32f4xx_it.o
                0x08001ea4                UsageFault_Handler
 .text.DebugMon_Handler
                0x08001eac        0xe ./Core/Src/stm32f4xx_it.o
                0x08001eac                DebugMon_Handler
 *fill*         0x08001eba        0x2 
 .text.ADC_IRQHandler
                0x08001ebc       0x14 ./Core/Src/stm32f4xx_it.o
                0x08001ebc                ADC_IRQHandler
 .text.TIM2_IRQHandler
                0x08001ed0       0x14 ./Core/Src/stm32f4xx_it.o
                0x08001ed0                TIM2_IRQHandler
 .text.DMA2_Stream0_IRQHandler
                0x08001ee4       0x14 ./Core/Src/stm32f4xx_it.o
                0x08001ee4                DMA2_Stream0_IRQHandler
 .text.OTG_FS_IRQHandler
                0x08001ef8       0x14 ./Core/Src/stm32f4xx_it.o
                0x08001ef8                OTG_FS_IRQHandler
 .text.SystemInit
                0x08001f0c       0x24 ./Core/Src/system_stm32f4xx.o
                0x08001f0c                SystemInit
 .text.Reset_Handler
                0x08001f30       0x50 ./Core/Startup/startup_stm32f411ceux.o
                0x08001f30                Reset_Handler
 .text.Default_Handler
                0x08001f80        0x2 ./Core/Startup/startup_stm32f411ceux.o
                0x08001f80                RTC_Alarm_IRQHandler
                0x08001f80                EXTI2_IRQHandler
                0x08001f80                SPI4_IRQHandler
                0x08001f80                TIM1_CC_IRQHandler
                0x08001f80                DMA2_Stream5_IRQHandler
                0x08001f80                DMA1_Stream5_IRQHandler
                0x08001f80                PVD_IRQHandler
                0x08001f80                SDIO_IRQHandler
                0x08001f80                TAMP_STAMP_IRQHandler
                0x08001f80                EXTI3_IRQHandler
                0x08001f80                TIM1_UP_TIM10_IRQHandler
                0x08001f80                I2C3_ER_IRQHandler
                0x08001f80                EXTI0_IRQHandler
                0x08001f80                I2C2_EV_IRQHandler
                0x08001f80                DMA1_Stream2_IRQHandler
                0x08001f80                FPU_IRQHandler
                0x08001f80                DMA2_Stream2_IRQHandler
                0x08001f80                SPI1_IRQHandler
                0x08001f80                TIM1_BRK_TIM9_IRQHandler
                0x08001f80                DMA2_Stream3_IRQHandler
                0x08001f80                USART6_IRQHandler
                0x08001f80                TIM4_IRQHandler
                0x08001f80                I2C1_EV_IRQHandler
                0x08001f80                DMA1_Stream6_IRQHandler
                0x08001f80                DMA1_Stream1_IRQHandler
                0x08001f80                TIM3_IRQHandler
                0x08001f80                RCC_IRQHandler
                0x08001f80                Default_Handler
                0x08001f80                EXTI15_10_IRQHandler
                0x08001f80                DMA1_Stream7_IRQHandler
                0x08001f80                SPI5_IRQHandler
                0x08001f80                TIM5_IRQHandler
                0x08001f80                DMA2_Stream7_IRQHandler
                0x08001f80                I2C3_EV_IRQHandler
                0x08001f80                EXTI9_5_IRQHandler
                0x08001f80                RTC_WKUP_IRQHandler
                0x08001f80                SPI2_IRQHandler
                0x08001f80                DMA1_Stream0_IRQHandler
                0x08001f80                EXTI4_IRQHandler
                0x08001f80                WWDG_IRQHandler
                0x08001f80                OTG_FS_WKUP_IRQHandler
                0x08001f80                TIM1_TRG_COM_TIM11_IRQHandler
                0x08001f80                EXTI1_IRQHandler
                0x08001f80                USART2_IRQHandler
                0x08001f80                I2C2_ER_IRQHandler
                0x08001f80                DMA2_Stream1_IRQHandler
                0x08001f80                FLASH_IRQHandler
                0x08001f80                DMA2_Stream4_IRQHandler
                0x08001f80                USART1_IRQHandler
                0x08001f80                SPI3_IRQHandler
                0x08001f80                DMA1_Stream4_IRQHandler
                0x08001f80                I2C1_ER_IRQHandler
                0x08001f80                DMA2_Stream6_IRQHandler
                0x08001f80                DMA1_Stream3_IRQHandler
 *fill*         0x08001f82        0x2 
 .text.HAL_Init
                0x08001f84       0x44 ./Drivers/STM32F4xx_HAL_Driver/Src/stm32f4xx_hal.o
                0x08001f84                HAL_Init
 .text.HAL_IncTick
                0x08001fc8       0x28 ./Drivers/STM32F4xx_HAL_Driver/Src/stm32f4xx_hal.o
                0x08001fc8                HAL_IncTick
 .text.HAL_GetTick
                0x08001ff0       0x18 ./Drivers/STM32F4xx_HAL_Driver/Src/stm32f4xx_hal.o
                0x08001ff0                HAL_GetTick
 .text.HAL_Delay
                0x08002008       0x48 ./Drivers/STM32F4xx_HAL_Driver/Src/stm32f4xx_hal.o
                0x08002008                HAL_Delay
 .text.HAL_ADC_Init
                0x08002050       0x86 ./Drivers/STM32F4xx_HAL_Driver/Src/stm32f4xx_hal_adc.o
                0x08002050                HAL_ADC_Init
 .text.HAL_ADC_IRQHandler
                0x080020d6      0x220 ./Drivers/STM32F4xx_HAL_Driver/Src/stm32f4xx_hal_adc.o
                0x080020d6                HAL_ADC_IRQHandler
 *fill*         0x080022f6        0x2 
 .text.HAL_ADC_Start_DMA
                0x080022f8      0x1e8 ./Drivers/STM32F4xx_HAL_Driver/Src/stm32f4xx_hal_adc.o
                0x080022f8                HAL_ADC_Start_DMA
 .text.HAL_ADC_ConvCpltCallback
                0x080024e0       0x14 ./Drivers/STM32F4xx_HAL_Driver/Src/stm32f4xx_hal_adc.o
                0x080024e0                HAL_ADC_ConvCpltCallback
 .text.HAL_ADC_ConvHalfCpltCallback
                0x080024f4       0x14 ./Drivers/STM32F4xx_HAL_Driver/Src/stm32f4xx_hal_adc.o
                0x080024f4                HAL_ADC_ConvHalfCpltCallback
 .text.HAL_ADC_LevelOutOfWindowCallback
                0x08002508       0x14 ./Drivers/STM32F4xx_HAL_Driver/Src/stm32f4xx_hal_adc.o
                0x08002508                HAL_ADC_LevelOutOfWindowCallback
 .text.HAL_ADC_ErrorCallback
                0x0800251c       0x14 ./Drivers/STM32F4xx_HAL_Driver/Src/stm32f4xx_hal_adc.o
                0x0800251c                HAL_ADC_ErrorCallback
 .text.HAL_ADC_ConfigChannel
                0x08002530      0x264 ./Drivers/STM32F4xx_HAL_Driver/Src/stm32f4xx_hal_adc.o
                0x08002530                HAL_ADC_ConfigChannel
 .text.ADC_Init
                0x08002794      0x1f8 ./Drivers/STM32F4xx_HAL_Driver/Src/stm32f4xx_hal_adc.o
 .text.ADC_DMAConvCplt
                0x0800298c       0xba ./Drivers/STM32F4xx_HAL_Driver/Src/stm32f4xx_hal_adc.o
 .text.ADC_DMAHalfConvCplt
                0x08002a46       0x1c ./Drivers/STM32F4xx_HAL_Driver/Src/stm32f4xx_hal_adc.o
 .text.ADC_DMAError
                0x08002a62       0x2e ./Drivers/STM32F4xx_HAL_Driver/Src/stm32f4xx_hal_adc.o
 .text.HAL_ADCEx_InjectedConvCpltCallback
                0x08002a90       0x14 ./Drivers/STM32F4xx_HAL_Driver/Src/stm32f4xx_hal_adc_ex.o
                0x08002a90                HAL_ADCEx_InjectedConvCpltCallback
 .text.__NVIC_SetPriorityGrouping
                0x08002aa4       0x48 ./Drivers/STM32F4xx_HAL_Driver/Src/stm32f4xx_hal_cortex.o
 .text.__NVIC_GetPriorityGrouping
                0x08002aec       0x1c ./Drivers/STM32F4xx_HAL_Driver/Src/stm32f4xx_hal_cortex.o
 .text.__NVIC_EnableIRQ
                0x08002b08       0x3c ./Drivers/STM32F4xx_HAL_Driver/Src/stm32f4xx_hal_cortex.o
 .text.__NVIC_SetPriority
                0x08002b44       0x54 ./Drivers/STM32F4xx_HAL_Driver/Src/stm32f4xx_hal_cortex.o
 .text.NVIC_EncodePriority
                0x08002b98       0x66 ./Drivers/STM32F4xx_HAL_Driver/Src/stm32f4xx_hal_cortex.o
 .text.HAL_NVIC_SetPriorityGrouping
                0x08002bfe       0x16 ./Drivers/STM32F4xx_HAL_Driver/Src/stm32f4xx_hal_cortex.o
                0x08002bfe                HAL_NVIC_SetPriorityGrouping
 .text.HAL_NVIC_SetPriority
                0x08002c14       0x38 ./Drivers/STM32F4xx_HAL_Driver/Src/stm32f4xx_hal_cortex.o
                0x08002c14                HAL_NVIC_SetPriority
 .text.HAL_NVIC_EnableIRQ
                0x08002c4c       0x1c ./Drivers/STM32F4xx_HAL_Driver/Src/stm32f4xx_hal_cortex.o
                0x08002c4c                HAL_NVIC_EnableIRQ
 .text.HAL_DMA_Init
                0x08002c68      0x15c ./Drivers/STM32F4xx_HAL_Driver/Src/stm32f4xx_hal_dma.o
                0x08002c68                HAL_DMA_Init
 .text.HAL_DMA_Start_IT
                0x08002dc4       0xb0 ./Drivers/STM32F4xx_HAL_Driver/Src/stm32f4xx_hal_dma.o
                0x08002dc4                HAL_DMA_Start_IT
 .text.HAL_DMA_IRQHandler
                0x08002e74      0x314 ./Drivers/STM32F4xx_HAL_Driver/Src/stm32f4xx_hal_dma.o
                0x08002e74                HAL_DMA_IRQHandler
 .text.DMA_SetConfig
                0x08003188       0x5c ./Drivers/STM32F4xx_HAL_Driver/Src/stm32f4xx_hal_dma.o
 .text.DMA_CalcBaseAndBitshift
                0x080031e4       0x6c ./Drivers/STM32F4xx_HAL_Driver/Src/stm32f4xx_hal_dma.o
 .text.DMA_CheckFifoParam
                0x08003250       0xf8 ./Drivers/STM32F4xx_HAL_Driver/Src/stm32f4xx_hal_dma.o
 .text.HAL_GPIO_Init
                0x08003348      0x308 ./Drivers/STM32F4xx_HAL_Driver/Src/stm32f4xx_hal_gpio.o
                0x08003348                HAL_GPIO_Init
 .text.HAL_GPIO_ReadPin
                0x08003650       0x30 ./Drivers/STM32F4xx_HAL_Driver/Src/stm32f4xx_hal_gpio.o
                0x08003650                HAL_GPIO_ReadPin
 .text.HAL_GPIO_WritePin
                0x08003680       0x32 ./Drivers/STM32F4xx_HAL_Driver/Src/stm32f4xx_hal_gpio.o
                0x08003680                HAL_GPIO_WritePin
 .text.HAL_GPIO_TogglePin
                0x080036b2       0x34 ./Drivers/STM32F4xx_HAL_Driver/Src/stm32f4xx_hal_gpio.o
                0x080036b2                HAL_GPIO_TogglePin
 *fill*         0x080036e6        0x2 
 .text.HAL_I2C_Init
                0x080036e8      0x288 ./Drivers/STM32F4xx_HAL_Driver/Src/stm32f4xx_hal_i2c.o
                0x080036e8                HAL_I2C_Init
 .text.HAL_PCD_Init
                0x08003970      0x21e ./Drivers/STM32F4xx_HAL_Driver/Src/stm32f4xx_hal_pcd.o
                0x08003970                HAL_PCD_Init
 .text.HAL_PCD_Start
                0x08003b8e       0x6a ./Drivers/STM32F4xx_HAL_Driver/Src/stm32f4xx_hal_pcd.o
                0x08003b8e                HAL_PCD_Start
 .text.HAL_PCD_IRQHandler
                0x08003bf8      0x942 ./Drivers/STM32F4xx_HAL_Driver/Src/stm32f4xx_hal_pcd.o
                0x08003bf8                HAL_PCD_IRQHandler
 .text.HAL_PCD_SetAddress
                0x0800453a       0x48 ./Drivers/STM32F4xx_HAL_Driver/Src/stm32f4xx_hal_pcd.o
                0x0800453a                HAL_PCD_SetAddress
 .text.HAL_PCD_EP_Open
                0x08004582       0xd4 ./Drivers/STM32F4xx_HAL_Driver/Src/stm32f4xx_hal_pcd.o
                0x08004582                HAL_PCD_EP_Open
 .text.HAL_PCD_EP_Close
                0x08004656       0x94 ./Drivers/STM32F4xx_HAL_Driver/Src/stm32f4xx_hal_pcd.o
                0x08004656                HAL_PCD_EP_Close
 .text.HAL_PCD_EP_Receive
                0x080046ea       0x76 ./Drivers/STM32F4xx_HAL_Driver/Src/stm32f4xx_hal_pcd.o
                0x080046ea                HAL_PCD_EP_Receive
 .text.HAL_PCD_EP_GetRxCount
                0x08004760       0x30 ./Drivers/STM32F4xx_HAL_Driver/Src/stm32f4xx_hal_pcd.o
                0x08004760                HAL_PCD_EP_GetRxCount
 .text.HAL_PCD_EP_Transmit
                0x08004790       0x74 ./Drivers/STM32F4xx_HAL_Driver/Src/stm32f4xx_hal_pcd.o
                0x08004790                HAL_PCD_EP_Transmit
 .text.HAL_PCD_EP_SetStall
                0x08004804       0xc6 ./Drivers/STM32F4xx_HAL_Driver/Src/stm32f4xx_hal_pcd.o
                0x08004804                HAL_PCD_EP_SetStall
 .text.HAL_PCD_EP_ClrStall
                0x080048ca       0xac ./Drivers/STM32F4xx_HAL_Driver/Src/stm32f4xx_hal_pcd.o
                0x080048ca                HAL_PCD_EP_ClrStall
 .text.HAL_PCD_EP_Abort
                0x08004976       0x62 ./Drivers/STM32F4xx_HAL_Driver/Src/stm32f4xx_hal_pcd.o
                0x08004976                HAL_PCD_EP_Abort
 .text.PCD_WriteEmptyTxFifo
                0x080049d8      0x118 ./Drivers/STM32F4xx_HAL_Driver/Src/stm32f4xx_hal_pcd.o
 .text.PCD_EP_OutXfrComplete_int
                0x08004af0      0x1d0 ./Drivers/STM32F4xx_HAL_Driver/Src/stm32f4xx_hal_pcd.o
 .text.PCD_EP_OutSetupPacket_int
                0x08004cc0       0x8c ./Drivers/STM32F4xx_HAL_Driver/Src/stm32f4xx_hal_pcd.o
 .text.HAL_PCDEx_SetTxFiFo
                0x08004d4c       0x8e ./Drivers/STM32F4xx_HAL_Driver/Src/stm32f4xx_hal_pcd_ex.o
                0x08004d4c                HAL_PCDEx_SetTxFiFo
 .text.HAL_PCDEx_SetRxFiFo
                0x08004dda       0x22 ./Drivers/STM32F4xx_HAL_Driver/Src/stm32f4xx_hal_pcd_ex.o
                0x08004dda                HAL_PCDEx_SetRxFiFo
 .text.HAL_PCDEx_LPM_Callback
                0x08004dfc       0x18 ./Drivers/STM32F4xx_HAL_Driver/Src/stm32f4xx_hal_pcd_ex.o
                0x08004dfc                HAL_PCDEx_LPM_Callback
 .text.HAL_RCC_OscConfig
                0x08004e14      0x4f0 ./Drivers/STM32F4xx_HAL_Driver/Src/stm32f4xx_hal_rcc.o
                0x08004e14                HAL_RCC_OscConfig
 .text.HAL_RCC_ClockConfig
                0x08005304      0x1cc ./Drivers/STM32F4xx_HAL_Driver/Src/stm32f4xx_hal_rcc.o
                0x08005304                HAL_RCC_ClockConfig
 .text.HAL_RCC_GetSysClockFreq
                0x080054d0      0x18c ./Drivers/STM32F4xx_HAL_Driver/Src/stm32f4xx_hal_rcc.o
                0x080054d0                HAL_RCC_GetSysClockFreq
 .text.HAL_RCC_GetHCLKFreq
                0x0800565c       0x18 ./Drivers/STM32F4xx_HAL_Driver/Src/stm32f4xx_hal_rcc.o
                0x0800565c                HAL_RCC_GetHCLKFreq
 .text.HAL_RCC_GetPCLK1Freq
                0x08005674       0x28 ./Drivers/STM32F4xx_HAL_Driver/Src/stm32f4xx_hal_rcc.o
                0x08005674                HAL_RCC_GetPCLK1Freq
 .text.HAL_RCC_GetClockConfig
                0x0800569c       0x64 ./Drivers/STM32F4xx_HAL_Driver/Src/stm32f4xx_hal_rcc.o
                0x0800569c                HAL_RCC_GetClockConfig
 .text.HAL_SPI_Init
                0x08005700      0x112 ./Drivers/STM32F4xx_HAL_Driver/Src/stm32f4xx_hal_spi.o
                0x08005700                HAL_SPI_Init
 .text.HAL_SPI_TransmitReceive
                0x08005812      0x352 ./Drivers/STM32F4xx_HAL_Driver/Src/stm32f4xx_hal_spi.o
                0x08005812                HAL_SPI_TransmitReceive
 .text.SPI_WaitFlagStateUntilTimeout
                0x08005b64      0x110 ./Drivers/STM32F4xx_HAL_Driver/Src/stm32f4xx_hal_spi.o
 .text.SPI_EndRxTxTransaction
                0x08005c74       0xa8 ./Drivers/STM32F4xx_HAL_Driver/Src/stm32f4xx_hal_spi.o
 .text.HAL_TIM_Base_Init
                0x08005d1c       0x9e ./Drivers/STM32F4xx_HAL_Driver/Src/stm32f4xx_hal_tim.o
                0x08005d1c                HAL_TIM_Base_Init
 .text.HAL_TIM_Base_MspInit
                0x08005dba       0x14 ./Drivers/STM32F4xx_HAL_Driver/Src/stm32f4xx_hal_tim.o
                0x08005dba                HAL_TIM_Base_MspInit
 *fill*         0x08005dce        0x2 
 .text.HAL_TIM_Base_Start_IT
                0x08005dd0       0xc4 ./Drivers/STM32F4xx_HAL_Driver/Src/stm32f4xx_hal_tim.o
                0x08005dd0                HAL_TIM_Base_Start_IT
 .text.HAL_TIM_IRQHandler
                0x08005e94      0x1e0 ./Drivers/STM32F4xx_HAL_Driver/Src/stm32f4xx_hal_tim.o
                0x08005e94                HAL_TIM_IRQHandler
 .text.HAL_TIM_OC_DelayElapsedCallback
                0x08006074       0x14 ./Drivers/STM32F4xx_HAL_Driver/Src/stm32f4xx_hal_tim.o
                0x08006074                HAL_TIM_OC_DelayElapsedCallback
 .text.HAL_TIM_IC_CaptureCallback
                0x08006088       0x14 ./Drivers/STM32F4xx_HAL_Driver/Src/stm32f4xx_hal_tim.o
                0x08006088                HAL_TIM_IC_CaptureCallback
 .text.HAL_TIM_PWM_PulseFinishedCallback
                0x0800609c       0x14 ./Drivers/STM32F4xx_HAL_Driver/Src/stm32f4xx_hal_tim.o
                0x0800609c                HAL_TIM_PWM_PulseFinishedCallback
 .text.HAL_TIM_TriggerCallback
                0x080060b0       0x14 ./Drivers/STM32F4xx_HAL_Driver/Src/stm32f4xx_hal_tim.o
                0x080060b0                HAL_TIM_TriggerCallback
 .text.TIM_Base_SetConfig
                0x080060c4      0x10c ./Drivers/STM32F4xx_HAL_Driver/Src/stm32f4xx_hal_tim.o
                0x080060c4                TIM_Base_SetConfig
 .text.HAL_TIMEx_CommutCallback
                0x080061d0       0x14 ./Drivers/STM32F4xx_HAL_Driver/Src/stm32f4xx_hal_tim_ex.o
                0x080061d0                HAL_TIMEx_CommutCallback
 .text.HAL_TIMEx_BreakCallback
                0x080061e4       0x14 ./Drivers/STM32F4xx_HAL_Driver/Src/stm32f4xx_hal_tim_ex.o
                0x080061e4                HAL_TIMEx_BreakCallback
 .text.USB_CoreInit
                0x080061f8       0xc8 ./Drivers/STM32F4xx_HAL_Driver/Src/stm32f4xx_ll_usb.o
                0x080061f8                USB_CoreInit
 .text.USB_SetTurnaroundTime
                0x080062c0      0x144 ./Drivers/STM32F4xx_HAL_Driver/Src/stm32f4xx_ll_usb.o
                0x080062c0                USB_SetTurnaroundTime
 .text.USB_EnableGlobalInt
                0x08006404       0x22 ./Drivers/STM32F4xx_HAL_Driver/Src/stm32f4xx_ll_usb.o
                0x08006404                USB_EnableGlobalInt
 .text.USB_DisableGlobalInt
                0x08006426       0x22 ./Drivers/STM32F4xx_HAL_Driver/Src/stm32f4xx_ll_usb.o
                0x08006426                USB_DisableGlobalInt
 .text.USB_SetCurrentMode
                0x08006448       0x98 ./Drivers/STM32F4xx_HAL_Driver/Src/stm32f4xx_ll_usb.o
                0x08006448                USB_SetCurrentMode
 .text.USB_DevInit
                0x080064e0      0x2c8 ./Drivers/STM32F4xx_HAL_Driver/Src/stm32f4xx_ll_usb.o
                0x080064e0                USB_DevInit
 .text.USB_FlushTxFifo
                0x080067a8       0x64 ./Drivers/STM32F4xx_HAL_Driver/Src/stm32f4xx_ll_usb.o
                0x080067a8                USB_FlushTxFifo
 .text.USB_FlushRxFifo
                0x0800680c       0x5c ./Drivers/STM32F4xx_HAL_Driver/Src/stm32f4xx_ll_usb.o
                0x0800680c                USB_FlushRxFifo
 .text.USB_SetDevSpeed
                0x08006868       0x32 ./Drivers/STM32F4xx_HAL_Driver/Src/stm32f4xx_ll_usb.o
                0x08006868                USB_SetDevSpeed
 .text.USB_GetDevSpeed
                0x0800689a       0x4a ./Drivers/STM32F4xx_HAL_Driver/Src/stm32f4xx_ll_usb.o
                0x0800689a                USB_GetDevSpeed
 .text.USB_ActivateEndpoint
                0x080068e4      0x10e ./Drivers/STM32F4xx_HAL_Driver/Src/stm32f4xx_ll_usb.o
                0x080068e4                USB_ActivateEndpoint
 *fill*         0x080069f2        0x2 
 .text.USB_DeactivateEndpoint
                0x080069f4      0x1b8 ./Drivers/STM32F4xx_HAL_Driver/Src/stm32f4xx_ll_usb.o
                0x080069f4                USB_DeactivateEndpoint
 .text.USB_EPStartXfer
                0x08006bac      0x53c ./Drivers/STM32F4xx_HAL_Driver/Src/stm32f4xx_ll_usb.o
                0x08006bac                USB_EPStartXfer
 .text.USB_EPStopXfer
                0x080070e8      0x154 ./Drivers/STM32F4xx_HAL_Driver/Src/stm32f4xx_ll_usb.o
                0x080070e8                USB_EPStopXfer
 .text.USB_WritePacket
                0x0800723c       0x7c ./Drivers/STM32F4xx_HAL_Driver/Src/stm32f4xx_ll_usb.o
                0x0800723c                USB_WritePacket
 .text.USB_ReadPacket
                0x080072b8       0xb0 ./Drivers/STM32F4xx_HAL_Driver/Src/stm32f4xx_ll_usb.o
                0x080072b8                USB_ReadPacket
 .text.USB_EPSetStall
                0x08007368       0xdc ./Drivers/STM32F4xx_HAL_Driver/Src/stm32f4xx_ll_usb.o
                0x08007368                USB_EPSetStall
 .text.USB_EPClearStall
                0x08007444       0xcc ./Drivers/STM32F4xx_HAL_Driver/Src/stm32f4xx_ll_usb.o
                0x08007444                USB_EPClearStall
 .text.USB_SetDevAddress
                0x08007510       0x4c ./Drivers/STM32F4xx_HAL_Driver/Src/stm32f4xx_ll_usb.o
                0x08007510                USB_SetDevAddress
 .text.USB_DevConnect
                0x0800755c       0x42 ./Drivers/STM32F4xx_HAL_Driver/Src/stm32f4xx_ll_usb.o
                0x0800755c                USB_DevConnect
 .text.USB_DevDisconnect
                0x0800759e       0x42 ./Drivers/STM32F4xx_HAL_Driver/Src/stm32f4xx_ll_usb.o
                0x0800759e                USB_DevDisconnect
 .text.USB_ReadInterrupts
                0x080075e0       0x26 ./Drivers/STM32F4xx_HAL_Driver/Src/stm32f4xx_ll_usb.o
                0x080075e0                USB_ReadInterrupts
 .text.USB_ReadDevAllOutEpInterrupt
                0x08007606       0x34 ./Drivers/STM32F4xx_HAL_Driver/Src/stm32f4xx_ll_usb.o
                0x08007606                USB_ReadDevAllOutEpInterrupt
 .text.USB_ReadDevAllInEpInterrupt
                0x0800763a       0x34 ./Drivers/STM32F4xx_HAL_Driver/Src/stm32f4xx_ll_usb.o
                0x0800763a                USB_ReadDevAllInEpInterrupt
 .text.USB_ReadDevOutEPInterrupt
                0x0800766e       0x3c ./Drivers/STM32F4xx_HAL_Driver/Src/stm32f4xx_ll_usb.o
                0x0800766e                USB_ReadDevOutEPInterrupt
 .text.USB_ReadDevInEPInterrupt
                0x080076aa       0x5c ./Drivers/STM32F4xx_HAL_Driver/Src/stm32f4xx_ll_usb.o
                0x080076aa                USB_ReadDevInEPInterrupt
 .text.USB_GetMode
                0x08007706       0x1c ./Drivers/STM32F4xx_HAL_Driver/Src/stm32f4xx_ll_usb.o
                0x08007706                USB_GetMode
 .text.USB_ActivateSetup
                0x08007722       0x46 ./Drivers/STM32F4xx_HAL_Driver/Src/stm32f4xx_ll_usb.o
                0x08007722                USB_ActivateSetup
 .text.USB_EP0_OutStart
                0x08007768       0xbc ./Drivers/STM32F4xx_HAL_Driver/Src/stm32f4xx_ll_usb.o
                0x08007768                USB_EP0_OutStart
 .text.USB_CoreReset
                0x08007824       0x70 ./Drivers/STM32F4xx_HAL_Driver/Src/stm32f4xx_ll_usb.o
 .text.USBD_CDC_Init
                0x08007894      0x1f0 ./Middlewares/ST/STM32_USB_Device_Library/Class/CDC/Src/usbd_cdc.o
 .text.USBD_CDC_DeInit
                0x08007a84      0x104 ./Middlewares/ST/STM32_USB_Device_Library/Class/CDC/Src/usbd_cdc.o
 .text.USBD_CDC_Setup
                0x08007b88      0x1b8 ./Middlewares/ST/STM32_USB_Device_Library/Class/CDC/Src/usbd_cdc.o
 .text.USBD_CDC_DataIn
                0x08007d40       0xfe ./Middlewares/ST/STM32_USB_Device_Library/Class/CDC/Src/usbd_cdc.o
 .text.USBD_CDC_DataOut
                0x08007e3e       0x70 ./Middlewares/ST/STM32_USB_Device_Library/Class/CDC/Src/usbd_cdc.o
 .text.USBD_CDC_EP0_RxReady
                0x08007eae       0x74 ./Middlewares/ST/STM32_USB_Device_Library/Class/CDC/Src/usbd_cdc.o
 *fill*         0x08007f22        0x2 
 .text.USBD_CDC_GetFSCfgDesc
                0x08007f24       0x70 ./Middlewares/ST/STM32_USB_Device_Library/Class/CDC/Src/usbd_cdc.o
 .text.USBD_CDC_GetHSCfgDesc
                0x08007f94       0x70 ./Middlewares/ST/STM32_USB_Device_Library/Class/CDC/Src/usbd_cdc.o
 .text.USBD_CDC_GetOtherSpeedCfgDesc
                0x08008004       0x70 ./Middlewares/ST/STM32_USB_Device_Library/Class/CDC/Src/usbd_cdc.o
 .text.USBD_CDC_GetDeviceQualifierDescriptor
                0x08008074       0x20 ./Middlewares/ST/STM32_USB_Device_Library/Class/CDC/Src/usbd_cdc.o
                0x08008074                USBD_CDC_GetDeviceQualifierDescriptor
 .text.USBD_CDC_RegisterInterface
                0x08008094       0x34 ./Middlewares/ST/STM32_USB_Device_Library/Class/CDC/Src/usbd_cdc.o
                0x08008094                USBD_CDC_RegisterInterface
 .text.USBD_CDC_SetTxBuffer
                0x080080c8       0x44 ./Middlewares/ST/STM32_USB_Device_Library/Class/CDC/Src/usbd_cdc.o
                0x080080c8                USBD_CDC_SetTxBuffer
 .text.USBD_CDC_SetRxBuffer
                0x0800810c       0x3a ./Middlewares/ST/STM32_USB_Device_Library/Class/CDC/Src/usbd_cdc.o
                0x0800810c                USBD_CDC_SetRxBuffer
 *fill*         0x08008146        0x2 
 .text.USBD_CDC_TransmitPacket
                0x08008148       0x80 ./Middlewares/ST/STM32_USB_Device_Library/Class/CDC/Src/usbd_cdc.o
                0x08008148                USBD_CDC_TransmitPacket
 .text.USBD_CDC_ReceivePacket
                0x080081c8       0x6c ./Middlewares/ST/STM32_USB_Device_Library/Class/CDC/Src/usbd_cdc.o
                0x080081c8                USBD_CDC_ReceivePacket
 .text.USBD_Init
                0x08008234       0x60 ./Middlewares/ST/STM32_USB_Device_Library/Core/Src/usbd_core.o
                0x08008234                USBD_Init
 .text.USBD_RegisterClass
                0x08008294       0x6c ./Middlewares/ST/STM32_USB_Device_Library/Core/Src/usbd_core.o
                0x08008294                USBD_RegisterClass
 .text.USBD_Start
                0x08008300       0x18 ./Middlewares/ST/STM32_USB_Device_Library/Core/Src/usbd_core.o
                0x08008300                USBD_Start
 .text.USBD_RunTestMode
                0x08008318       0x16 ./Middlewares/ST/STM32_USB_Device_Library/Core/Src/usbd_core.o
                0x08008318                USBD_RunTestMode
 .text.USBD_SetClassConfig
                0x0800832e       0x38 ./Middlewares/ST/STM32_USB_Device_Library/Core/Src/usbd_core.o
                0x0800832e                USBD_SetClassConfig
 .text.USBD_ClrClassConfig
                0x08008366       0x34 ./Middlewares/ST/STM32_USB_Device_Library/Core/Src/usbd_core.o
                0x08008366                USBD_ClrClassConfig
 .text.USBD_LL_SetupStage
                0x0800839a       0xaa ./Middlewares/ST/STM32_USB_Device_Library/Core/Src/usbd_core.o
                0x0800839a                USBD_LL_SetupStage
 .text.USBD_LL_DataOutStage
                0x08008444      0x178 ./Middlewares/ST/STM32_USB_Device_Library/Core/Src/usbd_core.o
                0x08008444                USBD_LL_DataOutStage
 .text.USBD_LL_DataInStage
                0x080085bc      0x176 ./Middlewares/ST/STM32_USB_Device_Library/Core/Src/usbd_core.o
                0x080085bc                USBD_LL_DataInStage
 .text.USBD_LL_Reset
                0x08008732       0xa6 ./Middlewares/ST/STM32_USB_Device_Library/Core/Src/usbd_core.o
                0x08008732                USBD_LL_Reset
 .text.USBD_LL_SetSpeed
                0x080087d8       0x20 ./Middlewares/ST/STM32_USB_Device_Library/Core/Src/usbd_core.o
                0x080087d8                USBD_LL_SetSpeed
 .text.USBD_LL_Suspend
                0x080087f8       0x38 ./Middlewares/ST/STM32_USB_Device_Library/Core/Src/usbd_core.o
                0x080087f8                USBD_LL_Suspend
 .text.USBD_LL_Resume
                0x08008830       0x30 ./Middlewares/ST/STM32_USB_Device_Library/Core/Src/usbd_core.o
                0x08008830                USBD_LL_Resume
 .text.USBD_LL_SOF
                0x08008860       0x40 ./Middlewares/ST/STM32_USB_Device_Library/Core/Src/usbd_core.o
                0x08008860                USBD_LL_SOF
 .text.USBD_LL_IsoINIncomplete
                0x080088a0       0x64 ./Middlewares/ST/STM32_USB_Device_Library/Core/Src/usbd_core.o
                0x080088a0                USBD_LL_IsoINIncomplete
 .text.USBD_LL_IsoOUTIncomplete
                0x08008904       0x64 ./Middlewares/ST/STM32_USB_Device_Library/Core/Src/usbd_core.o
                0x08008904                USBD_LL_IsoOUTIncomplete
 .text.USBD_LL_DevConnected
                0x08008968       0x16 ./Middlewares/ST/STM32_USB_Device_Library/Core/Src/usbd_core.o
                0x08008968                USBD_LL_DevConnected
 .text.USBD_LL_DevDisconnected
                0x0800897e       0x46 ./Middlewares/ST/STM32_USB_Device_Library/Core/Src/usbd_core.o
                0x0800897e                USBD_LL_DevDisconnected
 .text.USBD_CoreFindIF
                0x080089c4       0x1a ./Middlewares/ST/STM32_USB_Device_Library/Core/Src/usbd_core.o
                0x080089c4                USBD_CoreFindIF
 .text.USBD_CoreFindEP
                0x080089de       0x1a ./Middlewares/ST/STM32_USB_Device_Library/Core/Src/usbd_core.o
                0x080089de                USBD_CoreFindEP
 .text.USBD_GetEpDesc
                0x080089f8       0x70 ./Middlewares/ST/STM32_USB_Device_Library/Core/Src/usbd_core.o
                0x080089f8                USBD_GetEpDesc
 .text.USBD_GetNextDesc
                0x08008a68       0x38 ./Middlewares/ST/STM32_USB_Device_Library/Core/Src/usbd_core.o
                0x08008a68                USBD_GetNextDesc
 .text.SWAPBYTE
                0x08008aa0       0x3e ./Middlewares/ST/STM32_USB_Device_Library/Core/Src/usbd_ctlreq.o
 *fill*         0x08008ade        0x2 
 .text.USBD_StdDevReq
                0x08008ae0       0xe4 ./Middlewares/ST/STM32_USB_Device_Library/Core/Src/usbd_ctlreq.o
                0x08008ae0                USBD_StdDevReq
 .text.USBD_StdItfReq
                0x08008bc4       0xd8 ./Middlewares/ST/STM32_USB_Device_Library/Core/Src/usbd_ctlreq.o
                0x08008bc4                USBD_StdItfReq
 .text.USBD_StdEPReq
                0x08008c9c      0x33e ./Middlewares/ST/STM32_USB_Device_Library/Core/Src/usbd_ctlreq.o
                0x08008c9c                USBD_StdEPReq
 *fill*         0x08008fda        0x2 
 .text.USBD_GetDescriptor
                0x08008fdc      0x2d4 ./Middlewares/ST/STM32_USB_Device_Library/Core/Src/usbd_ctlreq.o
 .text.USBD_SetAddress
                0x080092b0       0x88 ./Middlewares/ST/STM32_USB_Device_Library/Core/Src/usbd_ctlreq.o
 .text.USBD_SetConfig
                0x08009338      0x154 ./Middlewares/ST/STM32_USB_Device_Library/Core/Src/usbd_ctlreq.o
 .text.USBD_GetConfig
                0x0800948c       0x6c ./Middlewares/ST/STM32_USB_Device_Library/Core/Src/usbd_ctlreq.o
 .text.USBD_GetStatus
                0x080094f8       0x68 ./Middlewares/ST/STM32_USB_Device_Library/Core/Src/usbd_ctlreq.o
 .text.USBD_SetFeature
                0x08009560       0x52 ./Middlewares/ST/STM32_USB_Device_Library/Core/Src/usbd_ctlreq.o
 .text.USBD_ClrFeature
                0x080095b2       0x44 ./Middlewares/ST/STM32_USB_Device_Library/Core/Src/usbd_ctlreq.o
 .text.USBD_ParseSetupRequest
                0x080095f6       0x74 ./Middlewares/ST/STM32_USB_Device_Library/Core/Src/usbd_ctlreq.o
                0x080095f6                USBD_ParseSetupRequest
 .text.USBD_CtlError
                0x0800966a       0x22 ./Middlewares/ST/STM32_USB_Device_Library/Core/Src/usbd_ctlreq.o
                0x0800966a                USBD_CtlError
 .text.USBD_GetString
                0x0800968c       0xa4 ./Middlewares/ST/STM32_USB_Device_Library/Core/Src/usbd_ctlreq.o
                0x0800968c                USBD_GetString
 .text.USBD_GetLen
                0x08009730       0x34 ./Middlewares/ST/STM32_USB_Device_Library/Core/Src/usbd_ctlreq.o
 .text.USBD_CtlSendData
                0x08009764       0x3c ./Middlewares/ST/STM32_USB_Device_Library/Core/Src/usbd_ioreq.o
                0x08009764                USBD_CtlSendData
 .text.USBD_CtlContinueSendData
                0x080097a0       0x22 ./Middlewares/ST/STM32_USB_Device_Library/Core/Src/usbd_ioreq.o
                0x080097a0                USBD_CtlContinueSendData
 .text.USBD_CtlPrepareRx
                0x080097c2       0x42 ./Middlewares/ST/STM32_USB_Device_Library/Core/Src/usbd_ioreq.o
                0x080097c2                USBD_CtlPrepareRx
 .text.USBD_CtlContinueRx
                0x08009804       0x22 ./Middlewares/ST/STM32_USB_Device_Library/Core/Src/usbd_ioreq.o
                0x08009804                USBD_CtlContinueRx
 .text.USBD_CtlSendStatus
                0x08009826       0x26 ./Middlewares/ST/STM32_USB_Device_Library/Core/Src/usbd_ioreq.o
                0x08009826                USBD_CtlSendStatus
 .text.USBD_CtlReceiveStatus
                0x0800984c       0x26 ./Middlewares/ST/STM32_USB_Device_Library/Core/Src/usbd_ioreq.o
                0x0800984c                USBD_CtlReceiveStatus
 *fill*         0x08009872        0x2 
 .text.__NVIC_SetPriority
                0x08009874       0x54 ./Middlewares/Third_Party/FreeRTOS/Source/CMSIS_RTOS_V2/cmsis_os2.o
 .text.SysTick_Handler
                0x080098c8       0x20 ./Middlewares/Third_Party/FreeRTOS/Source/CMSIS_RTOS_V2/cmsis_os2.o
                0x080098c8                SysTick_Handler
 .text.SVC_Setup
                0x080098e8       0x12 ./Middlewares/Third_Party/FreeRTOS/Source/CMSIS_RTOS_V2/cmsis_os2.o
 *fill*         0x080098fa        0x2 
 .text.osKernelInitialize
                0x080098fc       0x48 ./Middlewares/Third_Party/FreeRTOS/Source/CMSIS_RTOS_V2/cmsis_os2.o
                0x080098fc                osKernelInitialize
 .text.osKernelStart
                0x08009944       0x4c ./Middlewares/Third_Party/FreeRTOS/Source/CMSIS_RTOS_V2/cmsis_os2.o
                0x08009944                osKernelStart
 .text.osThreadNew
                0x08009990      0x124 ./Middlewares/Third_Party/FreeRTOS/Source/CMSIS_RTOS_V2/cmsis_os2.o
                0x08009990                osThreadNew
 .text.osDelay  0x08009ab4       0x36 ./Middlewares/Third_Party/FreeRTOS/Source/CMSIS_RTOS_V2/cmsis_os2.o
                0x08009ab4                osDelay
 *fill*         0x08009aea        0x2 
 .text.vApplicationGetIdleTaskMemory
                0x08009aec       0x34 ./Middlewares/Third_Party/FreeRTOS/Source/CMSIS_RTOS_V2/cmsis_os2.o
                0x08009aec                vApplicationGetIdleTaskMemory
 .text.vApplicationGetTimerTaskMemory
                0x08009b20       0x34 ./Middlewares/Third_Party/FreeRTOS/Source/CMSIS_RTOS_V2/cmsis_os2.o
                0x08009b20                vApplicationGetTimerTaskMemory
 .text.vListInitialise
                0x08009b54       0x40 ./Middlewares/Third_Party/FreeRTOS/Source/list.o
                0x08009b54                vListInitialise
 .text.vListInitialiseItem
                0x08009b94       0x1a ./Middlewares/Third_Party/FreeRTOS/Source/list.o
                0x08009b94                vListInitialiseItem
 .text.vListInsertEnd
                0x08009bae       0x48 ./Middlewares/Third_Party/FreeRTOS/Source/list.o
                0x08009bae                vListInsertEnd
 .text.vListInsert
                0x08009bf6       0x72 ./Middlewares/Third_Party/FreeRTOS/Source/list.o
                0x08009bf6                vListInsert
 .text.uxListRemove
                0x08009c68       0x54 ./Middlewares/Third_Party/FreeRTOS/Source/list.o
                0x08009c68                uxListRemove
 .text.xQueueGenericReset
                0x08009cbc       0xd4 ./Middlewares/Third_Party/FreeRTOS/Source/queue.o
                0x08009cbc                xQueueGenericReset
 .text.xQueueGenericCreateStatic
                0x08009d90       0xfa ./Middlewares/Third_Party/FreeRTOS/Source/queue.o
                0x08009d90                xQueueGenericCreateStatic
 .text.prvInitialiseNewQueue
                0x08009e8a       0x46 ./Middlewares/Third_Party/FreeRTOS/Source/queue.o
 .text.xQueueGenericSend
                0x08009ed0      0x204 ./Middlewares/Third_Party/FreeRTOS/Source/queue.o
                0x08009ed0                xQueueGenericSend
 .text.xQueueGenericSendFromISR
                0x0800a0d4      0x13c ./Middlewares/Third_Party/FreeRTOS/Source/queue.o
                0x0800a0d4                xQueueGenericSendFromISR
 .text.xQueueReceive
                0x0800a210      0x1c4 ./Middlewares/Third_Party/FreeRTOS/Source/queue.o
                0x0800a210                xQueueReceive
 .text.prvCopyDataToQueue
                0x0800a3d4       0xd4 ./Middlewares/Third_Party/FreeRTOS/Source/queue.o
 .text.prvCopyDataFromQueue
                0x0800a4a8       0x4c ./Middlewares/Third_Party/FreeRTOS/Source/queue.o
 .text.prvUnlockQueue
                0x0800a4f4       0xa4 ./Middlewares/Third_Party/FreeRTOS/Source/queue.o
 .text.prvIsQueueEmpty
                0x0800a598       0x2c ./Middlewares/Third_Party/FreeRTOS/Source/queue.o
 .text.prvIsQueueFull
                0x0800a5c4       0x30 ./Middlewares/Third_Party/FreeRTOS/Source/queue.o
 .text.vQueueAddToRegistry
                0x0800a5f4       0x54 ./Middlewares/Third_Party/FreeRTOS/Source/queue.o
                0x0800a5f4                vQueueAddToRegistry
 .text.vQueueWaitForMessageRestricted
                0x0800a648       0x68 ./Middlewares/Third_Party/FreeRTOS/Source/queue.o
                0x0800a648                vQueueWaitForMessageRestricted
 .text.xTaskCreateStatic
                0x0800a6b0       0xc0 ./Middlewares/Third_Party/FreeRTOS/Source/tasks.o
                0x0800a6b0                xTaskCreateStatic
 .text.xTaskCreate
                0x0800a770       0x8a ./Middlewares/Third_Party/FreeRTOS/Source/tasks.o
                0x0800a770                xTaskCreate
 *fill*         0x0800a7fa        0x2 
 .text.prvInitialiseNewTask
                0x0800a7fc      0x150 ./Middlewares/Third_Party/FreeRTOS/Source/tasks.o
 .text.prvAddNewTaskToReadyList
                0x0800a94c       0xe0 ./Middlewares/Third_Party/FreeRTOS/Source/tasks.o
 .text.vTaskDelay
                0x0800aa2c       0x6c ./Middlewares/Third_Party/FreeRTOS/Source/tasks.o
                0x0800aa2c                vTaskDelay
 .text.vTaskStartScheduler
                0x0800aa98       0xe0 ./Middlewares/Third_Party/FreeRTOS/Source/tasks.o
                0x0800aa98                vTaskStartScheduler
 .text.vTaskSuspendAll
                0x0800ab78       0x1c ./Middlewares/Third_Party/FreeRTOS/Source/tasks.o
                0x0800ab78                vTaskSuspendAll
 .text.xTaskResumeAll
                0x0800ab94      0x13c ./Middlewares/Third_Party/FreeRTOS/Source/tasks.o
                0x0800ab94                xTaskResumeAll
 .text.xTaskGetTickCount
                0x0800acd0       0x20 ./Middlewares/Third_Party/FreeRTOS/Source/tasks.o
                0x0800acd0                xTaskGetTickCount
 .text.xTaskIncrementTick
                0x0800acf0      0x174 ./Middlewares/Third_Party/FreeRTOS/Source/tasks.o
                0x0800acf0                xTaskIncrementTick
 .text.vTaskSwitchContext
                0x0800ae64       0xcc ./Middlewares/Third_Party/FreeRTOS/Source/tasks.o
                0x0800ae64                vTaskSwitchContext
 .text.vTaskPlaceOnEventList
                0x0800af30       0x4c ./Middlewares/Third_Party/FreeRTOS/Source/tasks.o
                0x0800af30                vTaskPlaceOnEventList
 .text.vTaskPlaceOnEventListRestricted
                0x0800af7c       0x58 ./Middlewares/Third_Party/FreeRTOS/Source/tasks.o
                0x0800af7c                vTaskPlaceOnEventListRestricted
 .text.xTaskRemoveFromEventList
                0x0800afd4       0xc8 ./Middlewares/Third_Party/FreeRTOS/Source/tasks.o
                0x0800afd4                xTaskRemoveFromEventList
 .text.vTaskInternalSetTimeOutState
                0x0800b09c       0x2c ./Middlewares/Third_Party/FreeRTOS/Source/tasks.o
                0x0800b09c                vTaskInternalSetTimeOutState
 .text.xTaskCheckForTimeOut
                0x0800b0c8       0xc8 ./Middlewares/Third_Party/FreeRTOS/Source/tasks.o
                0x0800b0c8                xTaskCheckForTimeOut
 .text.vTaskMissedYield
                0x0800b190       0x18 ./Middlewares/Third_Party/FreeRTOS/Source/tasks.o
                0x0800b190                vTaskMissedYield
 .text.prvIdleTask
                0x0800b1a8       0x30 ./Middlewares/Third_Party/FreeRTOS/Source/tasks.o
 .text.prvInitialiseTaskLists
                0x0800b1d8       0x80 ./Middlewares/Third_Party/FreeRTOS/Source/tasks.o
 .text.prvCheckTasksWaitingTermination
                0x0800b258       0x5c ./Middlewares/Third_Party/FreeRTOS/Source/tasks.o
 .text.prvDeleteTCB
                0x0800b2b4       0x6a ./Middlewares/Third_Party/FreeRTOS/Source/tasks.o
 *fill*         0x0800b31e        0x2 
 .text.prvResetNextTaskUnblockTime
                0x0800b320       0x40 ./Middlewares/Third_Party/FreeRTOS/Source/tasks.o
 .text.xTaskGetSchedulerState
                0x0800b360       0x3c ./Middlewares/Third_Party/FreeRTOS/Source/tasks.o
                0x0800b360                xTaskGetSchedulerState
 .text.xTaskPriorityDisinherit
                0x0800b39c       0xe0 ./Middlewares/Third_Party/FreeRTOS/Source/tasks.o
                0x0800b39c                xTaskPriorityDisinherit
 .text.prvAddCurrentTaskToDelayedList
                0x0800b47c       0xa8 ./Middlewares/Third_Party/FreeRTOS/Source/tasks.o
 .text.xTimerCreateTimerTask
                0x0800b524       0x94 ./Middlewares/Third_Party/FreeRTOS/Source/timers.o
                0x0800b524                xTimerCreateTimerTask
 .text.xTimerGenericCommand
                0x0800b5b8       0x9c ./Middlewares/Third_Party/FreeRTOS/Source/timers.o
                0x0800b5b8                xTimerGenericCommand
 .text.prvProcessExpiredTimer
                0x0800b654       0x9c ./Middlewares/Third_Party/FreeRTOS/Source/timers.o
 .text.prvTimerTask
                0x0800b6f0       0x26 ./Middlewares/Third_Party/FreeRTOS/Source/timers.o
 *fill*         0x0800b716        0x2 
 .text.prvProcessTimerOrBlockTask
                0x0800b718       0x9c ./Middlewares/Third_Party/FreeRTOS/Source/timers.o
 .text.prvGetNextExpireTime
                0x0800b7b4       0x48 ./Middlewares/Third_Party/FreeRTOS/Source/timers.o
 .text.prvSampleTimeNow
                0x0800b7fc       0x40 ./Middlewares/Third_Party/FreeRTOS/Source/timers.o
 .text.prvInsertTimerInActiveList
                0x0800b83c       0x84 ./Middlewares/Third_Party/FreeRTOS/Source/timers.o
 .text.prvProcessReceivedCommands
                0x0800b8c0      0x1cc ./Middlewares/Third_Party/FreeRTOS/Source/timers.o
 .text.prvSwitchTimerLists
                0x0800ba8c       0xcc ./Middlewares/Third_Party/FreeRTOS/Source/timers.o
 .text.prvCheckForValidListAndQueue
                0x0800bb58       0x80 ./Middlewares/Third_Party/FreeRTOS/Source/timers.o
 .text.pxPortInitialiseStack
                0x0800bbd8       0x68 ./Middlewares/Third_Party/FreeRTOS/Source/portable/GCC/ARM_CM4F/port.o
                0x0800bbd8                pxPortInitialiseStack
 .text.prvTaskExitError
                0x0800bc40       0x5c ./Middlewares/Third_Party/FreeRTOS/Source/portable/GCC/ARM_CM4F/port.o
 *fill*         0x0800bc9c        0x4 
 .text.SVC_Handler
                0x0800bca0       0x28 ./Middlewares/Third_Party/FreeRTOS/Source/portable/GCC/ARM_CM4F/port.o
                0x0800bca0                SVC_Handler
 .text.prvPortStartFirstTask
                0x0800bcc8       0x28 ./Middlewares/Third_Party/FreeRTOS/Source/portable/GCC/ARM_CM4F/port.o
 .text.xPortStartScheduler
                0x0800bcf0      0x148 ./Middlewares/Third_Party/FreeRTOS/Source/portable/GCC/ARM_CM4F/port.o
                0x0800bcf0                xPortStartScheduler
 .text.vPortEnterCritical
                0x0800be38       0x64 ./Middlewares/Third_Party/FreeRTOS/Source/portable/GCC/ARM_CM4F/port.o
                0x0800be38                vPortEnterCritical
 .text.vPortExitCritical
                0x0800be9c       0x54 ./Middlewares/Third_Party/FreeRTOS/Source/portable/GCC/ARM_CM4F/port.o
                0x0800be9c                vPortExitCritical
 .text.PendSV_Handler
                0x0800bef0       0x68 ./Middlewares/Third_Party/FreeRTOS/Source/portable/GCC/ARM_CM4F/port.o
                0x0800bef0                PendSV_Handler
 .text.xPortSysTickHandler
                0x0800bf58       0x44 ./Middlewares/Third_Party/FreeRTOS/Source/portable/GCC/ARM_CM4F/port.o
                0x0800bf58                xPortSysTickHandler
 .text.vPortSetupTimerInterrupt
                0x0800bf9c       0x48 ./Middlewares/Third_Party/FreeRTOS/Source/portable/GCC/ARM_CM4F/port.o
                0x0800bf9c                vPortSetupTimerInterrupt
 .text.vPortEnableVFP
                0x0800bfe4       0x14 ./Middlewares/Third_Party/FreeRTOS/Source/portable/GCC/ARM_CM4F/port.o
 .text.vPortValidateInterruptPriority
                0x0800bff8       0x84 ./Middlewares/Third_Party/FreeRTOS/Source/portable/GCC/ARM_CM4F/port.o
                0x0800bff8                vPortValidateInterruptPriority
 .text.pvPortMalloc
                0x0800c07c      0x19c ./Middlewares/Third_Party/FreeRTOS/Source/portable/MemMang/heap_4.o
                0x0800c07c                pvPortMalloc
 .text.vPortFree
                0x0800c218       0xc8 ./Middlewares/Third_Party/FreeRTOS/Source/portable/MemMang/heap_4.o
                0x0800c218                vPortFree
 .text.prvHeapInit
                0x0800c2e0       0xc4 ./Middlewares/Third_Party/FreeRTOS/Source/portable/MemMang/heap_4.o
 .text.prvInsertBlockIntoFreeList
                0x0800c3a4       0xb4 ./Middlewares/Third_Party/FreeRTOS/Source/portable/MemMang/heap_4.o
 .text.MX_USB_DEVICE_Init
                0x0800c458       0x60 ./USB_DEVICE/App/usb_device.o
                0x0800c458                MX_USB_DEVICE_Init
 .text.CDC_Init_FS
                0x0800c4b8       0x28 ./USB_DEVICE/App/usbd_cdc_if.o
 .text.CDC_DeInit_FS
                0x0800c4e0       0x10 ./USB_DEVICE/App/usbd_cdc_if.o
 .text.CDC_Control_FS
                0x0800c4f0       0xbc ./USB_DEVICE/App/usbd_cdc_if.o
 .text.CDC_Receive_FS
                0x0800c5ac       0x28 ./USB_DEVICE/App/usbd_cdc_if.o
 .text.CDC_Transmit_FS
                0x0800c5d4       0x4c ./USB_DEVICE/App/usbd_cdc_if.o
                0x0800c5d4                CDC_Transmit_FS
 .text.CDC_TransmitCplt_FS
                0x0800c620       0x22 ./USB_DEVICE/App/usbd_cdc_if.o
 *fill*         0x0800c642        0x2 
 .text.USBD_FS_DeviceDescriptor
                0x0800c644       0x24 ./USB_DEVICE/App/usbd_desc.o
                0x0800c644                USBD_FS_DeviceDescriptor
 .text.USBD_FS_LangIDStrDescriptor
                0x0800c668       0x24 ./USB_DEVICE/App/usbd_desc.o
                0x0800c668                USBD_FS_LangIDStrDescriptor
 .text.USBD_FS_ProductStrDescriptor
                0x0800c68c       0x3c ./USB_DEVICE/App/usbd_desc.o
                0x0800c68c                USBD_FS_ProductStrDescriptor
 .text.USBD_FS_ManufacturerStrDescriptor
                0x0800c6c8       0x28 ./USB_DEVICE/App/usbd_desc.o
                0x0800c6c8                USBD_FS_ManufacturerStrDescriptor
 .text.USBD_FS_SerialStrDescriptor
                0x0800c6f0       0x24 ./USB_DEVICE/App/usbd_desc.o
                0x0800c6f0                USBD_FS_SerialStrDescriptor
 .text.USBD_FS_ConfigStrDescriptor
                0x0800c714       0x3c ./USB_DEVICE/App/usbd_desc.o
                0x0800c714                USBD_FS_ConfigStrDescriptor
 .text.USBD_FS_InterfaceStrDescriptor
                0x0800c750       0x3c ./USB_DEVICE/App/usbd_desc.o
                0x0800c750                USBD_FS_InterfaceStrDescriptor
 .text.Get_SerialNum
                0x0800c78c       0x58 ./USB_DEVICE/App/usbd_desc.o
 .text.IntToUnicode
                0x0800c7e4       0x7e ./USB_DEVICE/App/usbd_desc.o
 *fill*         0x0800c862        0x2 
 .text.HAL_PCD_MspInit
                0x0800c864       0xa8 ./USB_DEVICE/Target/usbd_conf.o
                0x0800c864                HAL_PCD_MspInit
 .text.HAL_PCD_SetupStageCallback
                0x0800c90c       0x24 ./USB_DEVICE/Target/usbd_conf.o
                0x0800c90c                HAL_PCD_SetupStageCallback
 .text.HAL_PCD_DataOutStageCallback
                0x0800c930       0x36 ./USB_DEVICE/Target/usbd_conf.o
                0x0800c930                HAL_PCD_DataOutStageCallback
 .text.HAL_PCD_DataInStageCallback
                0x0800c966       0x34 ./USB_DEVICE/Target/usbd_conf.o
                0x0800c966                HAL_PCD_DataInStageCallback
 .text.HAL_PCD_SOFCallback
                0x0800c99a       0x1c ./USB_DEVICE/Target/usbd_conf.o
                0x0800c99a                HAL_PCD_SOFCallback
 .text.HAL_PCD_ResetCallback
                0x0800c9b6       0x3c ./USB_DEVICE/Target/usbd_conf.o
                0x0800c9b6                HAL_PCD_ResetCallback
 *fill*         0x0800c9f2        0x2 
 .text.HAL_PCD_SuspendCallback
                0x0800c9f4       0x4c ./USB_DEVICE/Target/usbd_conf.o
                0x0800c9f4                HAL_PCD_SuspendCallback
 .text.HAL_PCD_ResumeCallback
                0x0800ca40       0x1c ./USB_DEVICE/Target/usbd_conf.o
                0x0800ca40                HAL_PCD_ResumeCallback
 .text.HAL_PCD_ISOOUTIncompleteCallback
                0x0800ca5c       0x24 ./USB_DEVICE/Target/usbd_conf.o
                0x0800ca5c                HAL_PCD_ISOOUTIncompleteCallback
 .text.HAL_PCD_ISOINIncompleteCallback
                0x0800ca80       0x24 ./USB_DEVICE/Target/usbd_conf.o
                0x0800ca80                HAL_PCD_ISOINIncompleteCallback
 .text.HAL_PCD_ConnectCallback
                0x0800caa4       0x1c ./USB_DEVICE/Target/usbd_conf.o
                0x0800caa4                HAL_PCD_ConnectCallback
 .text.HAL_PCD_DisconnectCallback
                0x0800cac0       0x1c ./USB_DEVICE/Target/usbd_conf.o
                0x0800cac0                HAL_PCD_DisconnectCallback
 .text.USBD_LL_Init
                0x0800cadc       0x98 ./USB_DEVICE/Target/usbd_conf.o
                0x0800cadc                USBD_LL_Init
 .text.USBD_LL_Start
                0x0800cb74       0x36 ./USB_DEVICE/Target/usbd_conf.o
                0x0800cb74                USBD_LL_Start
 .text.USBD_LL_OpenEP
                0x0800cbaa       0x4c ./USB_DEVICE/Target/usbd_conf.o
                0x0800cbaa                USBD_LL_OpenEP
 .text.USBD_LL_CloseEP
                0x0800cbf6       0x3e ./USB_DEVICE/Target/usbd_conf.o
                0x0800cbf6                USBD_LL_CloseEP
 .text.USBD_LL_StallEP
                0x0800cc34       0x3e ./USB_DEVICE/Target/usbd_conf.o
                0x0800cc34                USBD_LL_StallEP
 .text.USBD_LL_ClearStallEP
                0x0800cc72       0x3e ./USB_DEVICE/Target/usbd_conf.o
                0x0800cc72                USBD_LL_ClearStallEP
 .text.USBD_LL_IsStallEP
                0x0800ccb0       0x58 ./USB_DEVICE/Target/usbd_conf.o
                0x0800ccb0                USBD_LL_IsStallEP
 .text.USBD_LL_SetUSBAddress
                0x0800cd08       0x3e ./USB_DEVICE/Target/usbd_conf.o
                0x0800cd08                USBD_LL_SetUSBAddress
 .text.USBD_LL_Transmit
                0x0800cd46       0x42 ./USB_DEVICE/Target/usbd_conf.o
                0x0800cd46                USBD_LL_Transmit
 .text.USBD_LL_PrepareReceive
                0x0800cd88       0x42 ./USB_DEVICE/Target/usbd_conf.o
                0x0800cd88                USBD_LL_PrepareReceive
 .text.USBD_LL_GetRxDataSize
                0x0800cdca       0x26 ./USB_DEVICE/Target/usbd_conf.o
                0x0800cdca                USBD_LL_GetRxDataSize
 .text.USBD_static_malloc
                0x0800cdf0       0x1c ./USB_DEVICE/Target/usbd_conf.o
                0x0800cdf0                USBD_static_malloc
 .text.USBD_static_free
                0x0800ce0c       0x14 ./USB_DEVICE/Target/usbd_conf.o
                0x0800ce0c                USBD_static_free
 .text.USBD_Get_USB_Status
                0x0800ce20       0x58 ./USB_DEVICE/Target/usbd_conf.o
                0x0800ce20                USBD_Get_USB_Status
 .text.memset   0x0800ce78       0x10 C:/ST/STM32CubeIDE_1.17.0/STM32CubeIDE/plugins/com.st.stm32cube.ide.mcu.externaltools.gnu-tools-for-stm32.13.3.rel1.win32_1.0.0.202411081344/tools/bin/../lib/gcc/arm-none-eabi/13.3.1/../../../../arm-none-eabi/lib/thumb/v7e-m+fp/hard\libc_nano.a(libc_a-memset.o)
                0x0800ce78                memset
 .text._reclaim_reent
                0x0800ce88       0xbc C:/ST/STM32CubeIDE_1.17.0/STM32CubeIDE/plugins/com.st.stm32cube.ide.mcu.externaltools.gnu-tools-for-stm32.13.3.rel1.win32_1.0.0.202411081344/tools/bin/../lib/gcc/arm-none-eabi/13.3.1/../../../../arm-none-eabi/lib/thumb/v7e-m+fp/hard\libc_nano.a(libc_a-reent.o)
                0x0800ce88                _reclaim_reent
 .text.__libc_init_array
                0x0800cf44       0x48 C:/ST/STM32CubeIDE_1.17.0/STM32CubeIDE/plugins/com.st.stm32cube.ide.mcu.externaltools.gnu-tools-for-stm32.13.3.rel1.win32_1.0.0.202411081344/tools/bin/../lib/gcc/arm-none-eabi/13.3.1/../../../../arm-none-eabi/lib/thumb/v7e-m+fp/hard\libc_nano.a(libc_a-init.o)
                0x0800cf44                __libc_init_array
 .text.__retarget_lock_acquire_recursive
                0x0800cf8c        0x2 C:/ST/STM32CubeIDE_1.17.0/STM32CubeIDE/plugins/com.st.stm32cube.ide.mcu.externaltools.gnu-tools-for-stm32.13.3.rel1.win32_1.0.0.202411081344/tools/bin/../lib/gcc/arm-none-eabi/13.3.1/../../../../arm-none-eabi/lib/thumb/v7e-m+fp/hard\libc_nano.a(libc_a-lock.o)
                0x0800cf8c                __retarget_lock_acquire_recursive
 .text.__retarget_lock_release_recursive
                0x0800cf8e        0x2 C:/ST/STM32CubeIDE_1.17.0/STM32CubeIDE/plugins/com.st.stm32cube.ide.mcu.externaltools.gnu-tools-for-stm32.13.3.rel1.win32_1.0.0.202411081344/tools/bin/../lib/gcc/arm-none-eabi/13.3.1/../../../../arm-none-eabi/lib/thumb/v7e-m+fp/hard\libc_nano.a(libc_a-lock.o)
                0x0800cf8e                __retarget_lock_release_recursive
 .text.memcpy   0x0800cf90       0x1c C:/ST/STM32CubeIDE_1.17.0/STM32CubeIDE/plugins/com.st.stm32cube.ide.mcu.externaltools.gnu-tools-for-stm32.13.3.rel1.win32_1.0.0.202411081344/tools/bin/../lib/gcc/arm-none-eabi/13.3.1/../../../../arm-none-eabi/lib/thumb/v7e-m+fp/hard\libc_nano.a(libc_a-memcpy-stub.o)
                0x0800cf90                memcpy
 .text._free_r  0x0800cfac       0x94 C:/ST/STM32CubeIDE_1.17.0/STM32CubeIDE/plugins/com.st.stm32cube.ide.mcu.externaltools.gnu-tools-for-stm32.13.3.rel1.win32_1.0.0.202411081344/tools/bin/../lib/gcc/arm-none-eabi/13.3.1/../../../../arm-none-eabi/lib/thumb/v7e-m+fp/hard\libc_nano.a(libc_a-freer.o)
                0x0800cfac                _free_r
 .text.__malloc_lock
                0x0800d040        0xc C:/ST/STM32CubeIDE_1.17.0/STM32CubeIDE/plugins/com.st.stm32cube.ide.mcu.externaltools.gnu-tools-for-stm32.13.3.rel1.win32_1.0.0.202411081344/tools/bin/../lib/gcc/arm-none-eabi/13.3.1/../../../../arm-none-eabi/lib/thumb/v7e-m+fp/hard\libc_nano.a(libc_a-mlock.o)
                0x0800d040                __malloc_lock
 .text.__malloc_unlock
                0x0800d04c        0xc C:/ST/STM32CubeIDE_1.17.0/STM32CubeIDE/plugins/com.st.stm32cube.ide.mcu.externaltools.gnu-tools-for-stm32.13.3.rel1.win32_1.0.0.202411081344/tools/bin/../lib/gcc/arm-none-eabi/13.3.1/../../../../arm-none-eabi/lib/thumb/v7e-m+fp/hard\libc_nano.a(libc_a-mlock.o)
                0x0800d04c                __malloc_unlock
 *(.glue_7)
 .glue_7        0x0800d058        0x0 linker stubs
 *(.glue_7t)
 .glue_7t       0x0800d058        0x0 linker stubs
 *(.eh_frame)
 .eh_frame      0x0800d058        0x0 C:/ST/STM32CubeIDE_1.17.0/STM32CubeIDE/plugins/com.st.stm32cube.ide.mcu.externaltools.gnu-tools-for-stm32.13.3.rel1.win32_1.0.0.202411081344/tools/bin/../lib/gcc/arm-none-eabi/13.3.1/thumb/v7e-m+fp/hard/crtbegin.o
 *(.init)
 .init          0x0800d058        0x4 C:/ST/STM32CubeIDE_1.17.0/STM32CubeIDE/plugins/com.st.stm32cube.ide.mcu.externaltools.gnu-tools-for-stm32.13.3.rel1.win32_1.0.0.202411081344/tools/bin/../lib/gcc/arm-none-eabi/13.3.1/thumb/v7e-m+fp/hard/crti.o
                0x0800d058                _init
 .init          0x0800d05c        0x8 C:/ST/STM32CubeIDE_1.17.0/STM32CubeIDE/plugins/com.st.stm32cube.ide.mcu.externaltools.gnu-tools-for-stm32.13.3.rel1.win32_1.0.0.202411081344/tools/bin/../lib/gcc/arm-none-eabi/13.3.1/thumb/v7e-m+fp/hard/crtn.o
 *(.fini)
 .fini          0x0800d064        0x4 C:/ST/STM32CubeIDE_1.17.0/STM32CubeIDE/plugins/com.st.stm32cube.ide.mcu.externaltools.gnu-tools-for-stm32.13.3.rel1.win32_1.0.0.202411081344/tools/bin/../lib/gcc/arm-none-eabi/13.3.1/thumb/v7e-m+fp/hard/crti.o
                0x0800d064                _fini
 .fini          0x0800d068        0x8 C:/ST/STM32CubeIDE_1.17.0/STM32CubeIDE/plugins/com.st.stm32cube.ide.mcu.externaltools.gnu-tools-for-stm32.13.3.rel1.win32_1.0.0.202411081344/tools/bin/../lib/gcc/arm-none-eabi/13.3.1/thumb/v7e-m+fp/hard/crtn.o
                0x0800d070                        . = ALIGN (0x4)
                0x0800d070                        _etext = .

.vfp11_veneer   0x0800d070        0x0
 .vfp11_veneer  0x0800d070        0x0 linker stubs

.v4_bx          0x0800d070        0x0
 .v4_bx         0x0800d070        0x0 linker stubs

.iplt           0x0800d070        0x0
 .iplt          0x0800d070        0x0 C:/ST/STM32CubeIDE_1.17.0/STM32CubeIDE/plugins/com.st.stm32cube.ide.mcu.externaltools.gnu-tools-for-stm32.13.3.rel1.win32_1.0.0.202411081344/tools/bin/../lib/gcc/arm-none-eabi/13.3.1/thumb/v7e-m+fp/hard/crtbegin.o

.rodata         0x0800d070      0x220
                0x0800d070                        . = ALIGN (0x4)
 *(.rodata)
 .rodata        0x0800d070       0x31 ./Core/Src/main.o
 *fill*         0x0800d0a1        0x3 
 .rodata        0x0800d0a4        0x6 ./Core/Src/nrf24.o
 *fill*         0x0800d0aa        0x2 
 .rodata        0x0800d0ac       0xbc ./Core/Src/radio.o
 .rodata        0x0800d168        0x5 ./Middlewares/Third_Party/FreeRTOS/Source/tasks.o
 *fill*         0x0800d16d        0x3 
 .rodata        0x0800d170        0xd ./Middlewares/Third_Party/FreeRTOS/Source/timers.o
 *fill*         0x0800d17d        0x3 
 .rodata        0x0800d180       0x46 ./USB_DEVICE/App/usbd_desc.o
 *(.rodata*)
 *fill*         0x0800d1c6        0x2 
 .rodata.defaultTask_attributes
                0x0800d1c8       0x24 ./Core/Src/main.o
                0x0800d1c8                defaultTask_attributes
 .rodata.send_usb_data_attributes
                0x0800d1ec       0x24 ./Core/Src/main.o
                0x0800d1ec                send_usb_data_attributes
 .rodata.read_nrf_attributes
                0x0800d210       0x24 ./Core/Src/main.o
                0x0800d210                read_nrf_attributes
 .rodata.send_nrf_attributes
                0x0800d234       0x24 ./Core/Src/main.o
                0x0800d234                send_nrf_attributes
 .rodata.nRF24_RX_PW_PIPE
                0x0800d258        0x6 ./Core/Src/nrf24.o
 *fill*         0x0800d25e        0x2 
 .rodata.nRF24_ADDR_REGS
                0x0800d260        0x7 ./Core/Src/nrf24.o
 *fill*         0x0800d267        0x1 
 .rodata.nRF24_ADDR_Rx.1
                0x0800d268        0x3 ./Core/Src/radio.o
 *fill*         0x0800d26b        0x1 
 .rodata.nRF24_ADDR_Tx.0
                0x0800d26c        0x3 ./Core/Src/radio.o
 *fill*         0x0800d26f        0x1 
 .rodata.AHBPrescTable
                0x0800d270       0x10 ./Core/Src/system_stm32f4xx.o
                0x0800d270                AHBPrescTable
 .rodata.APBPrescTable
                0x0800d280        0x8 ./Core/Src/system_stm32f4xx.o
                0x0800d280                APBPrescTable
 .rodata.flagBitshiftOffset.0
                0x0800d288        0x8 ./Drivers/STM32F4xx_HAL_Driver/Src/stm32f4xx_hal_dma.o
                0x0800d290                        . = ALIGN (0x4)

.ARM.extab      0x0800d290        0x0
                0x0800d290                        . = ALIGN (0x4)
 *(.ARM.extab* .gnu.linkonce.armextab.*)
                0x0800d290                        . = ALIGN (0x4)

.ARM            0x0800d290        0x8
                0x0800d290                        . = ALIGN (0x4)
                0x0800d290                        __exidx_start = .
 *(.ARM.exidx*)
 .ARM.exidx     0x0800d290        0x8 C:/ST/STM32CubeIDE_1.17.0/STM32CubeIDE/plugins/com.st.stm32cube.ide.mcu.externaltools.gnu-tools-for-stm32.13.3.rel1.win32_1.0.0.202411081344/tools/bin/../lib/gcc/arm-none-eabi/13.3.1/thumb/v7e-m+fp/hard\libgcc.a(_udivmoddi4.o)
                0x0800d298                        __exidx_end = .
                0x0800d298                        . = ALIGN (0x4)

.preinit_array  0x0800d298        0x0
                0x0800d298                        . = ALIGN (0x4)
                0x0800d298                        PROVIDE (__preinit_array_start = .)
 *(.preinit_array*)
                0x0800d298                        PROVIDE (__preinit_array_end = .)
                0x0800d298                        . = ALIGN (0x4)

.init_array     0x0800d298        0x4
                0x0800d298                        . = ALIGN (0x4)
                0x0800d298                        PROVIDE (__init_array_start = .)
 *(SORT_BY_NAME(.init_array.*))
 *(.init_array*)
 .init_array    0x0800d298        0x4 C:/ST/STM32CubeIDE_1.17.0/STM32CubeIDE/plugins/com.st.stm32cube.ide.mcu.externaltools.gnu-tools-for-stm32.13.3.rel1.win32_1.0.0.202411081344/tools/bin/../lib/gcc/arm-none-eabi/13.3.1/thumb/v7e-m+fp/hard/crtbegin.o
                0x0800d29c                        PROVIDE (__init_array_end = .)
                0x0800d29c                        . = ALIGN (0x4)

.fini_array     0x0800d29c        0x4
                0x0800d29c                        . = ALIGN (0x4)
                [!provide]                        PROVIDE (__fini_array_start = .)
 *(SORT_BY_NAME(.fini_array.*))
 *(.fini_array*)
 .fini_array    0x0800d29c        0x4 C:/ST/STM32CubeIDE_1.17.0/STM32CubeIDE/plugins/com.st.stm32cube.ide.mcu.externaltools.gnu-tools-for-stm32.13.3.rel1.win32_1.0.0.202411081344/tools/bin/../lib/gcc/arm-none-eabi/13.3.1/thumb/v7e-m+fp/hard/crtbegin.o
                [!provide]                        PROVIDE (__fini_array_end = .)
                0x0800d2a0                        . = ALIGN (0x4)
                0x0800d2a0                        _sidata = LOADADDR (.data)

.rel.dyn        0x0800d2a0        0x0
 .rel.iplt      0x0800d2a0        0x0 C:/ST/STM32CubeIDE_1.17.0/STM32CubeIDE/plugins/com.st.stm32cube.ide.mcu.externaltools.gnu-tools-for-stm32.13.3.rel1.win32_1.0.0.202411081344/tools/bin/../lib/gcc/arm-none-eabi/13.3.1/thumb/v7e-m+fp/hard/crtbegin.o

.data           0x20000000      0x150 load address 0x0800d2a0
                0x20000000                        . = ALIGN (0x4)
                0x20000000                        _sdata = .
 *(.data)
 *(.data*)
 .data.SystemCoreClock
                0x20000000        0x4 ./Core/Src/system_stm32f4xx.o
                0x20000000                SystemCoreClock
 .data.uwTickPrio
                0x20000004        0x4 ./Drivers/STM32F4xx_HAL_Driver/Src/stm32f4xx_hal.o
                0x20000004                uwTickPrio
 .data.uwTickFreq
                0x20000008        0x1 ./Drivers/STM32F4xx_HAL_Driver/Src/stm32f4xx_hal.o
                0x20000008                uwTickFreq
 *fill*         0x20000009        0x3 
 .data.USBD_CDC_DeviceQualifierDesc
                0x2000000c        0xa ./Middlewares/ST/STM32_USB_Device_Library/Class/CDC/Src/usbd_cdc.o
 *fill*         0x20000016        0x2 
 .data.USBD_CDC
                0x20000018       0x38 ./Middlewares/ST/STM32_USB_Device_Library/Class/CDC/Src/usbd_cdc.o
                0x20000018                USBD_CDC
 .data.USBD_CDC_CfgDesc
                0x20000050       0x43 ./Middlewares/ST/STM32_USB_Device_Library/Class/CDC/Src/usbd_cdc.o
 .data.CDCInEpAdd
                0x20000093        0x1 ./Middlewares/ST/STM32_USB_Device_Library/Class/CDC/Src/usbd_cdc.o
 .data.CDCOutEpAdd
                0x20000094        0x1 ./Middlewares/ST/STM32_USB_Device_Library/Class/CDC/Src/usbd_cdc.o
 .data.CDCCmdEpAdd
                0x20000095        0x1 ./Middlewares/ST/STM32_USB_Device_Library/Class/CDC/Src/usbd_cdc.o
 *fill*         0x20000096        0x2 
 .data.uxCriticalNesting
                0x20000098        0x4 ./Middlewares/Third_Party/FreeRTOS/Source/portable/GCC/ARM_CM4F/port.o
 .data.USBD_Interface_fops_FS
                0x2000009c       0x14 ./USB_DEVICE/App/usbd_cdc_if.o
                0x2000009c                USBD_Interface_fops_FS
 .data.FS_Desc  0x200000b0       0x1c ./USB_DEVICE/App/usbd_desc.o
                0x200000b0                FS_Desc
 .data.USBD_FS_DeviceDesc
                0x200000cc       0x12 ./USB_DEVICE/App/usbd_desc.o
                0x200000cc                USBD_FS_DeviceDesc
 *fill*         0x200000de        0x2 
 .data.USBD_LangIDDesc
                0x200000e0        0x4 ./USB_DEVICE/App/usbd_desc.o
                0x200000e0                USBD_LangIDDesc
 .data.USBD_StringSerial
                0x200000e4       0x1a ./USB_DEVICE/App/usbd_desc.o
                0x200000e4                USBD_StringSerial
 *fill*         0x200000fe        0x2 
 .data._impure_ptr
                0x20000100        0x4 C:/ST/STM32CubeIDE_1.17.0/STM32CubeIDE/plugins/com.st.stm32cube.ide.mcu.externaltools.gnu-tools-for-stm32.13.3.rel1.win32_1.0.0.202411081344/tools/bin/../lib/gcc/arm-none-eabi/13.3.1/../../../../arm-none-eabi/lib/thumb/v7e-m+fp/hard\libc_nano.a(libc_a-impure.o)
                0x20000100                _impure_ptr
 .data._impure_data
                0x20000104       0x4c C:/ST/STM32CubeIDE_1.17.0/STM32CubeIDE/plugins/com.st.stm32cube.ide.mcu.externaltools.gnu-tools-for-stm32.13.3.rel1.win32_1.0.0.202411081344/tools/bin/../lib/gcc/arm-none-eabi/13.3.1/../../../../arm-none-eabi/lib/thumb/v7e-m+fp/hard\libc_nano.a(libc_a-impure.o)
                0x20000104                _impure_data
 *(.RamFunc)
 *(.RamFunc*)
                0x20000150                        . = ALIGN (0x4)
                0x20000150                        _edata = .

.igot.plt       0x20000150        0x0 load address 0x0800d3f0
 .igot.plt      0x20000150        0x0 C:/ST/STM32CubeIDE_1.17.0/STM32CubeIDE/plugins/com.st.stm32cube.ide.mcu.externaltools.gnu-tools-for-stm32.13.3.rel1.win32_1.0.0.202411081344/tools/bin/../lib/gcc/arm-none-eabi/13.3.1/thumb/v7e-m+fp/hard/crtbegin.o
                0x20000150                        . = ALIGN (0x4)

.bss            0x20000150     0x6900 load address 0x0800d3f0
                0x20000150                        _sbss = .
                0x20000150                        __bss_start__ = _sbss
 *(.bss)
 .bss           0x20000150       0x1c C:/ST/STM32CubeIDE_1.17.0/STM32CubeIDE/plugins/com.st.stm32cube.ide.mcu.externaltools.gnu-tools-for-stm32.13.3.rel1.win32_1.0.0.202411081344/tools/bin/../lib/gcc/arm-none-eabi/13.3.1/thumb/v7e-m+fp/hard/crtbegin.o
 *(.bss*)
 .bss.hadc1     0x2000016c       0x48 ./Core/Src/main.o
                0x2000016c                hadc1
 .bss.hdma_adc1
                0x200001b4       0x60 ./Core/Src/main.o
                0x200001b4                hdma_adc1
 .bss.hi2c1     0x20000214       0x54 ./Core/Src/main.o
                0x20000214                hi2c1
 .bss.hspi1     0x20000268       0x58 ./Core/Src/main.o
                0x20000268                hspi1
 .bss.defaultTaskHandle
                0x200002c0        0x4 ./Core/Src/main.o
                0x200002c0                defaultTaskHandle
 .bss.send_usb_dataHandle
                0x200002c4        0x4 ./Core/Src/main.o
                0x200002c4                send_usb_dataHandle
 .bss.read_nrfHandle
                0x200002c8        0x4 ./Core/Src/main.o
                0x200002c8                read_nrfHandle
 .bss.send_nrfHandle
                0x200002cc        0x4 ./Core/Src/main.o
                0x200002cc                send_nrfHandle
 .bss.pot1      0x200002d0        0x2 ./Core/Src/main.o
                0x200002d0                pot1
 .bss.pot2      0x200002d2        0x2 ./Core/Src/main.o
                0x200002d2                pot2
 .bss.pot3      0x200002d4        0x2 ./Core/Src/main.o
                0x200002d4                pot3
 .bss.pot4      0x200002d6        0x2 ./Core/Src/main.o
                0x200002d6                pot4
 .bss.pot5      0x200002d8        0x2 ./Core/Src/main.o
                0x200002d8                pot5
 .bss.pot6      0x200002da        0x2 ./Core/Src/main.o
                0x200002da                pot6
 .bss.readvalue
                0x200002dc       0x18 ./Core/Src/main.o
                0x200002dc                readvalue
 .bss.pipe      0x200002f4        0x1 ./Core/Src/radio.o
                0x200002f4                pipe
 .bss.payload_length
                0x200002f5        0x1 ./Core/Src/radio.o
                0x200002f5                payload_length
 .bss.tx_res    0x200002f6        0x1 ./Core/Src/radio.o
                0x200002f6                tx_res
 *fill*         0x200002f7        0x1 
 .bss.htim2     0x200002f8       0x48 ./Core/Src/stm32f4xx_hal_timebase_tim.o
                0x200002f8                htim2
 .bss.uwTick    0x20000340        0x4 ./Drivers/STM32F4xx_HAL_Driver/Src/stm32f4xx_hal.o
                0x20000340                uwTick
 .bss.cfgidx.0  0x20000344        0x1 ./Middlewares/ST/STM32_USB_Device_Library/Core/Src/usbd_ctlreq.o
 *fill*         0x20000345        0x3 
 .bss.KernelState
                0x20000348        0x4 ./Middlewares/Third_Party/FreeRTOS/Source/CMSIS_RTOS_V2/cmsis_os2.o
 .bss.Idle_TCB.3
                0x2000034c       0xa8 ./Middlewares/Third_Party/FreeRTOS/Source/CMSIS_RTOS_V2/cmsis_os2.o
 .bss.Idle_Stack.2
                0x200003f4      0x200 ./Middlewares/Third_Party/FreeRTOS/Source/CMSIS_RTOS_V2/cmsis_os2.o
 .bss.Timer_TCB.1
                0x200005f4       0xa8 ./Middlewares/Third_Party/FreeRTOS/Source/CMSIS_RTOS_V2/cmsis_os2.o
 .bss.Timer_Stack.0
                0x2000069c      0x400 ./Middlewares/Third_Party/FreeRTOS/Source/CMSIS_RTOS_V2/cmsis_os2.o
 .bss.xQueueRegistry
                0x20000a9c       0x40 ./Middlewares/Third_Party/FreeRTOS/Source/queue.o
                0x20000a9c                xQueueRegistry
 .bss.pxCurrentTCB
                0x20000adc        0x4 ./Middlewares/Third_Party/FreeRTOS/Source/tasks.o
                0x20000adc                pxCurrentTCB
 .bss.pxReadyTasksLists
                0x20000ae0      0x460 ./Middlewares/Third_Party/FreeRTOS/Source/tasks.o
 .bss.xDelayedTaskList1
                0x20000f40       0x14 ./Middlewares/Third_Party/FreeRTOS/Source/tasks.o
 .bss.xDelayedTaskList2
                0x20000f54       0x14 ./Middlewares/Third_Party/FreeRTOS/Source/tasks.o
 .bss.pxDelayedTaskList
                0x20000f68        0x4 ./Middlewares/Third_Party/FreeRTOS/Source/tasks.o
 .bss.pxOverflowDelayedTaskList
                0x20000f6c        0x4 ./Middlewares/Third_Party/FreeRTOS/Source/tasks.o
 .bss.xPendingReadyList
                0x20000f70       0x14 ./Middlewares/Third_Party/FreeRTOS/Source/tasks.o
 .bss.xTasksWaitingTermination
                0x20000f84       0x14 ./Middlewares/Third_Party/FreeRTOS/Source/tasks.o
 .bss.uxDeletedTasksWaitingCleanUp
                0x20000f98        0x4 ./Middlewares/Third_Party/FreeRTOS/Source/tasks.o
 .bss.xSuspendedTaskList
                0x20000f9c       0x14 ./Middlewares/Third_Party/FreeRTOS/Source/tasks.o
 .bss.uxCurrentNumberOfTasks
                0x20000fb0        0x4 ./Middlewares/Third_Party/FreeRTOS/Source/tasks.o
 .bss.xTickCount
                0x20000fb4        0x4 ./Middlewares/Third_Party/FreeRTOS/Source/tasks.o
 .bss.uxTopReadyPriority
                0x20000fb8        0x4 ./Middlewares/Third_Party/FreeRTOS/Source/tasks.o
 .bss.xSchedulerRunning
                0x20000fbc        0x4 ./Middlewares/Third_Party/FreeRTOS/Source/tasks.o
 .bss.xPendedTicks
                0x20000fc0        0x4 ./Middlewares/Third_Party/FreeRTOS/Source/tasks.o
 .bss.xYieldPending
                0x20000fc4        0x4 ./Middlewares/Third_Party/FreeRTOS/Source/tasks.o
 .bss.xNumOfOverflows
                0x20000fc8        0x4 ./Middlewares/Third_Party/FreeRTOS/Source/tasks.o
 .bss.uxTaskNumber
                0x20000fcc        0x4 ./Middlewares/Third_Party/FreeRTOS/Source/tasks.o
 .bss.xNextTaskUnblockTime
                0x20000fd0        0x4 ./Middlewares/Third_Party/FreeRTOS/Source/tasks.o
 .bss.xIdleTaskHandle
                0x20000fd4        0x4 ./Middlewares/Third_Party/FreeRTOS/Source/tasks.o
 .bss.uxSchedulerSuspended
                0x20000fd8        0x4 ./Middlewares/Third_Party/FreeRTOS/Source/tasks.o
 .bss.xActiveTimerList1
                0x20000fdc       0x14 ./Middlewares/Third_Party/FreeRTOS/Source/timers.o
 .bss.xActiveTimerList2
                0x20000ff0       0x14 ./Middlewares/Third_Party/FreeRTOS/Source/timers.o
 .bss.pxCurrentTimerList
                0x20001004        0x4 ./Middlewares/Third_Party/FreeRTOS/Source/timers.o
 .bss.pxOverflowTimerList
                0x20001008        0x4 ./Middlewares/Third_Party/FreeRTOS/Source/timers.o
 .bss.xTimerQueue
                0x2000100c        0x4 ./Middlewares/Third_Party/FreeRTOS/Source/timers.o
 .bss.xTimerTaskHandle
                0x20001010        0x4 ./Middlewares/Third_Party/FreeRTOS/Source/timers.o
 .bss.xLastTime.2
                0x20001014        0x4 ./Middlewares/Third_Party/FreeRTOS/Source/timers.o
 .bss.ucStaticTimerQueueStorage.1
                0x20001018       0xa0 ./Middlewares/Third_Party/FreeRTOS/Source/timers.o
 .bss.xStaticTimerQueue.0
                0x200010b8       0x50 ./Middlewares/Third_Party/FreeRTOS/Source/timers.o
 .bss.ucMaxSysCallPriority
                0x20001108        0x1 ./Middlewares/Third_Party/FreeRTOS/Source/portable/GCC/ARM_CM4F/port.o
 *fill*         0x20001109        0x3 
 .bss.ulMaxPRIGROUPValue
                0x2000110c        0x4 ./Middlewares/Third_Party/FreeRTOS/Source/portable/GCC/ARM_CM4F/port.o
 .bss.ucHeap    0x20001110     0x3c00 ./Middlewares/Third_Party/FreeRTOS/Source/portable/MemMang/heap_4.o
 .bss.xStart    0x20004d10        0x8 ./Middlewares/Third_Party/FreeRTOS/Source/portable/MemMang/heap_4.o
 .bss.pxEnd     0x20004d18        0x4 ./Middlewares/Third_Party/FreeRTOS/Source/portable/MemMang/heap_4.o
 .bss.xFreeBytesRemaining
                0x20004d1c        0x4 ./Middlewares/Third_Party/FreeRTOS/Source/portable/MemMang/heap_4.o
 .bss.xMinimumEverFreeBytesRemaining
                0x20004d20        0x4 ./Middlewares/Third_Party/FreeRTOS/Source/portable/MemMang/heap_4.o
 .bss.xNumberOfSuccessfulAllocations
                0x20004d24        0x4 ./Middlewares/Third_Party/FreeRTOS/Source/portable/MemMang/heap_4.o
 .bss.xNumberOfSuccessfulFrees
                0x20004d28        0x4 ./Middlewares/Third_Party/FreeRTOS/Source/portable/MemMang/heap_4.o
 .bss.xBlockAllocatedBit
                0x20004d2c        0x4 ./Middlewares/Third_Party/FreeRTOS/Source/portable/MemMang/heap_4.o
 .bss.hUsbDeviceFS
                0x20004d30      0x2dc ./USB_DEVICE/App/usb_device.o
                0x20004d30                hUsbDeviceFS
 .bss.UserRxBufferFS
                0x2000500c      0x800 ./USB_DEVICE/App/usbd_cdc_if.o
                0x2000500c                UserRxBufferFS
 .bss.UserTxBufferFS
                0x2000580c      0x800 ./USB_DEVICE/App/usbd_cdc_if.o
                0x2000580c                UserTxBufferFS
 .bss.USBD_StrDesc
                0x2000600c      0x200 ./USB_DEVICE/App/usbd_desc.o
                0x2000600c                USBD_StrDesc
 .bss.hpcd_USB_OTG_FS
                0x2000620c      0x4e4 ./USB_DEVICE/Target/usbd_conf.o
                0x2000620c                hpcd_USB_OTG_FS
 .bss.mem.0     0x200066f0      0x220 ./USB_DEVICE/Target/usbd_conf.o
 .bss.__sf      0x20006910      0x138 C:/ST/STM32CubeIDE_1.17.0/STM32CubeIDE/plugins/com.st.stm32cube.ide.mcu.externaltools.gnu-tools-for-stm32.13.3.rel1.win32_1.0.0.202411081344/tools/bin/../lib/gcc/arm-none-eabi/13.3.1/../../../../arm-none-eabi/lib/thumb/v7e-m+fp/hard\libc_nano.a(libc_a-findfp.o)
                0x20006910                __sf
 .bss.__lock___malloc_recursive_mutex
                0x20006a48        0x1 C:/ST/STM32CubeIDE_1.17.0/STM32CubeIDE/plugins/com.st.stm32cube.ide.mcu.externaltools.gnu-tools-for-stm32.13.3.rel1.win32_1.0.0.202411081344/tools/bin/../lib/gcc/arm-none-eabi/13.3.1/../../../../arm-none-eabi/lib/thumb/v7e-m+fp/hard\libc_nano.a(libc_a-lock.o)
                0x20006a48                __lock___malloc_recursive_mutex
 *fill*         0x20006a49        0x3 
 .bss.__malloc_free_list
                0x20006a4c        0x4 C:/ST/STM32CubeIDE_1.17.0/STM32CubeIDE/plugins/com.st.stm32cube.ide.mcu.externaltools.gnu-tools-for-stm32.13.3.rel1.win32_1.0.0.202411081344/tools/bin/../lib/gcc/arm-none-eabi/13.3.1/../../../../arm-none-eabi/lib/thumb/v7e-m+fp/hard\libc_nano.a(libc_a-mallocr.o)
                0x20006a4c                __malloc_free_list
 *(COMMON)
                0x20006a50                        . = ALIGN (0x4)
                0x20006a50                        _ebss = .
                0x20006a50                        __bss_end__ = _ebss

._user_heap_stack
                0x20006a50      0x600 load address 0x0800d3f0
                0x20006a50                        . = ALIGN (0x8)
                [!provide]                        PROVIDE (end = .)
                0x20006a50                        PROVIDE (_end = .)
                0x20006c50                        . = (. + _Min_Heap_Size)
 *fill*         0x20006a50      0x200 
                0x20007050                        . = (. + _Min_Stack_Size)
 *fill*         0x20006c50      0x400 
                0x20007050                        . = ALIGN (0x8)

/DISCARD/
 libc.a(*)
 libm.a(*)
 libgcc.a(*)

.ARM.attributes