Archive member included to satisfy reference by file (symbol)

C:/ST/STM32CubeIDE_1.17.0/STM32CubeIDE/plugins/com.st.stm32cube.ide.mcu.externaltools.gnu-tools-for-stm32.13.3.rel1.win32_1.0.0.202411081344/tools/bin/../lib/gcc/arm-none-eabi/13.3.1/../../../../arm-none-eabi/lib/thumb/v7e-m+fp/hard\libc_nano.a(libc_a-exit.o)
                              C:/ST/STM32CubeIDE_1.17.0/STM32CubeIDE/plugins/com.st.stm32cube.ide.mcu.externaltools.gnu-tools-for-stm32.13.3.rel1.win32_1.0.0.202411081344/tools/bin/../lib/gcc/arm-none-eabi/13.3.1/../../../../arm-none-eabi/lib/thumb/v7e-m+fp/hard/crt0.o (exit)
C:/ST/STM32CubeIDE_1.17.0/STM32CubeIDE/plugins/com.st.stm32cube.ide.mcu.externaltools.gnu-tools-for-stm32.13.3.rel1.win32_1.0.0.202411081344/tools/bin/../lib/gcc/arm-none-eabi/13.3.1/../../../../arm-none-eabi/lib/thumb/v7e-m+fp/hard\libc_nano.a(libc_a-findfp.o)
                              ./Middlewares/Third_Party/FreeRTOS/Source/tasks.o (__sf)
C:/ST/STM32CubeIDE_1.17.0/STM32CubeIDE/plugins/com.st.stm32cube.ide.mcu.externaltools.gnu-tools-for-stm32.13.3.rel1.win32_1.0.0.202411081344/tools/bin/../lib/gcc/arm-none-eabi/13.3.1/../../../../arm-none-eabi/lib/thumb/v7e-m+fp/hard\libc_nano.a(libc_a-fwalk.o)
                              C:/ST/STM32CubeIDE_1.17.0/STM32CubeIDE/plugins/com.st.stm32cube.ide.mcu.externaltools.gnu-tools-for-stm32.13.3.rel1.win32_1.0.0.202411081344/tools/bin/../lib/gcc/arm-none-eabi/13.3.1/../../../../arm-none-eabi/lib/thumb/v7e-m+fp/hard\libc_nano.a(libc_a-findfp.o) (_fwalk_sglue)
C:/ST/STM32CubeIDE_1.17.0/STM32CubeIDE/plugins/com.st.stm32cube.ide.mcu.externaltools.gnu-tools-for-stm32.13.3.rel1.win32_1.0.0.202411081344/tools/bin/../lib/gcc/arm-none-eabi/13.3.1/../../../../arm-none-eabi/lib/thumb/v7e-m+fp/hard\libc_nano.a(libc_a-stdio.o)
                              C:/ST/STM32CubeIDE_1.17.0/STM32CubeIDE/plugins/com.st.stm32cube.ide.mcu.externaltools.gnu-tools-for-stm32.13.3.rel1.win32_1.0.0.202411081344/tools/bin/../lib/gcc/arm-none-eabi/13.3.1/../../../../arm-none-eabi/lib/thumb/v7e-m+fp/hard\libc_nano.a(libc_a-findfp.o) (__sread)
C:/ST/STM32CubeIDE_1.17.0/STM32CubeIDE/plugins/com.st.stm32cube.ide.mcu.externaltools.gnu-tools-for-stm32.13.3.rel1.win32_1.0.0.202411081344/tools/bin/../lib/gcc/arm-none-eabi/13.3.1/../../../../arm-none-eabi/lib/thumb/v7e-m+fp/hard\libc_nano.a(libc_a-memset.o)
                              C:/ST/STM32CubeIDE_1.17.0/STM32CubeIDE/plugins/com.st.stm32cube.ide.mcu.externaltools.gnu-tools-for-stm32.13.3.rel1.win32_1.0.0.202411081344/tools/bin/../lib/gcc/arm-none-eabi/13.3.1/../../../../arm-none-eabi/lib/thumb/v7e-m+fp/hard/crt0.o (memset)
C:/ST/STM32CubeIDE_1.17.0/STM32CubeIDE/plugins/com.st.stm32cube.ide.mcu.externaltools.gnu-tools-for-stm32.13.3.rel1.win32_1.0.0.202411081344/tools/bin/../lib/gcc/arm-none-eabi/13.3.1/../../../../arm-none-eabi/lib/thumb/v7e-m+fp/hard\libc_nano.a(libc_a-closer.o)
                              C:/ST/STM32CubeIDE_1.17.0/STM32CubeIDE/plugins/com.st.stm32cube.ide.mcu.externaltools.gnu-tools-for-stm32.13.3.rel1.win32_1.0.0.202411081344/tools/bin/../lib/gcc/arm-none-eabi/13.3.1/../../../../arm-none-eabi/lib/thumb/v7e-m+fp/hard\libc_nano.a(libc_a-stdio.o) (_close_r)
C:/ST/STM32CubeIDE_1.17.0/STM32CubeIDE/plugins/com.st.stm32cube.ide.mcu.externaltools.gnu-tools-for-stm32.13.3.rel1.win32_1.0.0.202411081344/tools/bin/../lib/gcc/arm-none-eabi/13.3.1/../../../../arm-none-eabi/lib/thumb/v7e-m+fp/hard\libc_nano.a(libc_a-reent.o)
                              ./Middlewares/Third_Party/FreeRTOS/Source/tasks.o (_reclaim_reent)
C:/ST/STM32CubeIDE_1.17.0/STM32CubeIDE/plugins/com.st.stm32cube.ide.mcu.externaltools.gnu-tools-for-stm32.13.3.rel1.win32_1.0.0.202411081344/tools/bin/../lib/gcc/arm-none-eabi/13.3.1/../../../../arm-none-eabi/lib/thumb/v7e-m+fp/hard\libc_nano.a(libc_a-impure.o)
                              ./Middlewares/Third_Party/FreeRTOS/Source/tasks.o (_impure_ptr)
C:/ST/STM32CubeIDE_1.17.0/STM32CubeIDE/plugins/com.st.stm32cube.ide.mcu.externaltools.gnu-tools-for-stm32.13.3.rel1.win32_1.0.0.202411081344/tools/bin/../lib/gcc/arm-none-eabi/13.3.1/../../../../arm-none-eabi/lib/thumb/v7e-m+fp/hard\libc_nano.a(libc_a-lseekr.o)
                              C:/ST/STM32CubeIDE_1.17.0/STM32CubeIDE/plugins/com.st.stm32cube.ide.mcu.externaltools.gnu-tools-for-stm32.13.3.rel1.win32_1.0.0.202411081344/tools/bin/../lib/gcc/arm-none-eabi/13.3.1/../../../../arm-none-eabi/lib/thumb/v7e-m+fp/hard\libc_nano.a(libc_a-stdio.o) (_lseek_r)
C:/ST/STM32CubeIDE_1.17.0/STM32CubeIDE/plugins/com.st.stm32cube.ide.mcu.externaltools.gnu-tools-for-stm32.13.3.rel1.win32_1.0.0.202411081344/tools/bin/../lib/gcc/arm-none-eabi/13.3.1/../../../../arm-none-eabi/lib/thumb/v7e-m+fp/hard\libc_nano.a(libc_a-readr.o)
[...]
Memory Configuration

Name             Origin             Length             Attributes
RAM              0x20000000         0x00020000         xrw
FLASH            0x08000000         0x00080000         xr
*default*        0x00000000         0xffffffff

Linker script and memory map

LOAD C:/ST/STM32CubeIDE_1.17.0/STM32CubeIDE/plugins/com.st.stm32cube.ide.mcu.externaltools.gnu-tools-for-stm32.13.3.rel1.win32_1.0.0.202411081344/tools/bin/../lib/gcc/arm-none-eabi/13.3.1/thumb/v7e-m+fp/hard/crti.o
LOAD C:/ST/STM32CubeIDE_1.17.0/STM32CubeIDE/plugins/com.st.stm32cube.ide.mcu.externaltools.gnu-tools-for-stm32.13.3.rel1.win32_1.0.0.202411081344/tools/bin/../lib/gcc/arm-none-eabi/13.3.1/thumb/v7e-m+fp/hard/crtbegin.o
LOAD C:/ST/STM32CubeIDE_1.17.0/STM32CubeIDE/plugins/com.st.stm32cube.ide.mcu.externaltools.gnu-tools-for-stm32.13.3.rel1.win32_1.0.0.202411081344/tools/bin/../lib/gcc/arm-none-eabi/13.3.1/../../../../arm-none-eabi/lib/thumb/v7e-m+fp/hard/crt0.o
LOAD ./Core/Src/freertos.o
LOAD ./Core/Src/main.o
LOAD ./Core/Src/nrf24.o
LOAD ./Core/Src/radio.o
LOAD ./Core/Src/stm32f4xx_hal_msp.o
LOAD ./Core/Src/stm32f4xx_hal_timebase_tim.o
LOAD ./Core/Src/stm32f4xx_it.o
LOAD ./Core/Src/syscalls.o
LOAD ./Core/Src/sysmem.o
LOAD ./Core/Src/system_stm32f4xx.o
LOAD ./Core/Startup/startup_stm32f411ceux.o
LOAD ./Drivers/STM32F4xx_HAL_Driver/Src/stm32f4xx_hal.o
LOAD ./Drivers/STM32F4xx_HAL_Driver/Src/stm32f4xx_hal_adc.o
LOAD ./Drivers/STM32F4xx_HAL_Driver/Src/stm32f4xx_hal_adc_ex.o
LOAD ./Drivers/STM32F4xx_HAL_Driver/Src/stm32f4xx_hal_cortex.o
LOAD ./Drivers/STM32F4xx_HAL_Driver/Src/stm32f4xx_hal_dma.o
LOAD ./Drivers/STM32F4xx_HAL_Driver/Src/stm32f4xx_hal_dma_ex.o
LOAD ./Drivers/STM32F4xx_HAL_Driver/Src/stm32f4xx_hal_exti.o
LOAD ./Drivers/STM32F4xx_HAL_Driver/Src/stm32f4xx_hal_flash.o
LOAD ./Drivers/STM32F4xx_HAL_Driver/Src/stm32f4xx_hal_flash_ex.o
LOAD ./Drivers/STM32F4xx_HAL_Driver/Src/stm32f4xx_hal_flash_ramfunc.o
LOAD ./Drivers/STM32F4xx_HAL_Driver/Src/stm32f4xx_hal_gpio.o
LOAD ./Drivers/STM32F4xx_HAL_Driver/Src/stm32f4xx_hal_i2c.o
LOAD ./Drivers/STM32F4xx_HAL_Driver/Src/stm32f4xx_hal_i2c_ex.o
LOAD ./Drivers/STM32F4xx_HAL_Driver/Src/stm32f4xx_hal_pcd.o
LOAD ./Drivers/STM32F4xx_HAL_Driver/Src/stm32f4xx_hal_pcd_ex.o
LOAD ./Drivers/STM32F4xx_HAL_Driver/Src/stm32f4xx_hal_pwr.o
LOAD ./Drivers/STM32F4xx_HAL_Driver/Src/stm32f4xx_hal_pwr_ex.o
LOAD ./Drivers/STM32F4xx_HAL_Driver/Src/stm32f4xx_hal_rcc.o
LOAD ./Drivers/STM32F4xx_HAL_Driver/Src/stm32f4xx_hal_rcc_ex.o
LOAD ./Drivers/STM32F4xx_HAL_Driver/Src/stm32f4xx_hal_spi.o
LOAD ./Drivers/STM32F4xx_HAL_Driver/Src/stm32f4xx_hal_tim.o
LOAD ./Drivers/STM32F4xx_HAL_Driver/Src/stm32f4xx_hal_tim_ex.o
LOAD ./Drivers/STM32F4xx_HAL_Driver/Src/stm32f4xx_hal_uart.o
LOAD ./Drivers/STM32F4xx_HAL_Driver/Src/stm32f4xx_ll_adc.o
LOAD ./Drivers/STM32F4xx_HAL_Driver/Src/stm32f4xx_ll_usb.o
LOAD ./Middlewares/ST/STM32_USB_Device_Library/Class/CDC/Src/usbd_cdc.o
LOAD ./Middlewares/ST/STM32_USB_Device_Library/Core/Src/usbd_core.o
LOAD ./Middlewares/ST/STM32_USB_Device_Library/Core/Src/usbd_ctlreq.o
LOAD ./Middlewares/ST/STM32_USB_Device_Library/Core/Src/usbd_ioreq.o
LOAD ./Middlewares/Third_Party/FreeRTOS/Source/CMSIS_RTOS_V2/cmsis_os2.o
LOAD ./Middlewares/Third_Party/FreeRTOS/Source/croutine.o
LOAD ./Middlewares/Third_Party/FreeRTOS/Source/event_groups.o
LOAD ./Middlewares/Third_Party/FreeRTOS/Source/list.o
LOAD ./Middlewares/Third_Party/FreeRTOS/Source/queue.o
LOAD ./Middlewares/Third_Party/FreeRTOS/Source/stream_buffer.o
LOAD ./Middlewares/Third_Party/FreeRTOS/Source/tasks.o
LOAD ./Middlewares/Third_Party/FreeRTOS/Source/timers.o
LOAD ./Middlewares/Third_Party/FreeRTOS/Source/portable/GCC/ARM_CM4F/port.o
LOAD ./Middlewares/Third_Party/FreeRTOS/Source/portable/MemMang/heap_4.o
LOAD ./USB_DEVICE/App/usb_device.o
LOAD ./USB_DEVICE/App/usbd_cdc_if.o
LOAD ./USB_DEVICE/App/usbd_desc.o
LOAD ./USB_DEVICE/Target/usbd_conf.o
START GROUP
LOAD C:/ST/STM32CubeIDE_1.17.0/STM32CubeIDE/plugins/com.st.stm32cube.ide.mcu.externaltools.gnu-tools-for-stm32.13.3.rel1.win32_1.0.0.202411081344/tools/bin/../lib/gcc/arm-none-eabi/13.3.1/../../../../arm-none-eabi/lib/thumb/v7e-m+fp/hard\libc_nano.a
LOAD C:/ST/STM32CubeIDE_1.17.0/STM32CubeIDE/plugins/com.st.stm32cube.ide.mcu.externaltools.gnu-tools-for-stm32.13.3.rel1.win32_1.0.0.202411081344/tools/bin/../lib/gcc/arm-none-eabi/13.3.1/../../../../arm-none-eabi/lib/thumb/v7e-m+fp/hard\libm.a
END GROUP
START GROUP
LOAD C:/ST/STM32CubeIDE_1.17.0/STM32CubeIDE/plugins/com.st.stm32cube.ide.mcu.externaltools.gnu-tools-for-stm32.13.3.rel1.win32_1.0.0.202411081344/tools/bin/../lib/gcc/arm-none-eabi/13.3.1/thumb/v7e-m+fp/hard\libgcc.a
LOAD C:/ST/STM32CubeIDE_1.17.0/STM32CubeIDE/plugins/com.st.stm32cube.ide.mcu.externaltools.gnu-tools-for-stm32.13.3.rel1.win32_1.0.0.202411081344/tools/bin/../lib/gcc/arm-none-eabi/13.3.1/../../../../arm-none-eabi/lib/thumb/v7e-m+fp/hard\libc_nano.a
END GROUP
START GROUP
LOAD C:/ST/STM32CubeIDE_1.17.0/STM32CubeIDE/plugins/com.st.stm32cube.ide.mcu.externaltools.gnu-tools-for-stm32.13.3.rel1.win32_1.0.0.202411081344/tools/bin/../lib/gcc/arm-none-eabi/13.3.1/thumb/v7e-m+fp/hard\libgcc.a
LOAD C:/ST/STM32CubeIDE_1.17.0/STM32CubeIDE/plugins/com.st.stm32cube.ide.mcu.externaltools.gnu-tools-for-stm32.13.3.rel1.win32_1.0.0.202411081344/tools/bin/../lib/gcc/arm-none-eabi/13.3.1/../../../../arm-none-eabi/lib/thumb/v7e-m+fp/hard\libc_nano.a
LOAD C:/ST/STM32CubeIDE_1.17.0/STM32CubeIDE/plugins/com.st.stm32cube.ide.mcu.externaltools.gnu-tools-for-stm32.13.3.rel1.win32_1.0.0.202411081344/tools/bin/../lib/gcc/arm-none-eabi/13.3.1/../../../../arm-none-eabi/lib/thumb/v7e-m+fp/hard\libnosys.a
END GROUP
START GROUP
LOAD C:/ST/STM32CubeIDE_1.17.0/STM32CubeIDE/plugins/com.st.stm32cube.ide.mcu.externaltools.gnu-tools-for-stm32.13.3.rel1.win32_1.0.0.202411081344/tools/bin/../lib/gcc/arm-none-eabi/13.3.1/thumb/v7e-m+fp/hard\libgcc.a
LOAD C:/ST/STM32CubeIDE_1.17.0/STM32CubeIDE/plugins/com.st.stm32cube.ide.mcu.externaltools.gnu-tools-for-stm32.13.3.rel1.win32_1.0.0.202411081344/tools/bin/../lib/gcc/arm-none-eabi/13.3.1/../../../../arm-none-eabi/lib/thumb/v7e-m+fp/hard\libc_nano.a
LOAD C:/ST/STM32CubeIDE_1.17.0/STM32CubeIDE/plugins/com.st.stm32cube.ide.mcu.externaltools.gnu-tools-for-stm32.13.3.rel1.win32_1.0.0.202411081344/tools/bin/../lib/gcc/arm-none-eabi/13.3.1/../../../../arm-none-eabi/lib/thumb/v7e-m+fp/hard\libnosys.a
END GROUP
LOAD C:/ST/STM32CubeIDE_1.17.0/STM32CubeIDE/plugins/com.st.stm32cube.ide.mcu.externaltools.gnu-tools-for-stm32.13.3.rel1.win32_1.0.0.202411081344/tools/bin/../lib/gcc/arm-none-eabi/13.3.1/thumb/v7e-m+fp/hard/crtend.o
LOAD C:/ST/STM32CubeIDE_1.17.0/STM32CubeIDE/plugins/com.st.stm32cube.ide.mcu.externaltools.gnu-tools-for-stm32.13.3.rel1.win32_1.0.0.202411081344/tools/bin/../lib/gcc/arm-none-eabi/13.3.1/thumb/v7e-m+fp/hard/crtn.o
                0x20020000                        _estack = (ORIGIN (RAM) + LENGTH (RAM))
                0x00000200                        _Min_Heap_Size = 0x200
                0x00000400                        _Min_Stack_Size = 0x400

.isr_vector     0x08000000      0x198
                0x08000000                        . = ALIGN (0x4)
 *(.isr_vector)
 .isr_vector    0x08000000      0x198 ./Core/Startup/startup_stm32f411ceux.o
                0x08000000                g_pfnVectors
                0x08000198                        . = ALIGN (0x4)

.text           0x080001a0     0xd180
                0x080001a0                        . = ALIGN (0x4)
 *(.text)
 .text          0x080001a0       0x40 C:/ST/STM32CubeIDE_1.17.0/STM32CubeIDE/plugins/com.st.stm32cube.ide.mcu.externaltools.gnu-tools-for-stm32.13.3.rel1.win32_1.0.0.202411081344/tools/bin/../lib/gcc/arm-none-eabi/13.3.1/thumb/v7e-m+fp/hard/crtbegin.o
 .text          0x080001e0       0x30 C:/ST/STM32CubeIDE_1.17.0/STM32CubeIDE/plugins/com.st.stm32cube.ide.mcu.externaltools.gnu-tools-for-stm32.13.3.rel1.win32_1.0.0.202411081344/tools/bin/../lib/gcc/arm-none-eabi/13.3.1/thumb/v7e-m+fp/hard\libgcc.a(_aeabi_uldivmod.o)
                0x080001e0                __aeabi_uldivmod
 .text          0x08000210      0x2f8 C:/ST/STM32CubeIDE_1.17.0/STM32CubeIDE/plugins/com.st.stm32cube.ide.mcu.externaltools.gnu-tools-for-stm32.13.3.rel1.win32_1.0.0.202411081344/tools/bin/../lib/gcc/arm-none-eabi/13.3.1/thumb/v7e-m+fp/hard\libgcc.a(_udivmoddi4.o)
                0x08000210                __udivmoddi4
 .text          0x08000508        0x4 C:/ST/STM32CubeIDE_1.17.0/STM32CubeIDE/plugins/com.st.stm32cube.ide.mcu.externaltools.gnu-tools-for-stm32.13.3.rel1.win32_1.0.0.202411081344/tools/bin/../lib/gcc/arm-none-eabi/13.3.1/thumb/v7e-m+fp/hard\libgcc.a(_dvmd_tls.o)
                0x08000508                __aeabi_idiv0
                0x08000508                __aeabi_ldiv0
 *(.text*)
 .text.main     0x0800050c       0xa0 ./Core/Src/main.o
                0x0800050c                main
 .text.SystemClock_Config
                0x080005ac       0xd0 ./Core/Src/main.o
                0x080005ac                SystemClock_Config
 .text.MX_ADC1_Init
                0x0800067c      0x130 ./Core/Src/main.o
 .text.MX_I2C1_Init
                0x080007ac       0x5c ./Core/Src/main.o
 .text.MX_SPI1_Init
                0x08000808       0x6c ./Core/Src/main.o
 .text.MX_USART1_UART_Init
                0x08000874       0x54 ./Core/Src/main.o
 .text.MX_DMA_Init
                0x080008c8       0x40 ./Core/Src/main.o
 .text.MX_GPIO_Init
                0x08000908      0x184 ./Core/Src/main.o
 .text.StartDefaultTask
                0x08000a8c       0x2c ./Core/Src/main.o
                0x08000a8c                StartDefaultTask
 .text.send_usb_data_func
                0x08000ab8       0x10 ./Core/Src/main.o
                0x08000ab8                send_usb_data_func
 .text.read_nrf_func
                0x08000ac8       0x10 ./Core/Src/main.o
                0x08000ac8                read_nrf_func
 .text.send_nrf_func
                0x08000ad8       0x10 ./Core/Src/main.o
                0x08000ad8                send_nrf_func
 .text.HAL_TIM_PeriodElapsedCallback
                0x08000ae8       0x1e ./Core/Src/main.o
                0x08000ae8                HAL_TIM_PeriodElapsedCallback
 .text.Error_Handler
                0x08000b06        0xc ./Core/Src/main.o
                0x08000b06                Error_Handler
 *fill*         0x08000b12        0x2 
 .text.nRF24_CSN_L
                0x08000b14       0x18 ./Core/Src/nrf24.o
 .text.nRF24_CSN_H
                0x08000b2c       0x18 ./Core/Src/nrf24.o
 .text.nRF24_LL_RW
                0x08000b44       0x38 ./Core/Src/nrf24.o
 .text.nRF24_ReadReg
                0x08000b7c       0x34 ./Core/Src/nrf24.o
 .text.nRF24_WriteReg
                0x08000bb0       0x70 ./Core/Src/nrf24.o
 .text.nRF24_ReadMBReg
                0x08000c20       0x44 ./Core/Src/nrf24.o
 .text.nRF24_WriteMBReg
                0x08000c64       0x42 ./Core/Src/nrf24.o
 .text.nRF24_Init
                0x08000ca6       0x98 ./Core/Src/nrf24.o
                0x08000ca6                nRF24_Init
 *fill*         0x08000d3e        0x2 
 .text.nRF24_Check
                0x08000d40       0x5c ./Core/Src/nrf24.o
                0x08000d40                nRF24_Check
 .text.nRF24_SetPowerMode
                0x08000d9c       0x3e ./Core/Src/nrf24.o
                0x08000d9c                nRF24_SetPowerMode
 .text.nRF24_SetOperationalMode
                0x08000dda       0x42 ./Core/Src/nrf24.o
                0x08000dda                nRF24_SetOperationalMode
 .text.nRF24_SetCRCScheme
                0x08000e1c       0x42 ./Core/Src/nrf24.o
                0x08000e1c                nRF24_SetCRCScheme
 .text.nRF24_SetRFChannel
                0x08000e5e       0x1c ./Core/Src/nrf24.o
                0x08000e5e                nRF24_SetRFChannel
 .text.nRF24_SetAddrWidth
                0x08000e7a       0x20 ./Core/Src/nrf24.o
                0x08000e7a                nRF24_SetAddrWidth
 *fill*         0x08000e9a        0x2 
 .text.nRF24_SetAddr
                0x08000e9c       0x94 ./Core/Src/nrf24.o
                0x08000e9c                nRF24_SetAddr
 .text.nRF24_SetTXPower
                0x08000f30       0x36 ./Core/Src/nrf24.o
                0x08000f30                nRF24_SetTXPower
 .text.nRF24_SetDataRate
                0x08000f66       0x36 ./Core/Src/nrf24.o
                0x08000f66                nRF24_SetDataRate
 .text.nRF24_SetRXPipe
                0x08000f9c       0xa8 ./Core/Src/nrf24.o
                0x08000f9c                nRF24_SetRXPipe
 .text.nRF24_DisableAA
                0x08001044       0x4e ./Core/Src/nrf24.o
                0x08001044                nRF24_DisableAA
 .text.nRF24_GetStatus
                0x08001092       0x10 ./Core/Src/nrf24.o
                0x08001092                nRF24_GetStatus
 .text.nRF24_GetStatus_RXFIFO
                0x080010a2       0x16 ./Core/Src/nrf24.o
                0x080010a2                nRF24_GetStatus_RXFIFO
 .text.nRF24_FlushTX
                0x080010b8       0x10 ./Core/Src/nrf24.o
                0x080010b8                nRF24_FlushTX
 .text.nRF24_FlushRX
                0x080010c8       0x10 ./Core/Src/nrf24.o
                0x080010c8                nRF24_FlushRX
 .text.nRF24_ClearIRQFlags
                0x080010d8       0x2a ./Core/Src/nrf24.o
                0x080010d8                nRF24_ClearIRQFlags
 .text.nRF24_WritePayload
                0x08001102       0x20 ./Core/Src/nrf24.o
                0x08001102                nRF24_WritePayload
 .text.nRF24_GetRxDplPayloadWidth
                0x08001122       0x28 ./Core/Src/nrf24.o
 *fill*         0x0800114a        0x2 
 .text.nRF24_ReadPayloadGeneric
                0x0800114c       0x90 ./Core/Src/nrf24.o
 .text.nRF24_ReadPayload
                0x080011dc       0x1e ./Core/Src/nrf24.o
                0x080011dc                nRF24_ReadPayload
 *fill*         0x080011fa        0x2 
 .text.nRF24_CE_L
                0x080011fc       0x18 ./Core/Src/radio.o
 .text.nRF24_CE_H
                0x08001214       0x18 ./Core/Src/radio.o
 .text.UART_SendChar
                0x0800122c       0x1c ./Core/Src/radio.o
                0x0800122c                UART_SendChar
 .text.UART_SendStr
                0x08001248       0x18 ./Core/Src/radio.o
                0x08001248                UART_SendStr
 .text.Toggle_LED
                0x08001260       0x18 ./Core/Src/radio.o
                0x08001260                Toggle_LED
 .text.UART_SendBufHex
                0x08001278       0x5c ./Core/Src/radio.o
                0x08001278                UART_SendBufHex
 .text.UART_SendHex8
                0x080012d4       0x3c ./Core/Src/radio.o
                0x080012d4                UART_SendHex8
 .text.UART_SendInt
                0x08001310       0x94 ./Core/Src/radio.o
                0x08001310                UART_SendInt
 .text.nRF24_TransmitPacket
                0x080013a4       0xa0 ./Core/Src/radio.o
                0x080013a4                nRF24_TransmitPacket
 .text.send_payload
                0x08001444       0xb4 ./Core/Src/radio.o
                0x08001444                send_payload
 .text.sendCommande
                0x080014f8       0xdc ./Core/Src/radio.o
                0x080014f8                sendCommande
 .text.runRadio
                0x080015d4      0x1a8 ./Core/Src/radio.o
                0x080015d4                runRadio
 .text.HAL_MspInit
                0x0800177c       0x58 ./Core/Src/stm32f4xx_hal_msp.o
                0x0800177c                HAL_MspInit
 .text.HAL_ADC_MspInit
                0x080017d4      0x100 ./Core/Src/stm32f4xx_hal_msp.o
                0x080017d4                HAL_ADC_MspInit
 .text.HAL_I2C_MspInit
                0x080018d4       0x90 ./Core/Src/stm32f4xx_hal_msp.o
                0x080018d4                HAL_I2C_MspInit
 .text.HAL_SPI_MspInit
                0x08001964       0x90 ./Core/Src/stm32f4xx_hal_msp.o
                0x08001964                HAL_SPI_MspInit
 .text.HAL_UART_MspInit
                0x080019f4       0x90 ./Core/Src/stm32f4xx_hal_msp.o
                0x080019f4                HAL_UART_MspInit
 .text.HAL_InitTick
                0x08001a84       0xf8 ./Core/Src/stm32f4xx_hal_timebase_tim.o
                0x08001a84                HAL_InitTick
 .text.NMI_Handler
                0x08001b7c        0x8 ./Core/Src/stm32f4xx_it.o
                0x08001b7c                NMI_Handler
 .text.HardFault_Handler
                0x08001b84        0x8 ./Core/Src/stm32f4xx_it.o
                0x08001b84                HardFault_Handler
 .text.MemManage_Handler
                0x08001b8c        0x8 ./Core/Src/stm32f4xx_it.o
                0x08001b8c                MemManage_Handler
 .text.BusFault_Handler
                0x08001b94        0x8 ./Core/Src/stm32f4xx_it.o
                0x08001b94                BusFault_Handler
 .text.UsageFault_Handler
                0x08001b9c        0x8 ./Core/Src/stm32f4xx_it.o
                0x08001b9c                UsageFault_Handler
 .text.DebugMon_Handler
                0x08001ba4        0xe ./Core/Src/stm32f4xx_it.o
                0x08001ba4                DebugMon_Handler
 *fill*         0x08001bb2        0x2 
 .text.ADC_IRQHandler
                0x08001bb4       0x14 ./Core/Src/stm32f4xx_it.o
                0x08001bb4                ADC_IRQHandler
 .text.TIM2_IRQHandler
                0x08001bc8       0x14 ./Core/Src/stm32f4xx_it.o
                0x08001bc8                TIM2_IRQHandler
 .text.DMA2_Stream0_IRQHandler
                0x08001bdc       0x14 ./Core/Src/stm32f4xx_it.o
                0x08001bdc                DMA2_Stream0_IRQHandler
 .text.OTG_FS_IRQHandler
                0x08001bf0       0x14 ./Core/Src/stm32f4xx_it.o
                0x08001bf0                OTG_FS_IRQHandler
 .text.SystemInit
                0x08001c04       0x24 ./Core/Src/system_stm32f4xx.o
                0x08001c04                SystemInit
 .text.Reset_Handler
                0x08001c28       0x50 ./Core/Startup/startup_stm32f411ceux.o
                0x08001c28                Reset_Handler
 .text.Default_Handler
                0x08001c78        0x2 ./Core/Startup/startup_stm32f411ceux.o
                0x08001c78                RTC_Alarm_IRQHandler
                0x08001c78                EXTI2_IRQHandler
                0x08001c78                SPI4_IRQHandler
                0x08001c78                TIM1_CC_IRQHandler
                0x08001c78                DMA2_Stream5_IRQHandler
                0x08001c78                DMA1_Stream5_IRQHandler
                0x08001c78                PVD_IRQHandler
                0x08001c78                SDIO_IRQHandler
                0x08001c78                TAMP_STAMP_IRQHandler
                0x08001c78                EXTI3_IRQHandler
                0x08001c78                TIM1_UP_TIM10_IRQHandler
                0x08001c78                I2C3_ER_IRQHandler
                0x08001c78                EXTI0_IRQHandler
                0x08001c78                I2C2_EV_IRQHandler
                0x08001c78                DMA1_Stream2_IRQHandler
                0x08001c78                FPU_IRQHandler
                0x08001c78                DMA2_Stream2_IRQHandler
                0x08001c78                SPI1_IRQHandler
                0x08001c78                TIM1_BRK_TIM9_IRQHandler
                0x08001c78                DMA2_Stream3_IRQHandler
                0x08001c78                USART6_IRQHandler
                0x08001c78                TIM4_IRQHandler
                0x08001c78                I2C1_EV_IRQHandler
                0x08001c78                DMA1_Stream6_IRQHandler
                0x08001c78                DMA1_Stream1_IRQHandler
                0x08001c78                TIM3_IRQHandler
                0x08001c78                RCC_IRQHandler
                0x08001c78                Default_Handler
                0x08001c78                EXTI15_10_IRQHandler
                0x08001c78                DMA1_Stream7_IRQHandler
                0x08001c78                SPI5_IRQHandler
                0x08001c78                TIM5_IRQHandler
                0x08001c78                DMA2_Stream7_IRQHandler
                0x08001c78                I2C3_EV_IRQHandler
                0x08001c78                EXTI9_5_IRQHandler
                0x08001c78                RTC_WKUP_IRQHandler
                0x08001c78                SPI2_IRQHandler
                0x08001c78                DMA1_Stream0_IRQHandler
                0x08001c78                EXTI4_IRQHandler
                0x08001c78                WWDG_IRQHandler
                0x08001c78                OTG_FS_WKUP_IRQHandler
                0x08001c78                TIM1_TRG_COM_TIM11_IRQHandler
                0x08001c78                EXTI1_IRQHandler
                0x08001c78                USART2_IRQHandler
                0x08001c78                I2C2_ER_IRQHandler
                0x08001c78                DMA2_Stream1_IRQHandler
                0x08001c78                FLASH_IRQHandler
                0x08001c78                DMA2_Stream4_IRQHandler
                0x08001c78                USART1_IRQHandler
                0x08001c78                SPI3_IRQHandler
                0x08001c78                DMA1_Stream4_IRQHandler
                0x08001c78                I2C1_ER_IRQHandler
                0x08001c78                DMA2_Stream6_IRQHandler
                0x08001c78                DMA1_Stream3_IRQHandler
 *fill*         0x08001c7a        0x2 
 .text.HAL_Init
                0x08001c7c       0x44 ./Drivers/STM32F4xx_HAL_Driver/Src/stm32f4xx_hal.o
                0x08001c7c                HAL_Init
 .text.HAL_IncTick
                0x08001cc0       0x28 ./Drivers/STM32F4xx_HAL_Driver/Src/stm32f4xx_hal.o
                0x08001cc0                HAL_IncTick
 .text.HAL_GetTick
                0x08001ce8       0x18 ./Drivers/STM32F4xx_HAL_Driver/Src/stm32f4xx_hal.o
                0x08001ce8                HAL_GetTick
 .text.HAL_Delay
                0x08001d00       0x48 ./Drivers/STM32F4xx_HAL_Driver/Src/stm32f4xx_hal.o
                0x08001d00                HAL_Delay
 .text.HAL_ADC_Init
                0x08001d48       0x86 ./Drivers/STM32F4xx_HAL_Driver/Src/stm32f4xx_hal_adc.o
                0x08001d48                HAL_ADC_Init
 .text.HAL_ADC_IRQHandler
                0x08001dce      0x220 ./Drivers/STM32F4xx_HAL_Driver/Src/stm32f4xx_hal_adc.o
                0x08001dce                HAL_ADC_IRQHandler
 *fill*         0x08001fee        0x2 
 .text.HAL_ADC_Start_DMA
                0x08001ff0      0x1e8 ./Drivers/STM32F4xx_HAL_Driver/Src/stm32f4xx_hal_adc.o
                0x08001ff0                HAL_ADC_Start_DMA
 .text.HAL_ADC_ConvCpltCallback
                0x080021d8       0x14 ./Drivers/STM32F4xx_HAL_Driver/Src/stm32f4xx_hal_adc.o
                0x080021d8                HAL_ADC_ConvCpltCallback
 .text.HAL_ADC_ConvHalfCpltCallback
                0x080021ec       0x14 ./Drivers/STM32F4xx_HAL_Driver/Src/stm32f4xx_hal_adc.o
                0x080021ec                HAL_ADC_ConvHalfCpltCallback
 .text.HAL_ADC_LevelOutOfWindowCallback
                0x08002200       0x14 ./Drivers/STM32F4xx_HAL_Driver/Src/stm32f4xx_hal_adc.o
                0x08002200                HAL_ADC_LevelOutOfWindowCallback
 .text.HAL_ADC_ErrorCallback
                0x08002214       0x14 ./Drivers/STM32F4xx_HAL_Driver/Src/stm32f4xx_hal_adc.o
                0x08002214                HAL_ADC_ErrorCallback
 .text.HAL_ADC_ConfigChannel
                0x08002228      0x264 ./Drivers/STM32F4xx_HAL_Driver/Src/stm32f4xx_hal_adc.o
                0x08002228                HAL_ADC_ConfigChannel
 .text.ADC_Init
                0x0800248c      0x1f8 ./Drivers/STM32F4xx_HAL_Driver/Src/stm32f4xx_hal_adc.o
 .text.ADC_DMAConvCplt
                0x08002684       0xba ./Drivers/STM32F4xx_HAL_Driver/Src/stm32f4xx_hal_adc.o
 .text.ADC_DMAHalfConvCplt
                0x0800273e       0x1c ./Drivers/STM32F4xx_HAL_Driver/Src/stm32f4xx_hal_adc.o
 .text.ADC_DMAError
                0x0800275a       0x2e ./Drivers/STM32F4xx_HAL_Driver/Src/stm32f4xx_hal_adc.o
 .text.HAL_ADCEx_InjectedConvCpltCallback
                0x08002788       0x14 ./Drivers/STM32F4xx_HAL_Driver/Src/stm32f4xx_hal_adc_ex.o
                0x08002788                HAL_ADCEx_InjectedConvCpltCallback
 .text.__NVIC_SetPriorityGrouping
                0x0800279c       0x48 ./Drivers/STM32F4xx_HAL_Driver/Src/stm32f4xx_hal_cortex.o
 .text.__NVIC_GetPriorityGrouping
                0x080027e4       0x1c ./Drivers/STM32F4xx_HAL_Driver/Src/stm32f4xx_hal_cortex.o
 .text.__NVIC_EnableIRQ
                0x08002800       0x3c ./Drivers/STM32F4xx_HAL_Driver/Src/stm32f4xx_hal_cortex.o
 .text.__NVIC_SetPriority
                0x0800283c       0x54 ./Drivers/STM32F4xx_HAL_Driver/Src/stm32f4xx_hal_cortex.o
 .text.NVIC_EncodePriority
                0x08002890       0x66 ./Drivers/STM32F4xx_HAL_Driver/Src/stm32f4xx_hal_cortex.o
 .text.HAL_NVIC_SetPriorityGrouping
                0x080028f6       0x16 ./Drivers/STM32F4xx_HAL_Driver/Src/stm32f4xx_hal_cortex.o
                0x080028f6                HAL_NVIC_SetPriorityGrouping
 .text.HAL_NVIC_SetPriority
                0x0800290c       0x38 ./Drivers/STM32F4xx_HAL_Driver/Src/stm32f4xx_hal_cortex.o
                0x0800290c                HAL_NVIC_SetPriority
 .text.HAL_NVIC_EnableIRQ
                0x08002944       0x1c ./Drivers/STM32F4xx_HAL_Driver/Src/stm32f4xx_hal_cortex.o
                0x08002944                HAL_NVIC_EnableIRQ
 .text.HAL_DMA_Init
                0x08002960      0x15c ./Drivers/STM32F4xx_HAL_Driver/Src/stm32f4xx_hal_dma.o
                0x08002960                HAL_DMA_Init
 .text.HAL_DMA_Start_IT
                0x08002abc       0xb0 ./Drivers/STM32F4xx_HAL_Driver/Src/stm32f4xx_hal_dma.o
                0x08002abc                HAL_DMA_Start_IT
 .text.HAL_DMA_IRQHandler
                0x08002b6c      0x314 ./Drivers/STM32F4xx_HAL_Driver/Src/stm32f4xx_hal_dma.o
                0x08002b6c                HAL_DMA_IRQHandler
 .text.DMA_SetConfig
                0x08002e80       0x5c ./Drivers/STM32F4xx_HAL_Driver/Src/stm32f4xx_hal_dma.o
 .text.DMA_CalcBaseAndBitshift
                0x08002edc       0x6c ./Drivers/STM32F4xx_HAL_Driver/Src/stm32f4xx_hal_dma.o
 .text.DMA_CheckFifoParam
                0x08002f48       0xf8 ./Drivers/STM32F4xx_HAL_Driver/Src/stm32f4xx_hal_dma.o
 .text.HAL_GPIO_Init
                0x08003040      0x308 ./Drivers/STM32F4xx_HAL_Driver/Src/stm32f4xx_hal_gpio.o
                0x08003040                HAL_GPIO_Init
 .text.HAL_GPIO_ReadPin
                0x08003348       0x30 ./Drivers/STM32F4xx_HAL_Driver/Src/stm32f4xx_hal_gpio.o
                0x08003348                HAL_GPIO_ReadPin
 .text.HAL_GPIO_WritePin
                0x08003378       0x32 ./Drivers/STM32F4xx_HAL_Driver/Src/stm32f4xx_hal_gpio.o
                0x08003378                HAL_GPIO_WritePin
 .text.HAL_GPIO_TogglePin
                0x080033aa       0x34 ./Drivers/STM32F4xx_HAL_Driver/Src/stm32f4xx_hal_gpio.o
                0x080033aa                HAL_GPIO_TogglePin
 *fill*         0x080033de        0x2 
 .text.HAL_I2C_Init
                0x080033e0      0x288 ./Drivers/STM32F4xx_HAL_Driver/Src/stm32f4xx_hal_i2c.o
                0x080033e0                HAL_I2C_Init
 .text.HAL_PCD_Init
                0x08003668      0x21e ./Drivers/STM32F4xx_HAL_Driver/Src/stm32f4xx_hal_pcd.o
                0x08003668                HAL_PCD_Init
 .text.HAL_PCD_Start
                0x08003886       0x6a ./Drivers/STM32F4xx_HAL_Driver/Src/stm32f4xx_hal_pcd.o
                0x08003886                HAL_PCD_Start
 .text.HAL_PCD_IRQHandler
                0x080038f0      0x942 ./Drivers/STM32F4xx_HAL_Driver/Src/stm32f4xx_hal_pcd.o
                0x080038f0                HAL_PCD_IRQHandler
 .text.HAL_PCD_SetAddress
                0x08004232       0x48 ./Drivers/STM32F4xx_HAL_Driver/Src/stm32f4xx_hal_pcd.o
                0x08004232                HAL_PCD_SetAddress
 .text.HAL_PCD_EP_Open
                0x0800427a       0xd4 ./Drivers/STM32F4xx_HAL_Driver/Src/stm32f4xx_hal_pcd.o
                0x0800427a                HAL_PCD_EP_Open
 .text.HAL_PCD_EP_Close
                0x0800434e       0x94 ./Drivers/STM32F4xx_HAL_Driver/Src/stm32f4xx_hal_pcd.o
                0x0800434e                HAL_PCD_EP_Close
 .text.HAL_PCD_EP_Receive
                0x080043e2       0x76 ./Drivers/STM32F4xx_HAL_Driver/Src/stm32f4xx_hal_pcd.o
                0x080043e2                HAL_PCD_EP_Receive
 .text.HAL_PCD_EP_GetRxCount
                0x08004458       0x30 ./Drivers/STM32F4xx_HAL_Driver/Src/stm32f4xx_hal_pcd.o
                0x08004458                HAL_PCD_EP_GetRxCount
 .text.HAL_PCD_EP_Transmit
                0x08004488       0x74 ./Drivers/STM32F4xx_HAL_Driver/Src/stm32f4xx_hal_pcd.o
                0x08004488                HAL_PCD_EP_Transmit
 .text.HAL_PCD_EP_SetStall
                0x080044fc       0xc6 ./Drivers/STM32F4xx_HAL_Driver/Src/stm32f4xx_hal_pcd.o
                0x080044fc                HAL_PCD_EP_SetStall
 .text.HAL_PCD_EP_ClrStall
                0x080045c2       0xac ./Drivers/STM32F4xx_HAL_Driver/Src/stm32f4xx_hal_pcd.o
                0x080045c2                HAL_PCD_EP_ClrStall
 .text.HAL_PCD_EP_Abort
                0x0800466e       0x62 ./Drivers/STM32F4xx_HAL_Driver/Src/stm32f4xx_hal_pcd.o
                0x0800466e                HAL_PCD_EP_Abort
 .text.PCD_WriteEmptyTxFifo
                0x080046d0      0x118 ./Drivers/STM32F4xx_HAL_Driver/Src/stm32f4xx_hal_pcd.o
 .text.PCD_EP_OutXfrComplete_int
                0x080047e8      0x1d0 ./Drivers/STM32F4xx_HAL_Driver/Src/stm32f4xx_hal_pcd.o
 .text.PCD_EP_OutSetupPacket_int
                0x080049b8       0x8c ./Drivers/STM32F4xx_HAL_Driver/Src/stm32f4xx_hal_pcd.o
 .text.HAL_PCDEx_SetTxFiFo
                0x08004a44       0x8e ./Drivers/STM32F4xx_HAL_Driver/Src/stm32f4xx_hal_pcd_ex.o
                0x08004a44                HAL_PCDEx_SetTxFiFo
 .text.HAL_PCDEx_SetRxFiFo
                0x08004ad2       0x22 ./Drivers/STM32F4xx_HAL_Driver/Src/stm32f4xx_hal_pcd_ex.o
                0x08004ad2                HAL_PCDEx_SetRxFiFo
 .text.HAL_PCDEx_LPM_Callback
                0x08004af4       0x18 ./Drivers/STM32F4xx_HAL_Driver/Src/stm32f4xx_hal_pcd_ex.o
                0x08004af4                HAL_PCDEx_LPM_Callback
 .text.HAL_RCC_OscConfig
                0x08004b0c      0x4f0 ./Drivers/STM32F4xx_HAL_Driver/Src/stm32f4xx_hal_rcc.o
                0x08004b0c                HAL_RCC_OscConfig
 .text.HAL_RCC_ClockConfig
                0x08004ffc      0x1cc ./Drivers/STM32F4xx_HAL_Driver/Src/stm32f4xx_hal_rcc.o
                0x08004ffc                HAL_RCC_ClockConfig
 .text.HAL_RCC_GetSysClockFreq
                0x080051c8      0x18c ./Drivers/STM32F4xx_HAL_Driver/Src/stm32f4xx_hal_rcc.o
                0x080051c8                HAL_RCC_GetSysClockFreq
 .text.HAL_RCC_GetHCLKFreq
                0x08005354       0x18 ./Drivers/STM32F4xx_HAL_Driver/Src/stm32f4xx_hal_rcc.o
                0x08005354                HAL_RCC_GetHCLKFreq
 .text.HAL_RCC_GetPCLK1Freq
                0x0800536c       0x28 ./Drivers/STM32F4xx_HAL_Driver/Src/stm32f4xx_hal_rcc.o
                0x0800536c                HAL_RCC_GetPCLK1Freq
 .text.HAL_RCC_GetPCLK2Freq
                0x08005394       0x28 ./Drivers/STM32F4xx_HAL_Driver/Src/stm32f4xx_hal_rcc.o
                0x08005394                HAL_RCC_GetPCLK2Freq
 .text.HAL_RCC_GetClockConfig
                0x080053bc       0x64 ./Drivers/STM32F4xx_HAL_Driver/Src/stm32f4xx_hal_rcc.o
                0x080053bc                HAL_RCC_GetClockConfig
 .text.HAL_SPI_Init
                0x08005420      0x112 ./Drivers/STM32F4xx_HAL_Driver/Src/stm32f4xx_hal_spi.o
                0x08005420                HAL_SPI_Init
 .text.HAL_SPI_TransmitReceive
                0x08005532      0x352 ./Drivers/STM32F4xx_HAL_Driver/Src/stm32f4xx_hal_spi.o
                0x08005532                HAL_SPI_TransmitReceive
 .text.SPI_WaitFlagStateUntilTimeout
                0x08005884      0x110 ./Drivers/STM32F4xx_HAL_Driver/Src/stm32f4xx_hal_spi.o
 .text.SPI_EndRxTxTransaction
                0x08005994       0xa8 ./Drivers/STM32F4xx_HAL_Driver/Src/stm32f4xx_hal_spi.o
 .text.HAL_TIM_Base_Init
                0x08005a3c       0x9e ./Drivers/STM32F4xx_HAL_Driver/Src/stm32f4xx_hal_tim.o
                0x08005a3c                HAL_TIM_Base_Init
 .text.HAL_TIM_Base_MspInit
                0x08005ada       0x14 ./Drivers/STM32F4xx_HAL_Driver/Src/stm32f4xx_hal_tim.o
                0x08005ada                HAL_TIM_Base_MspInit
 *fill*         0x08005aee        0x2 
 .text.HAL_TIM_Base_Start_IT
                0x08005af0       0xc4 ./Drivers/STM32F4xx_HAL_Driver/Src/stm32f4xx_hal_tim.o
                0x08005af0                HAL_TIM_Base_Start_IT
 .text.HAL_TIM_IRQHandler
                0x08005bb4      0x1e0 ./Drivers/STM32F4xx_HAL_Driver/Src/stm32f4xx_hal_tim.o
                0x08005bb4                HAL_TIM_IRQHandler
 .text.HAL_TIM_OC_DelayElapsedCallback
                0x08005d94       0x14 ./Drivers/STM32F4xx_HAL_Driver/Src/stm32f4xx_hal_tim.o
                0x08005d94                HAL_TIM_OC_DelayElapsedCallback
 .text.HAL_TIM_IC_CaptureCallback
                0x08005da8       0x14 ./Drivers/STM32F4xx_HAL_Driver/Src/stm32f4xx_hal_tim.o
                0x08005da8                HAL_TIM_IC_CaptureCallback
 .text.HAL_TIM_PWM_PulseFinishedCallback
                0x08005dbc       0x14 ./Drivers/STM32F4xx_HAL_Driver/Src/stm32f4xx_hal_tim.o
                0x08005dbc                HAL_TIM_PWM_PulseFinishedCallback
 .text.HAL_TIM_TriggerCallback
                0x08005dd0       0x14 ./Drivers/STM32F4xx_HAL_Driver/Src/stm32f4xx_hal_tim.o
                0x08005dd0                HAL_TIM_TriggerCallback
 .text.TIM_Base_SetConfig
                0x08005de4      0x10c ./Drivers/STM32F4xx_HAL_Driver/Src/stm32f4xx_hal_tim.o
                0x08005de4                TIM_Base_SetConfig
 .text.HAL_TIMEx_CommutCallback
                0x08005ef0       0x14 ./Drivers/STM32F4xx_HAL_Driver/Src/stm32f4xx_hal_tim_ex.o
                0x08005ef0                HAL_TIMEx_CommutCallback
 .text.HAL_TIMEx_BreakCallback
                0x08005f04       0x14 ./Drivers/STM32F4xx_HAL_Driver/Src/stm32f4xx_hal_tim_ex.o
                0x08005f04                HAL_TIMEx_BreakCallback
 .text.HAL_UART_Init
                0x08005f18       0xa0 ./Drivers/STM32F4xx_HAL_Driver/Src/stm32f4xx_hal_uart.o
                0x08005f18                HAL_UART_Init
 .text.UART_SetConfig
                0x08005fb8      0x4e8 ./Drivers/STM32F4xx_HAL_Driver/Src/stm32f4xx_hal_uart.o
 .text.USB_CoreInit
                0x080064a0       0xc8 ./Drivers/STM32F4xx_HAL_Driver/Src/stm32f4xx_ll_usb.o
                0x080064a0                USB_CoreInit
 .text.USB_SetTurnaroundTime
                0x08006568      0x144 ./Drivers/STM32F4xx_HAL_Driver/Src/stm32f4xx_ll_usb.o
                0x08006568                USB_SetTurnaroundTime
 .text.USB_EnableGlobalInt
                0x080066ac       0x22 ./Drivers/STM32F4xx_HAL_Driver/Src/stm32f4xx_ll_usb.o
                0x080066ac                USB_EnableGlobalInt
 .text.USB_DisableGlobalInt
                0x080066ce       0x22 ./Drivers/STM32F4xx_HAL_Driver/Src/stm32f4xx_ll_usb.o
                0x080066ce                USB_DisableGlobalInt
 .text.USB_SetCurrentMode
                0x080066f0       0x98 ./Drivers/STM32F4xx_HAL_Driver/Src/stm32f4xx_ll_usb.o
                0x080066f0                USB_SetCurrentMode
 .text.USB_DevInit
                0x08006788      0x2c8 ./Drivers/STM32F4xx_HAL_Driver/Src/stm32f4xx_ll_usb.o
                0x08006788                USB_DevInit
 .text.USB_FlushTxFifo
                0x08006a50       0x64 ./Drivers/STM32F4xx_HAL_Driver/Src/stm32f4xx_ll_usb.o
                0x08006a50                USB_FlushTxFifo
 .text.USB_FlushRxFifo
                0x08006ab4       0x5c ./Drivers/STM32F4xx_HAL_Driver/Src/stm32f4xx_ll_usb.o
                0x08006ab4                USB_FlushRxFifo
 .text.USB_SetDevSpeed
                0x08006b10       0x32 ./Drivers/STM32F4xx_HAL_Driver/Src/stm32f4xx_ll_usb.o
                0x08006b10                USB_SetDevSpeed
 .text.USB_GetDevSpeed
                0x08006b42       0x4a ./Drivers/STM32F4xx_HAL_Driver/Src/stm32f4xx_ll_usb.o
                0x08006b42                USB_GetDevSpeed
 .text.USB_ActivateEndpoint
                0x08006b8c      0x10e ./Drivers/STM32F4xx_HAL_Driver/Src/stm32f4xx_ll_usb.o
                0x08006b8c                USB_ActivateEndpoint
 *fill*         0x08006c9a        0x2 
 .text.USB_DeactivateEndpoint
                0x08006c9c      0x1b8 ./Drivers/STM32F4xx_HAL_Driver/Src/stm32f4xx_ll_usb.o
                0x08006c9c                USB_DeactivateEndpoint
 .text.USB_EPStartXfer
                0x08006e54      0x53c ./Drivers/STM32F4xx_HAL_Driver/Src/stm32f4xx_ll_usb.o
                0x08006e54                USB_EPStartXfer
 .text.USB_EPStopXfer
                0x08007390      0x154 ./Drivers/STM32F4xx_HAL_Driver/Src/stm32f4xx_ll_usb.o
                0x08007390                USB_EPStopXfer
 .text.USB_WritePacket
                0x080074e4       0x7c ./Drivers/STM32F4xx_HAL_Driver/Src/stm32f4xx_ll_usb.o
                0x080074e4                USB_WritePacket
 .text.USB_ReadPacket
                0x08007560       0xb0 ./Drivers/STM32F4xx_HAL_Driver/Src/stm32f4xx_ll_usb.o
                0x08007560                USB_ReadPacket
 .text.USB_EPSetStall
                0x08007610       0xdc ./Drivers/STM32F4xx_HAL_Driver/Src/stm32f4xx_ll_usb.o
                0x08007610                USB_EPSetStall
 .text.USB_EPClearStall
                0x080076ec       0xcc ./Drivers/STM32F4xx_HAL_Driver/Src/stm32f4xx_ll_usb.o
                0x080076ec                USB_EPClearStall
 .text.USB_SetDevAddress
                0x080077b8       0x4c ./Drivers/STM32F4xx_HAL_Driver/Src/stm32f4xx_ll_usb.o
                0x080077b8                USB_SetDevAddress
 .text.USB_DevConnect
                0x08007804       0x42 ./Drivers/STM32F4xx_HAL_Driver/Src/stm32f4xx_ll_usb.o
                0x08007804                USB_DevConnect
 .text.USB_DevDisconnect
                0x08007846       0x42 ./Drivers/STM32F4xx_HAL_Driver/Src/stm32f4xx_ll_usb.o
                0x08007846                USB_DevDisconnect
 .text.USB_ReadInterrupts
                0x08007888       0x26 ./Drivers/STM32F4xx_HAL_Driver/Src/stm32f4xx_ll_usb.o
                0x08007888                USB_ReadInterrupts
 .text.USB_ReadDevAllOutEpInterrupt
                0x080078ae       0x34 ./Drivers/STM32F4xx_HAL_Driver/Src/stm32f4xx_ll_usb.o
                0x080078ae                USB_ReadDevAllOutEpInterrupt
 .text.USB_ReadDevAllInEpInterrupt
                0x080078e2       0x34 ./Drivers/STM32F4xx_HAL_Driver/Src/stm32f4xx_ll_usb.o
                0x080078e2                USB_ReadDevAllInEpInterrupt
 .text.USB_ReadDevOutEPInterrupt
                0x08007916       0x3c ./Drivers/STM32F4xx_HAL_Driver/Src/stm32f4xx_ll_usb.o
                0x08007916                USB_ReadDevOutEPInterrupt
 .text.USB_ReadDevInEPInterrupt
                0x08007952       0x5c ./Drivers/STM32F4xx_HAL_Driver/Src/stm32f4xx_ll_usb.o
                0x08007952                USB_ReadDevInEPInterrupt
 .text.USB_GetMode
                0x080079ae       0x1c ./Drivers/STM32F4xx_HAL_Driver/Src/stm32f4xx_ll_usb.o
                0x080079ae                USB_GetMode
 .text.USB_ActivateSetup
                0x080079ca       0x46 ./Drivers/STM32F4xx_HAL_Driver/Src/stm32f4xx_ll_usb.o
                0x080079ca                USB_ActivateSetup
 .text.USB_EP0_OutStart
                0x08007a10       0xbc ./Drivers/STM32F4xx_HAL_Driver/Src/stm32f4xx_ll_usb.o
                0x08007a10                USB_EP0_OutStart
 .text.USB_CoreReset
                0x08007acc       0x70 ./Drivers/STM32F4xx_HAL_Driver/Src/stm32f4xx_ll_usb.o
 .text.USBD_CDC_Init
                0x08007b3c      0x1f0 ./Middlewares/ST/STM32_USB_Device_Library/Class/CDC/Src/usbd_cdc.o
 .text.USBD_CDC_DeInit
                0x08007d2c      0x104 ./Middlewares/ST/STM32_USB_Device_Library/Class/CDC/Src/usbd_cdc.o
 .text.USBD_CDC_Setup
                0x08007e30      0x1b8 ./Middlewares/ST/STM32_USB_Device_Library/Class/CDC/Src/usbd_cdc.o
 .text.USBD_CDC_DataIn
                0x08007fe8       0xfe ./Middlewares/ST/STM32_USB_Device_Library/Class/CDC/Src/usbd_cdc.o
 .text.USBD_CDC_DataOut
                0x080080e6       0x70 ./Middlewares/ST/STM32_USB_Device_Library/Class/CDC/Src/usbd_cdc.o
 .text.USBD_CDC_EP0_RxReady
                0x08008156       0x74 ./Middlewares/ST/STM32_USB_Device_Library/Class/CDC/Src/usbd_cdc.o
 *fill*         0x080081ca        0x2 
 .text.USBD_CDC_GetFSCfgDesc
                0x080081cc       0x70 ./Middlewares/ST/STM32_USB_Device_Library/Class/CDC/Src/usbd_cdc.o
 .text.USBD_CDC_GetHSCfgDesc
                0x0800823c       0x70 ./Middlewares/ST/STM32_USB_Device_Library/Class/CDC/Src/usbd_cdc.o
 .text.USBD_CDC_GetOtherSpeedCfgDesc
                0x080082ac       0x70 ./Middlewares/ST/STM32_USB_Device_Library/Class/CDC/Src/usbd_cdc.o
 .text.USBD_CDC_GetDeviceQualifierDescriptor
                0x0800831c       0x20 ./Middlewares/ST/STM32_USB_Device_Library/Class/CDC/Src/usbd_cdc.o
                0x0800831c                USBD_CDC_GetDeviceQualifierDescriptor
 .text.USBD_CDC_RegisterInterface
                0x0800833c       0x34 ./Middlewares/ST/STM32_USB_Device_Library/Class/CDC/Src/usbd_cdc.o
                0x0800833c                USBD_CDC_RegisterInterface
 .text.USBD_CDC_SetTxBuffer
                0x08008370       0x44 ./Middlewares/ST/STM32_USB_Device_Library/Class/CDC/Src/usbd_cdc.o
                0x08008370                USBD_CDC_SetTxBuffer
 .text.USBD_CDC_SetRxBuffer
                0x080083b4       0x3a ./Middlewares/ST/STM32_USB_Device_Library/Class/CDC/Src/usbd_cdc.o
                0x080083b4                USBD_CDC_SetRxBuffer
 *fill*         0x080083ee        0x2 
 .text.USBD_CDC_TransmitPacket
                0x080083f0       0x80 ./Middlewares/ST/STM32_USB_Device_Library/Class/CDC/Src/usbd_cdc.o
                0x080083f0                USBD_CDC_TransmitPacket
 .text.USBD_CDC_ReceivePacket
                0x08008470       0x6c ./Middlewares/ST/STM32_USB_Device_Library/Class/CDC/Src/usbd_cdc.o
                0x08008470                USBD_CDC_ReceivePacket
 .text.USBD_Init
                0x080084dc       0x60 ./Middlewares/ST/STM32_USB_Device_Library/Core/Src/usbd_core.o
                0x080084dc                USBD_Init
 .text.USBD_RegisterClass
                0x0800853c       0x6c ./Middlewares/ST/STM32_USB_Device_Library/Core/Src/usbd_core.o
                0x0800853c                USBD_RegisterClass
 .text.USBD_Start
                0x080085a8       0x18 ./Middlewares/ST/STM32_USB_Device_Library/Core/Src/usbd_core.o
                0x080085a8                USBD_Start
 .text.USBD_RunTestMode
                0x080085c0       0x16 ./Middlewares/ST/STM32_USB_Device_Library/Core/Src/usbd_core.o
                0x080085c0                USBD_RunTestMode
 .text.USBD_SetClassConfig
                0x080085d6       0x38 ./Middlewares/ST/STM32_USB_Device_Library/Core/Src/usbd_core.o
                0x080085d6                USBD_SetClassConfig
 .text.USBD_ClrClassConfig
                0x0800860e       0x34 ./Middlewares/ST/STM32_USB_Device_Library/Core/Src/usbd_core.o
                0x0800860e                USBD_ClrClassConfig
 .text.USBD_LL_SetupStage
                0x08008642       0xaa ./Middlewares/ST/STM32_USB_Device_Library/Core/Src/usbd_core.o
                0x08008642                USBD_LL_SetupStage
 .text.USBD_LL_DataOutStage
                0x080086ec      0x178 ./Middlewares/ST/STM32_USB_Device_Library/Core/Src/usbd_core.o
                0x080086ec                USBD_LL_DataOutStage
 .text.USBD_LL_DataInStage
                0x08008864      0x176 ./Middlewares/ST/STM32_USB_Device_Library/Core/Src/usbd_core.o
                0x08008864                USBD_LL_DataInStage
 .text.USBD_LL_Reset
                0x080089da       0xa6 ./Middlewares/ST/STM32_USB_Device_Library/Core/Src/usbd_core.o
                0x080089da                USBD_LL_Reset
 .text.USBD_LL_SetSpeed
                0x08008a80       0x20 ./Middlewares/ST/STM32_USB_Device_Library/Core/Src/usbd_core.o
                0x08008a80                USBD_LL_SetSpeed
 .text.USBD_LL_Suspend
                0x08008aa0       0x38 ./Middlewares/ST/STM32_USB_Device_Library/Core/Src/usbd_core.o
                0x08008aa0                USBD_LL_Suspend
 .text.USBD_LL_Resume
                0x08008ad8       0x30 ./Middlewares/ST/STM32_USB_Device_Library/Core/Src/usbd_core.o
                0x08008ad8                USBD_LL_Resume
 .text.USBD_LL_SOF
                0x08008b08       0x40 ./Middlewares/ST/STM32_USB_Device_Library/Core/Src/usbd_core.o
                0x08008b08                USBD_LL_SOF
 .text.USBD_LL_IsoINIncomplete
                0x08008b48       0x64 ./Middlewares/ST/STM32_USB_Device_Library/Core/Src/usbd_core.o
                0x08008b48                USBD_LL_IsoINIncomplete
 .text.USBD_LL_IsoOUTIncomplete
                0x08008bac       0x64 ./Middlewares/ST/STM32_USB_Device_Library/Core/Src/usbd_core.o
                0x08008bac                USBD_LL_IsoOUTIncomplete
 .text.USBD_LL_DevConnected
                0x08008c10       0x16 ./Middlewares/ST/STM32_USB_Device_Library/Core/Src/usbd_core.o
                0x08008c10                USBD_LL_DevConnected
 .text.USBD_LL_DevDisconnected
                0x08008c26       0x46 ./Middlewares/ST/STM32_USB_Device_Library/Core/Src/usbd_core.o
                0x08008c26                USBD_LL_DevDisconnected
 .text.USBD_CoreFindIF
                0x08008c6c       0x1a ./Middlewares/ST/STM32_USB_Device_Library/Core/Src/usbd_core.o
                0x08008c6c                USBD_CoreFindIF
 .text.USBD_CoreFindEP
                0x08008c86       0x1a ./Middlewares/ST/STM32_USB_Device_Library/Core/Src/usbd_core.o
                0x08008c86                USBD_CoreFindEP
 .text.USBD_GetEpDesc
                0x08008ca0       0x70 ./Middlewares/ST/STM32_USB_Device_Library/Core/Src/usbd_core.o
                0x08008ca0                USBD_GetEpDesc
 .text.USBD_GetNextDesc
                0x08008d10       0x38 ./Middlewares/ST/STM32_USB_Device_Library/Core/Src/usbd_core.o
                0x08008d10                USBD_GetNextDesc
 .text.SWAPBYTE
                0x08008d48       0x3e ./Middlewares/ST/STM32_USB_Device_Library/Core/Src/usbd_ctlreq.o
 *fill*         0x08008d86        0x2 
 .text.USBD_StdDevReq
                0x08008d88       0xe4 ./Middlewares/ST/STM32_USB_Device_Library/Core/Src/usbd_ctlreq.o
                0x08008d88                USBD_StdDevReq
 .text.USBD_StdItfReq
                0x08008e6c       0xd8 ./Middlewares/ST/STM32_USB_Device_Library/Core/Src/usbd_ctlreq.o
                0x08008e6c                USBD_StdItfReq
 .text.USBD_StdEPReq
                0x08008f44      0x33e ./Middlewares/ST/STM32_USB_Device_Library/Core/Src/usbd_ctlreq.o
                0x08008f44                USBD_StdEPReq
 *fill*         0x08009282        0x2 
 .text.USBD_GetDescriptor
                0x08009284      0x2d4 ./Middlewares/ST/STM32_USB_Device_Library/Core/Src/usbd_ctlreq.o
 .text.USBD_SetAddress
                0x08009558       0x88 ./Middlewares/ST/STM32_USB_Device_Library/Core/Src/usbd_ctlreq.o
 .text.USBD_SetConfig
                0x080095e0      0x154 ./Middlewares/ST/STM32_USB_Device_Library/Core/Src/usbd_ctlreq.o
 .text.USBD_GetConfig
                0x08009734       0x6c ./Middlewares/ST/STM32_USB_Device_Library/Core/Src/usbd_ctlreq.o
 .text.USBD_GetStatus
                0x080097a0       0x68 ./Middlewares/ST/STM32_USB_Device_Library/Core/Src/usbd_ctlreq.o
 .text.USBD_SetFeature
                0x08009808       0x52 ./Middlewares/ST/STM32_USB_Device_Library/Core/Src/usbd_ctlreq.o
 .text.USBD_ClrFeature
                0x0800985a       0x44 ./Middlewares/ST/STM32_USB_Device_Library/Core/Src/usbd_ctlreq.o
 .text.USBD_ParseSetupRequest
                0x0800989e       0x74 ./Middlewares/ST/STM32_USB_Device_Library/Core/Src/usbd_ctlreq.o
                0x0800989e                USBD_ParseSetupRequest
 .text.USBD_CtlError
                0x08009912       0x22 ./Middlewares/ST/STM32_USB_Device_Library/Core/Src/usbd_ctlreq.o
                0x08009912                USBD_CtlError
 .text.USBD_GetString
                0x08009934       0xa4 ./Middlewares/ST/STM32_USB_Device_Library/Core/Src/usbd_ctlreq.o
                0x08009934                USBD_GetString
 .text.USBD_GetLen
                0x080099d8       0x34 ./Middlewares/ST/STM32_USB_Device_Library/Core/Src/usbd_ctlreq.o
 .text.USBD_CtlSendData
                0x08009a0c       0x3c ./Middlewares/ST/STM32_USB_Device_Library/Core/Src/usbd_ioreq.o
                0x08009a0c                USBD_CtlSendData
 .text.USBD_CtlContinueSendData
                0x08009a48       0x22 ./Middlewares/ST/STM32_USB_Device_Library/Core/Src/usbd_ioreq.o
                0x08009a48                USBD_CtlContinueSendData
 .text.USBD_CtlPrepareRx
                0x08009a6a       0x42 ./Middlewares/ST/STM32_USB_Device_Library/Core/Src/usbd_ioreq.o
                0x08009a6a                USBD_CtlPrepareRx
 .text.USBD_CtlContinueRx
                0x08009aac       0x22 ./Middlewares/ST/STM32_USB_Device_Library/Core/Src/usbd_ioreq.o
                0x08009aac                USBD_CtlContinueRx
 .text.USBD_CtlSendStatus
                0x08009ace       0x26 ./Middlewares/ST/STM32_USB_Device_Library/Core/Src/usbd_ioreq.o
                0x08009ace                USBD_CtlSendStatus
 .text.USBD_CtlReceiveStatus
                0x08009af4       0x26 ./Middlewares/ST/STM32_USB_Device_Library/Core/Src/usbd_ioreq.o
                0x08009af4                USBD_CtlReceiveStatus
 *fill*         0x08009b1a        0x2 
 .text.__NVIC_SetPriority
                0x08009b1c       0x54 ./Middlewares/Third_Party/FreeRTOS/Source/CMSIS_RTOS_V2/cmsis_os2.o
 .text.SysTick_Handler
                0x08009b70       0x20 ./Middlewares/Third_Party/FreeRTOS/Source/CMSIS_RTOS_V2/cmsis_os2.o
                0x08009b70                SysTick_Handler
 .text.SVC_Setup
                0x08009b90       0x12 ./Middlewares/Third_Party/FreeRTOS/Source/CMSIS_RTOS_V2/cmsis_os2.o
 *fill*         0x08009ba2        0x2 
 .text.osKernelInitialize
                0x08009ba4       0x48 ./Middlewares/Third_Party/FreeRTOS/Source/CMSIS_RTOS_V2/cmsis_os2.o
                0x08009ba4                osKernelInitialize
 .text.osKernelStart
                0x08009bec       0x4c ./Middlewares/Third_Party/FreeRTOS/Source/CMSIS_RTOS_V2/cmsis_os2.o
                0x08009bec                osKernelStart
 .text.osThreadNew
                0x08009c38      0x124 ./Middlewares/Third_Party/FreeRTOS/Source/CMSIS_RTOS_V2/cmsis_os2.o
                0x08009c38                osThreadNew
 .text.osDelay  0x08009d5c       0x36 ./Middlewares/Third_Party/FreeRTOS/Source/CMSIS_RTOS_V2/cmsis_os2.o
                0x08009d5c                osDelay
 *fill*         0x08009d92        0x2 
 .text.vApplicationGetIdleTaskMemory
                0x08009d94       0x34 ./Middlewares/Third_Party/FreeRTOS/Source/CMSIS_RTOS_V2/cmsis_os2.o
                0x08009d94                vApplicationGetIdleTaskMemory
 .text.vApplicationGetTimerTaskMemory
                0x08009dc8       0x34 ./Middlewares/Third_Party/FreeRTOS/Source/CMSIS_RTOS_V2/cmsis_os2.o
                0x08009dc8                vApplicationGetTimerTaskMemory
 .text.vListInitialise
                0x08009dfc       0x40 ./Middlewares/Third_Party/FreeRTOS/Source/list.o
                0x08009dfc                vListInitialise
 .text.vListInitialiseItem
                0x08009e3c       0x1a ./Middlewares/Third_Party/FreeRTOS/Source/list.o
                0x08009e3c                vListInitialiseItem
 .text.vListInsertEnd
                0x08009e56       0x48 ./Middlewares/Third_Party/FreeRTOS/Source/list.o
                0x08009e56                vListInsertEnd
 .text.vListInsert
                0x08009e9e       0x72 ./Middlewares/Third_Party/FreeRTOS/Source/list.o
                0x08009e9e                vListInsert
 .text.uxListRemove
                0x08009f10       0x54 ./Middlewares/Third_Party/FreeRTOS/Source/list.o
                0x08009f10                uxListRemove
 .text.xQueueGenericReset
                0x08009f64       0xd4 ./Middlewares/Third_Party/FreeRTOS/Source/queue.o
                0x08009f64                xQueueGenericReset
 .text.xQueueGenericCreateStatic
                0x0800a038       0xfa ./Middlewares/Third_Party/FreeRTOS/Source/queue.o
                0x0800a038                xQueueGenericCreateStatic
 .text.prvInitialiseNewQueue
                0x0800a132       0x46 ./Middlewares/Third_Party/FreeRTOS/Source/queue.o
 .text.xQueueGenericSend
                0x0800a178      0x204 ./Middlewares/Third_Party/FreeRTOS/Source/queue.o
                0x0800a178                xQueueGenericSend
 .text.xQueueGenericSendFromISR
                0x0800a37c      0x13c ./Middlewares/Third_Party/FreeRTOS/Source/queue.o
                0x0800a37c                xQueueGenericSendFromISR
 .text.xQueueReceive
                0x0800a4b8      0x1c4 ./Middlewares/Third_Party/FreeRTOS/Source/queue.o
                0x0800a4b8                xQueueReceive
 .text.prvCopyDataToQueue
                0x0800a67c       0xd4 ./Middlewares/Third_Party/FreeRTOS/Source/queue.o
 .text.prvCopyDataFromQueue
                0x0800a750       0x4c ./Middlewares/Third_Party/FreeRTOS/Source/queue.o
 .text.prvUnlockQueue
                0x0800a79c       0xa4 ./Middlewares/Third_Party/FreeRTOS/Source/queue.o
 .text.prvIsQueueEmpty
                0x0800a840       0x2c ./Middlewares/Third_Party/FreeRTOS/Source/queue.o
 .text.prvIsQueueFull
                0x0800a86c       0x30 ./Middlewares/Third_Party/FreeRTOS/Source/queue.o
 .text.vQueueAddToRegistry
                0x0800a89c       0x54 ./Middlewares/Third_Party/FreeRTOS/Source/queue.o
                0x0800a89c                vQueueAddToRegistry
 .text.vQueueWaitForMessageRestricted
                0x0800a8f0       0x68 ./Middlewares/Third_Party/FreeRTOS/Source/queue.o
                0x0800a8f0                vQueueWaitForMessageRestricted
 .text.xTaskCreateStatic
                0x0800a958       0xc0 ./Middlewares/Third_Party/FreeRTOS/Source/tasks.o
                0x0800a958                xTaskCreateStatic
 .text.xTaskCreate
                0x0800aa18       0x8a ./Middlewares/Third_Party/FreeRTOS/Source/tasks.o
                0x0800aa18                xTaskCreate
 *fill*         0x0800aaa2        0x2 
 .text.prvInitialiseNewTask
                0x0800aaa4      0x150 ./Middlewares/Third_Party/FreeRTOS/Source/tasks.o
 .text.prvAddNewTaskToReadyList
                0x0800abf4       0xe0 ./Middlewares/Third_Party/FreeRTOS/Source/tasks.o
 .text.vTaskDelay
                0x0800acd4       0x6c ./Middlewares/Third_Party/FreeRTOS/Source/tasks.o
                0x0800acd4                vTaskDelay
 .text.vTaskStartScheduler
                0x0800ad40       0xe0 ./Middlewares/Third_Party/FreeRTOS/Source/tasks.o
                0x0800ad40                vTaskStartScheduler
 .text.vTaskSuspendAll
                0x0800ae20       0x1c ./Middlewares/Third_Party/FreeRTOS/Source/tasks.o
                0x0800ae20                vTaskSuspendAll
 .text.xTaskResumeAll
                0x0800ae3c      0x13c ./Middlewares/Third_Party/FreeRTOS/Source/tasks.o
                0x0800ae3c                xTaskResumeAll
 .text.xTaskGetTickCount
                0x0800af78       0x20 ./Middlewares/Third_Party/FreeRTOS/Source/tasks.o
                0x0800af78                xTaskGetTickCount
 .text.xTaskIncrementTick
                0x0800af98      0x174 ./Middlewares/Third_Party/FreeRTOS/Source/tasks.o
                0x0800af98                xTaskIncrementTick
 .text.vTaskSwitchContext
                0x0800b10c       0xcc ./Middlewares/Third_Party/FreeRTOS/Source/tasks.o
                0x0800b10c                vTaskSwitchContext
 .text.vTaskPlaceOnEventList
                0x0800b1d8       0x4c ./Middlewares/Third_Party/FreeRTOS/Source/tasks.o
                0x0800b1d8                vTaskPlaceOnEventList
 .text.vTaskPlaceOnEventListRestricted
                0x0800b224       0x58 ./Middlewares/Third_Party/FreeRTOS/Source/tasks.o
                0x0800b224                vTaskPlaceOnEventListRestricted
 .text.xTaskRemoveFromEventList
                0x0800b27c       0xc8 ./Middlewares/Third_Party/FreeRTOS/Source/tasks.o
                0x0800b27c                xTaskRemoveFromEventList
 .text.vTaskInternalSetTimeOutState
                0x0800b344       0x2c ./Middlewares/Third_Party/FreeRTOS/Source/tasks.o
                0x0800b344                vTaskInternalSetTimeOutState
 .text.xTaskCheckForTimeOut
                0x0800b370       0xc8 ./Middlewares/Third_Party/FreeRTOS/Source/tasks.o
                0x0800b370                xTaskCheckForTimeOut
 .text.vTaskMissedYield
                0x0800b438       0x18 ./Middlewares/Third_Party/FreeRTOS/Source/tasks.o
                0x0800b438                vTaskMissedYield
 .text.prvIdleTask
                0x0800b450       0x30 ./Middlewares/Third_Party/FreeRTOS/Source/tasks.o
 .text.prvInitialiseTaskLists
                0x0800b480       0x80 ./Middlewares/Third_Party/FreeRTOS/Source/tasks.o
 .text.prvCheckTasksWaitingTermination
                0x0800b500       0x5c ./Middlewares/Third_Party/FreeRTOS/Source/tasks.o
 .text.prvDeleteTCB
                0x0800b55c       0x6a ./Middlewares/Third_Party/FreeRTOS/Source/tasks.o
 *fill*         0x0800b5c6        0x2 
 .text.prvResetNextTaskUnblockTime
                0x0800b5c8       0x40 ./Middlewares/Third_Party/FreeRTOS/Source/tasks.o
 .text.xTaskGetSchedulerState
                0x0800b608       0x3c ./Middlewares/Third_Party/FreeRTOS/Source/tasks.o
                0x0800b608                xTaskGetSchedulerState
 .text.xTaskPriorityDisinherit
                0x0800b644       0xe0 ./Middlewares/Third_Party/FreeRTOS/Source/tasks.o
                0x0800b644                xTaskPriorityDisinherit
 .text.prvAddCurrentTaskToDelayedList
                0x0800b724       0xa8 ./Middlewares/Third_Party/FreeRTOS/Source/tasks.o
 .text.xTimerCreateTimerTask
                0x0800b7cc       0x94 ./Middlewares/Third_Party/FreeRTOS/Source/timers.o
                0x0800b7cc                xTimerCreateTimerTask
 .text.xTimerGenericCommand
                0x0800b860       0x9c ./Middlewares/Third_Party/FreeRTOS/Source/timers.o
                0x0800b860                xTimerGenericCommand
 .text.prvProcessExpiredTimer
                0x0800b8fc       0x9c ./Middlewares/Third_Party/FreeRTOS/Source/timers.o
 .text.prvTimerTask
                0x0800b998       0x26 ./Middlewares/Third_Party/FreeRTOS/Source/timers.o
 *fill*         0x0800b9be        0x2 
 .text.prvProcessTimerOrBlockTask
                0x0800b9c0       0x9c ./Middlewares/Third_Party/FreeRTOS/Source/timers.o
 .text.prvGetNextExpireTime
                0x0800ba5c       0x48 ./Middlewares/Third_Party/FreeRTOS/Source/timers.o
 .text.prvSampleTimeNow
                0x0800baa4       0x40 ./Middlewares/Third_Party/FreeRTOS/Source/timers.o
 .text.prvInsertTimerInActiveList
                0x0800bae4       0x84 ./Middlewares/Third_Party/FreeRTOS/Source/timers.o
 .text.prvProcessReceivedCommands
                0x0800bb68      0x1cc ./Middlewares/Third_Party/FreeRTOS/Source/timers.o
 .text.prvSwitchTimerLists
                0x0800bd34       0xcc ./Middlewares/Third_Party/FreeRTOS/Source/timers.o
 .text.prvCheckForValidListAndQueue
                0x0800be00       0x80 ./Middlewares/Third_Party/FreeRTOS/Source/timers.o
 .text.pxPortInitialiseStack
                0x0800be80       0x68 ./Middlewares/Third_Party/FreeRTOS/Source/portable/GCC/ARM_CM4F/port.o
                0x0800be80                pxPortInitialiseStack
 .text.prvTaskExitError
                0x0800bee8       0x5c ./Middlewares/Third_Party/FreeRTOS/Source/portable/GCC/ARM_CM4F/port.o
 *fill*         0x0800bf44        0xc 
 .text.SVC_Handler
                0x0800bf50       0x28 ./Middlewares/Third_Party/FreeRTOS/Source/portable/GCC/ARM_CM4F/port.o
                0x0800bf50                SVC_Handler
 .text.prvPortStartFirstTask
                0x0800bf78       0x28 ./Middlewares/Third_Party/FreeRTOS/Source/portable/GCC/ARM_CM4F/port.o
 .text.xPortStartScheduler
                0x0800bfa0      0x148 ./Middlewares/Third_Party/FreeRTOS/Source/portable/GCC/ARM_CM4F/port.o
                0x0800bfa0                xPortStartScheduler
 .text.vPortEnterCritical
                0x0800c0e8       0x64 ./Middlewares/Third_Party/FreeRTOS/Source/portable/GCC/ARM_CM4F/port.o
                0x0800c0e8                vPortEnterCritical
 .text.vPortExitCritical
                0x0800c14c       0x54 ./Middlewares/Third_Party/FreeRTOS/Source/portable/GCC/ARM_CM4F/port.o
                0x0800c14c                vPortExitCritical
 .text.PendSV_Handler
                0x0800c1a0       0x68 ./Middlewares/Third_Party/FreeRTOS/Source/portable/GCC/ARM_CM4F/port.o
                0x0800c1a0                PendSV_Handler
 .text.xPortSysTickHandler
                0x0800c208       0x44 ./Middlewares/Third_Party/FreeRTOS/Source/portable/GCC/ARM_CM4F/port.o
                0x0800c208                xPortSysTickHandler
 .text.vPortSetupTimerInterrupt
                0x0800c24c       0x48 ./Middlewares/Third_Party/FreeRTOS/Source/portable/GCC/ARM_CM4F/port.o
                0x0800c24c                vPortSetupTimerInterrupt
 .text.vPortEnableVFP
                0x0800c294       0x14 ./Middlewares/Third_Party/FreeRTOS/Source/portable/GCC/ARM_CM4F/port.o
 .text.vPortValidateInterruptPriority
                0x0800c2a8       0x84 ./Middlewares/Third_Party/FreeRTOS/Source/portable/GCC/ARM_CM4F/port.o
                0x0800c2a8                vPortValidateInterruptPriority
 .text.pvPortMalloc
                0x0800c32c      0x19c ./Middlewares/Third_Party/FreeRTOS/Source/portable/MemMang/heap_4.o
                0x0800c32c                pvPortMalloc
 .text.vPortFree
                0x0800c4c8       0xc8 ./Middlewares/Third_Party/FreeRTOS/Source/portable/MemMang/heap_4.o
                0x0800c4c8                vPortFree
 .text.prvHeapInit
                0x0800c590       0xc4 ./Middlewares/Third_Party/FreeRTOS/Source/portable/MemMang/heap_4.o
 .text.prvInsertBlockIntoFreeList
                0x0800c654       0xb4 ./Middlewares/Third_Party/FreeRTOS/Source/portable/MemMang/heap_4.o
 .text.MX_USB_DEVICE_Init
                0x0800c708       0x60 ./USB_DEVICE/App/usb_device.o
                0x0800c708                MX_USB_DEVICE_Init
 .text.CDC_Init_FS
                0x0800c768       0x28 ./USB_DEVICE/App/usbd_cdc_if.o
 .text.CDC_DeInit_FS
                0x0800c790       0x10 ./USB_DEVICE/App/usbd_cdc_if.o
 .text.CDC_Control_FS
                0x0800c7a0       0xbc ./USB_DEVICE/App/usbd_cdc_if.o
 .text.CDC_Receive_FS
                0x0800c85c       0x28 ./USB_DEVICE/App/usbd_cdc_if.o
 .text.CDC_Transmit_FS
                0x0800c884       0x4c ./USB_DEVICE/App/usbd_cdc_if.o
                0x0800c884                CDC_Transmit_FS
 .text.CDC_TransmitCplt_FS
                0x0800c8d0       0x22 ./USB_DEVICE/App/usbd_cdc_if.o
 *fill*         0x0800c8f2        0x2 
 .text.USBD_FS_DeviceDescriptor
                0x0800c8f4       0x24 ./USB_DEVICE/App/usbd_desc.o
                0x0800c8f4                USBD_FS_DeviceDescriptor
 .text.USBD_FS_LangIDStrDescriptor
                0x0800c918       0x24 ./USB_DEVICE/App/usbd_desc.o
                0x0800c918                USBD_FS_LangIDStrDescriptor
 .text.USBD_FS_ProductStrDescriptor
                0x0800c93c       0x3c ./USB_DEVICE/App/usbd_desc.o
                0x0800c93c                USBD_FS_ProductStrDescriptor
 .text.USBD_FS_ManufacturerStrDescriptor
                0x0800c978       0x28 ./USB_DEVICE/App/usbd_desc.o
                0x0800c978                USBD_FS_ManufacturerStrDescriptor
 .text.USBD_FS_SerialStrDescriptor
                0x0800c9a0       0x24 ./USB_DEVICE/App/usbd_desc.o
                0x0800c9a0                USBD_FS_SerialStrDescriptor
 .text.USBD_FS_ConfigStrDescriptor
                0x0800c9c4       0x3c ./USB_DEVICE/App/usbd_desc.o
                0x0800c9c4                USBD_FS_ConfigStrDescriptor
 .text.USBD_FS_InterfaceStrDescriptor
                0x0800ca00       0x3c ./USB_DEVICE/App/usbd_desc.o
                0x0800ca00                USBD_FS_InterfaceStrDescriptor
 .text.Get_SerialNum
                0x0800ca3c       0x58 ./USB_DEVICE/App/usbd_desc.o
 .text.IntToUnicode
                0x0800ca94       0x7e ./USB_DEVICE/App/usbd_desc.o
 *fill*         0x0800cb12        0x2 
 .text.HAL_PCD_MspInit
                0x0800cb14       0xa8 ./USB_DEVICE/Target/usbd_conf.o
                0x0800cb14                HAL_PCD_MspInit
 .text.HAL_PCD_SetupStageCallback
                0x0800cbbc       0x24 ./USB_DEVICE/Target/usbd_conf.o
                0x0800cbbc                HAL_PCD_SetupStageCallback
 .text.HAL_PCD_DataOutStageCallback
                0x0800cbe0       0x36 ./USB_DEVICE/Target/usbd_conf.o
                0x0800cbe0                HAL_PCD_DataOutStageCallback
 .text.HAL_PCD_DataInStageCallback
                0x0800cc16       0x34 ./USB_DEVICE/Target/usbd_conf.o
                0x0800cc16                HAL_PCD_DataInStageCallback
 .text.HAL_PCD_SOFCallback
                0x0800cc4a       0x1c ./USB_DEVICE/Target/usbd_conf.o
                0x0800cc4a                HAL_PCD_SOFCallback
 .text.HAL_PCD_ResetCallback
                0x0800cc66       0x3c ./USB_DEVICE/Target/usbd_conf.o
                0x0800cc66                HAL_PCD_ResetCallback
 *fill*         0x0800cca2        0x2 
 .text.HAL_PCD_SuspendCallback
                0x0800cca4       0x4c ./USB_DEVICE/Target/usbd_conf.o
                0x0800cca4                HAL_PCD_SuspendCallback
 .text.HAL_PCD_ResumeCallback
                0x0800ccf0       0x1c ./USB_DEVICE/Target/usbd_conf.o
                0x0800ccf0                HAL_PCD_ResumeCallback
 .text.HAL_PCD_ISOOUTIncompleteCallback
                0x0800cd0c       0x24 ./USB_DEVICE/Target/usbd_conf.o
                0x0800cd0c                HAL_PCD_ISOOUTIncompleteCallback
 .text.HAL_PCD_ISOINIncompleteCallback
                0x0800cd30       0x24 ./USB_DEVICE/Target/usbd_conf.o
                0x0800cd30                HAL_PCD_ISOINIncompleteCallback
 .text.HAL_PCD_ConnectCallback
                0x0800cd54       0x1c ./USB_DEVICE/Target/usbd_conf.o
                0x0800cd54                HAL_PCD_ConnectCallback
 .text.HAL_PCD_DisconnectCallback
                0x0800cd70       0x1c ./USB_DEVICE/Target/usbd_conf.o
                0x0800cd70                HAL_PCD_DisconnectCallback
 .text.USBD_LL_Init
                0x0800cd8c       0x98 ./USB_DEVICE/Target/usbd_conf.o
                0x0800cd8c                USBD_LL_Init
 .text.USBD_LL_Start
                0x0800ce24       0x36 ./USB_DEVICE/Target/usbd_conf.o
                0x0800ce24                USBD_LL_Start
 .text.USBD_LL_OpenEP
                0x0800ce5a       0x4c ./USB_DEVICE/Target/usbd_conf.o
                0x0800ce5a                USBD_LL_OpenEP
 .text.USBD_LL_CloseEP
                0x0800cea6       0x3e ./USB_DEVICE/Target/usbd_conf.o
                0x0800cea6                USBD_LL_CloseEP
 .text.USBD_LL_StallEP
                0x0800cee4       0x3e ./USB_DEVICE/Target/usbd_conf.o
                0x0800cee4                USBD_LL_StallEP
 .text.USBD_LL_ClearStallEP
                0x0800cf22       0x3e ./USB_DEVICE/Target/usbd_conf.o
                0x0800cf22                USBD_LL_ClearStallEP
 .text.USBD_LL_IsStallEP
                0x0800cf60       0x58 ./USB_DEVICE/Target/usbd_conf.o
                0x0800cf60                USBD_LL_IsStallEP
 .text.USBD_LL_SetUSBAddress
                0x0800cfb8       0x3e ./USB_DEVICE/Target/usbd_conf.o
                0x0800cfb8                USBD_LL_SetUSBAddress
 .text.USBD_LL_Transmit
                0x0800cff6       0x42 ./USB_DEVICE/Target/usbd_conf.o
                0x0800cff6                USBD_LL_Transmit
 .text.USBD_LL_PrepareReceive
                0x0800d038       0x42 ./USB_DEVICE/Target/usbd_conf.o
                0x0800d038                USBD_LL_PrepareReceive
 .text.USBD_LL_GetRxDataSize
                0x0800d07a       0x26 ./USB_DEVICE/Target/usbd_conf.o
                0x0800d07a                USBD_LL_GetRxDataSize
 .text.USBD_static_malloc
                0x0800d0a0       0x1c ./USB_DEVICE/Target/usbd_conf.o
                0x0800d0a0                USBD_static_malloc
 .text.USBD_static_free
                0x0800d0bc       0x14 ./USB_DEVICE/Target/usbd_conf.o
                0x0800d0bc                USBD_static_free
 .text.USBD_Get_USB_Status
                0x0800d0d0       0x58 ./USB_DEVICE/Target/usbd_conf.o
                0x0800d0d0                USBD_Get_USB_Status
 .text.memset   0x0800d128       0x10 C:/ST/STM32CubeIDE_1.17.0/STM32CubeIDE/plugins/com.st.stm32cube.ide.mcu.externaltools.gnu-tools-for-stm32.13.3.rel1.win32_1.0.0.202411081344/tools/bin/../lib/gcc/arm-none-eabi/13.3.1/../../../../arm-none-eabi/lib/thumb/v7e-m+fp/hard\libc_nano.a(libc_a-memset.o)
                0x0800d128                memset
 .text._reclaim_reent
                0x0800d138       0xbc C:/ST/STM32CubeIDE_1.17.0/STM32CubeIDE/plugins/com.st.stm32cube.ide.mcu.externaltools.gnu-tools-for-stm32.13.3.rel1.win32_1.0.0.202411081344/tools/bin/../lib/gcc/arm-none-eabi/13.3.1/../../../../arm-none-eabi/lib/thumb/v7e-m+fp/hard\libc_nano.a(libc_a-reent.o)
                0x0800d138                _reclaim_reent
 .text.__libc_init_array
                0x0800d1f4       0x48 C:/ST/STM32CubeIDE_1.17.0/STM32CubeIDE/plugins/com.st.stm32cube.ide.mcu.externaltools.gnu-tools-for-stm32.13.3.rel1.win32_1.0.0.202411081344/tools/bin/../lib/gcc/arm-none-eabi/13.3.1/../../../../arm-none-eabi/lib/thumb/v7e-m+fp/hard\libc_nano.a(libc_a-init.o)
                0x0800d1f4                __libc_init_array
 .text.__retarget_lock_acquire_recursive
                0x0800d23c        0x2 C:/ST/STM32CubeIDE_1.17.0/STM32CubeIDE/plugins/com.st.stm32cube.ide.mcu.externaltools.gnu-tools-for-stm32.13.3.rel1.win32_1.0.0.202411081344/tools/bin/../lib/gcc/arm-none-eabi/13.3.1/../../../../arm-none-eabi/lib/thumb/v7e-m+fp/hard\libc_nano.a(libc_a-lock.o)
                0x0800d23c                __retarget_lock_acquire_recursive
 .text.__retarget_lock_release_recursive
                0x0800d23e        0x2 C:/ST/STM32CubeIDE_1.17.0/STM32CubeIDE/plugins/com.st.stm32cube.ide.mcu.externaltools.gnu-tools-for-stm32.13.3.rel1.win32_1.0.0.202411081344/tools/bin/../lib/gcc/arm-none-eabi/13.3.1/../../../../arm-none-eabi/lib/thumb/v7e-m+fp/hard\libc_nano.a(libc_a-lock.o)
                0x0800d23e                __retarget_lock_release_recursive
 .text.memcpy   0x0800d240       0x1c C:/ST/STM32CubeIDE_1.17.0/STM32CubeIDE/plugins/com.st.stm32cube.ide.mcu.externaltools.gnu-tools-for-stm32.13.3.rel1.win32_1.0.0.202411081344/tools/bin/../lib/gcc/arm-none-eabi/13.3.1/../../../../arm-none-eabi/lib/thumb/v7e-m+fp/hard\libc_nano.a(libc_a-memcpy-stub.o)
                0x0800d240                memcpy
 .text._free_r  0x0800d25c       0x94 C:/ST/STM32CubeIDE_1.17.0/STM32CubeIDE/plugins/com.st.stm32cube.ide.mcu.externaltools.gnu-tools-for-stm32.13.3.rel1.win32_1.0.0.202411081344/tools/bin/../lib/gcc/arm-none-eabi/13.3.1/../../../../arm-none-eabi/lib/thumb/v7e-m+fp/hard\libc_nano.a(libc_a-freer.o)
                0x0800d25c                _free_r
 .text.__malloc_lock
                0x0800d2f0        0xc C:/ST/STM32CubeIDE_1.17.0/STM32CubeIDE/plugins/com.st.stm32cube.ide.mcu.externaltools.gnu-tools-for-stm32.13.3.rel1.win32_1.0.0.202411081344/tools/bin/../lib/gcc/arm-none-eabi/13.3.1/../../../../arm-none-eabi/lib/thumb/v7e-m+fp/hard\libc_nano.a(libc_a-mlock.o)
                0x0800d2f0                __malloc_lock
 .text.__malloc_unlock
                0x0800d2fc        0xc C:/ST/STM32CubeIDE_1.17.0/STM32CubeIDE/plugins/com.st.stm32cube.ide.mcu.externaltools.gnu-tools-for-stm32.13.3.rel1.win32_1.0.0.202411081344/tools/bin/../lib/gcc/arm-none-eabi/13.3.1/../../../../arm-none-eabi/lib/thumb/v7e-m+fp/hard\libc_nano.a(libc_a-mlock.o)
                0x0800d2fc                __malloc_unlock
 *(.glue_7)
 .glue_7        0x0800d308        0x0 linker stubs
 *(.glue_7t)
 .glue_7t       0x0800d308        0x0 linker stubs
 *(.eh_frame)
 .eh_frame      0x0800d308        0x0 C:/ST/STM32CubeIDE_1.17.0/STM32CubeIDE/plugins/com.st.stm32cube.ide.mcu.externaltools.gnu-tools-for-stm32.13.3.rel1.win32_1.0.0.202411081344/tools/bin/../lib/gcc/arm-none-eabi/13.3.1/thumb/v7e-m+fp/hard/crtbegin.o
 *(.init)
 .init          0x0800d308        0x4 C:/ST/STM32CubeIDE_1.17.0/STM32CubeIDE/plugins/com.st.stm32cube.ide.mcu.externaltools.gnu-tools-for-stm32.13.3.rel1.win32_1.0.0.202411081344/tools/bin/../lib/gcc/arm-none-eabi/13.3.1/thumb/v7e-m+fp/hard/crti.o
                0x0800d308                _init
 .init          0x0800d30c        0x8 C:/ST/STM32CubeIDE_1.17.0/STM32CubeIDE/plugins/com.st.stm32cube.ide.mcu.externaltools.gnu-tools-for-stm32.13.3.rel1.win32_1.0.0.202411081344/tools/bin/../lib/gcc/arm-none-eabi/13.3.1/thumb/v7e-m+fp/hard/crtn.o
 *(.fini)
 .fini          0x0800d314        0x4 C:/ST/STM32CubeIDE_1.17.0/STM32CubeIDE/plugins/com.st.stm32cube.ide.mcu.externaltools.gnu-tools-for-stm32.13.3.rel1.win32_1.0.0.202411081344/tools/bin/../lib/gcc/arm-none-eabi/13.3.1/thumb/v7e-m+fp/hard/crti.o
                0x0800d314                _fini
 .fini          0x0800d318        0x8 C:/ST/STM32CubeIDE_1.17.0/STM32CubeIDE/plugins/com.st.stm32cube.ide.mcu.externaltools.gnu-tools-for-stm32.13.3.rel1.win32_1.0.0.202411081344/tools/bin/../lib/gcc/arm-none-eabi/13.3.1/thumb/v7e-m+fp/hard/crtn.o
                0x0800d320                        . = ALIGN (0x4)
                0x0800d320                        _etext = .

.vfp11_veneer   0x0800d320        0x0
 .vfp11_veneer  0x0800d320        0x0 linker stubs

.v4_bx          0x0800d320        0x0
 .v4_bx         0x0800d320        0x0 linker stubs

.iplt           0x0800d320        0x0
 .iplt          0x0800d320        0x0 C:/ST/STM32CubeIDE_1.17.0/STM32CubeIDE/plugins/com.st.stm32cube.ide.mcu.externaltools.gnu-tools-for-stm32.13.3.rel1.win32_1.0.0.202411081344/tools/bin/../lib/gcc/arm-none-eabi/13.3.1/thumb/v7e-m+fp/hard/crtbegin.o

.rodata         0x0800d320      0x240
                0x0800d320                        . = ALIGN (0x4)
 *(.rodata)
 .rodata        0x0800d320       0x31 ./Core/Src/main.o
 *fill*         0x0800d351        0x3 
 .rodata        0x0800d354        0x6 ./Core/Src/nrf24.o
 *fill*         0x0800d35a        0x2 
 .rodata        0x0800d35c       0xdc ./Core/Src/radio.o
 .rodata        0x0800d438        0x5 ./Middlewares/Third_Party/FreeRTOS/Source/tasks.o
 *fill*         0x0800d43d        0x3 
 .rodata        0x0800d440        0xd ./Middlewares/Third_Party/FreeRTOS/Source/timers.o
 *fill*         0x0800d44d        0x3 
 .rodata        0x0800d450       0x46 ./USB_DEVICE/App/usbd_desc.o
 *(.rodata*)
 *fill*         0x0800d496        0x2 
 .rodata.defaultTask_attributes
                0x0800d498       0x24 ./Core/Src/main.o
                0x0800d498                defaultTask_attributes
 .rodata.send_usb_data_attributes
                0x0800d4bc       0x24 ./Core/Src/main.o
                0x0800d4bc                send_usb_data_attributes
 .rodata.read_nrf_attributes
                0x0800d4e0       0x24 ./Core/Src/main.o
                0x0800d4e0                read_nrf_attributes
 .rodata.send_nrf_attributes
                0x0800d504       0x24 ./Core/Src/main.o
                0x0800d504                send_nrf_attributes
 .rodata.nRF24_RX_PW_PIPE
                0x0800d528        0x6 ./Core/Src/nrf24.o
 *fill*         0x0800d52e        0x2 
 .rodata.nRF24_ADDR_REGS
                0x0800d530        0x7 ./Core/Src/nrf24.o
 *fill*         0x0800d537        0x1 
 .rodata.nRF24_ADDR_Rx.1
                0x0800d538        0x3 ./Core/Src/radio.o
 *fill*         0x0800d53b        0x1 
 .rodata.nRF24_ADDR_Tx.0
                0x0800d53c        0x3 ./Core/Src/radio.o
 *fill*         0x0800d53f        0x1 
 .rodata.AHBPrescTable
                0x0800d540       0x10 ./Core/Src/system_stm32f4xx.o
                0x0800d540                AHBPrescTable
 .rodata.APBPrescTable
                0x0800d550        0x8 ./Core/Src/system_stm32f4xx.o
                0x0800d550                APBPrescTable
 .rodata.flagBitshiftOffset.0
                0x0800d558        0x8 ./Drivers/STM32F4xx_HAL_Driver/Src/stm32f4xx_hal_dma.o
                0x0800d560                        . = ALIGN (0x4)

.ARM.extab      0x0800d560        0x0
                0x0800d560                        . = ALIGN (0x4)
 *(.ARM.extab* .gnu.linkonce.armextab.*)
                0x0800d560                        . = ALIGN (0x4)

.ARM            0x0800d560        0x8
                0x0800d560                        . = ALIGN (0x4)
                0x0800d560                        __exidx_start = .
 *(.ARM.exidx*)
 .ARM.exidx     0x0800d560        0x8 C:/ST/STM32CubeIDE_1.17.0/STM32CubeIDE/plugins/com.st.stm32cube.ide.mcu.externaltools.gnu-tools-for-stm32.13.3.rel1.win32_1.0.0.202411081344/tools/bin/../lib/gcc/arm-none-eabi/13.3.1/thumb/v7e-m+fp/hard\libgcc.a(_udivmoddi4.o)
                0x0800d568                        __exidx_end = .
                0x0800d568                        . = ALIGN (0x4)

.preinit_array  0x0800d568        0x0
                0x0800d568                        . = ALIGN (0x4)
                0x0800d568                        PROVIDE (__preinit_array_start = .)
 *(.preinit_array*)
                0x0800d568                        PROVIDE (__preinit_array_end = .)
                0x0800d568                        . = ALIGN (0x4)

.init_array     0x0800d568        0x4
                0x0800d568                        . = ALIGN (0x4)
                0x0800d568                        PROVIDE (__init_array_start = .)
 *(SORT_BY_NAME(.init_array.*))
 *(.init_array*)
 .init_array    0x0800d568        0x4 C:/ST/STM32CubeIDE_1.17.0/STM32CubeIDE/plugins/com.st.stm32cube.ide.mcu.externaltools.gnu-tools-for-stm32.13.3.rel1.win32_1.0.0.202411081344/tools/bin/../lib/gcc/arm-none-eabi/13.3.1/thumb/v7e-m+fp/hard/crtbegin.o
                0x0800d56c                        PROVIDE (__init_array_end = .)
                0x0800d56c                        . = ALIGN (0x4)

.fini_array     0x0800d56c        0x4
                0x0800d56c                        . = ALIGN (0x4)
                [!provide]                        PROVIDE (__fini_array_start = .)
 *(SORT_BY_NAME(.fini_array.*))
 *(.fini_array*)
 .fini_array    0x0800d56c        0x4 C:/ST/STM32CubeIDE_1.17.0/STM32CubeIDE/plugins/com.st.stm32cube.ide.mcu.externaltools.gnu-tools-for-stm32.13.3.rel1.win32_1.0.0.202411081344/tools/bin/../lib/gcc/arm-none-eabi/13.3.1/thumb/v7e-m+fp/hard/crtbegin.o
                [!provide]                        PROVIDE (__fini_array_end = .)
                0x0800d570                        . = ALIGN (0x4)
                0x0800d570                        _sidata = LOADADDR (.data)

.rel.dyn        0x0800d570        0x0
 .rel.iplt      0x0800d570        0x0 C:/ST/STM32CubeIDE_1.17.0/STM32CubeIDE/plugins/com.st.stm32cube.ide.mcu.externaltools.gnu-tools-for-stm32.13.3.rel1.win32_1.0.0.202411081344/tools/bin/../lib/gcc/arm-none-eabi/13.3.1/thumb/v7e-m+fp/hard/crtbegin.o

.data           0x20000000      0x150 load address 0x0800d570
                0x20000000                        . = ALIGN (0x4)
                0x20000000                        _sdata = .
 *(.data)
 *(.data*)
 .data.SystemCoreClock
                0x20000000        0x4 ./Core/Src/system_stm32f4xx.o
                0x20000000                SystemCoreClock
 .data.uwTickPrio
                0x20000004        0x4 ./Drivers/STM32F4xx_HAL_Driver/Src/stm32f4xx_hal.o
                0x20000004                uwTickPrio
 .data.uwTickFreq
                0x20000008        0x1 ./Drivers/STM32F4xx_HAL_Driver/Src/stm32f4xx_hal.o
                0x20000008                uwTickFreq
 *fill*         0x20000009        0x3 
 .data.USBD_CDC_DeviceQualifierDesc
                0x2000000c        0xa ./Middlewares/ST/STM32_USB_Device_Library/Class/CDC/Src/usbd_cdc.o
 *fill*         0x20000016        0x2 
 .data.USBD_CDC
                0x20000018       0x38 ./Middlewares/ST/STM32_USB_Device_Library/Class/CDC/Src/usbd_cdc.o
                0x20000018                USBD_CDC
 .data.USBD_CDC_CfgDesc
                0x20000050       0x43 ./Middlewares/ST/STM32_USB_Device_Library/Class/CDC/Src/usbd_cdc.o
 .data.CDCInEpAdd
                0x20000093        0x1 ./Middlewares/ST/STM32_USB_Device_Library/Class/CDC/Src/usbd_cdc.o
 .data.CDCOutEpAdd
                0x20000094        0x1 ./Middlewares/ST/STM32_USB_Device_Library/Class/CDC/Src/usbd_cdc.o
 .data.CDCCmdEpAdd
                0x20000095        0x1 ./Middlewares/ST/STM32_USB_Device_Library/Class/CDC/Src/usbd_cdc.o
 *fill*         0x20000096        0x2 
 .data.uxCriticalNesting
                0x20000098        0x4 ./Middlewares/Third_Party/FreeRTOS/Source/portable/GCC/ARM_CM4F/port.o
 .data.USBD_Interface_fops_FS
                0x2000009c       0x14 ./USB_DEVICE/App/usbd_cdc_if.o
                0x2000009c                USBD_Interface_fops_FS
 .data.FS_Desc  0x200000b0       0x1c ./USB_DEVICE/App/usbd_desc.o
                0x200000b0                FS_Desc
 .data.USBD_FS_DeviceDesc
                0x200000cc       0x12 ./USB_DEVICE/App/usbd_desc.o
                0x200000cc                USBD_FS_DeviceDesc
 *fill*         0x200000de        0x2 
 .data.USBD_LangIDDesc
                0x200000e0        0x4 ./USB_DEVICE/App/usbd_desc.o
                0x200000e0                USBD_LangIDDesc
 .data.USBD_StringSerial
                0x200000e4       0x1a ./USB_DEVICE/App/usbd_desc.o
                0x200000e4                USBD_StringSerial
 *fill*         0x200000fe        0x2 
 .data._impure_ptr
                0x20000100        0x4 C:/ST/STM32CubeIDE_1.17.0/STM32CubeIDE/plugins/com.st.stm32cube.ide.mcu.externaltools.gnu-tools-for-stm32.13.3.rel1.win32_1.0.0.202411081344/tools/bin/../lib/gcc/arm-none-eabi/13.3.1/../../../../arm-none-eabi/lib/thumb/v7e-m+fp/hard\libc_nano.a(libc_a-impure.o)
                0x20000100                _impure_ptr
 .data._impure_data
                0x20000104       0x4c C:/ST/STM32CubeIDE_1.17.0/STM32CubeIDE/plugins/com.st.stm32cube.ide.mcu.externaltools.gnu-tools-for-stm32.13.3.rel1.win32_1.0.0.202411081344/tools/bin/../lib/gcc/arm-none-eabi/13.3.1/../../../../arm-none-eabi/lib/thumb/v7e-m+fp/hard\libc_nano.a(libc_a-impure.o)
                0x20000104                _impure_data
 *(.RamFunc)
 *(.RamFunc*)
                0x20000150                        . = ALIGN (0x4)
                0x20000150                        _edata = .

.igot.plt       0x20000150        0x0 load address 0x0800d6c0
 .igot.plt      0x20000150        0x0 C:/ST/STM32CubeIDE_1.17.0/STM32CubeIDE/plugins/com.st.stm32cube.ide.mcu.externaltools.gnu-tools-for-stm32.13.3.rel1.win32_1.0.0.202411081344/tools/bin/../lib/gcc/arm-none-eabi/13.3.1/thumb/v7e-m+fp/hard/crtbegin.o
                0x20000150                        . = ALIGN (0x4)

.bss            0x20000150     0x6968 load address 0x0800d6c0
                0x20000150                        _sbss = .
                0x20000150                        __bss_start__ = _sbss
 *(.bss)
 .bss           0x20000150       0x1c C:/ST/STM32CubeIDE_1.17.0/STM32CubeIDE/plugins/com.st.stm32cube.ide.mcu.externaltools.gnu-tools-for-stm32.13.3.rel1.win32_1.0.0.202411081344/tools/bin/../lib/gcc/arm-none-eabi/13.3.1/thumb/v7e-m+fp/hard/crtbegin.o
 *(.bss*)
 .bss.hadc1     0x2000016c       0x48 ./Core/Src/main.o
                0x2000016c                hadc1
 .bss.hdma_adc1
                0x200001b4       0x60 ./Core/Src/main.o
                0x200001b4                hdma_adc1
 .bss.hi2c1     0x20000214       0x54 ./Core/Src/main.o
                0x20000214                hi2c1
 .bss.hspi1     0x20000268       0x58 ./Core/Src/main.o
                0x20000268                hspi1
 .bss.huart1    0x200002c0       0x48 ./Core/Src/main.o
                0x200002c0                huart1
 .bss.defaultTaskHandle
                0x20000308        0x4 ./Core/Src/main.o
                0x20000308                defaultTaskHandle
 .bss.send_usb_dataHandle
                0x2000030c        0x4 ./Core/Src/main.o
                0x2000030c                send_usb_dataHandle
 .bss.read_nrfHandle
                0x20000310        0x4 ./Core/Src/main.o
                0x20000310                read_nrfHandle
 .bss.send_nrfHandle
                0x20000314        0x4 ./Core/Src/main.o
                0x20000314                send_nrfHandle
 .bss.pot1      0x20000318        0x2 ./Core/Src/main.o
                0x20000318                pot1
 .bss.pot2      0x2000031a        0x2 ./Core/Src/main.o
                0x2000031a                pot2
 .bss.pot3      0x2000031c        0x2 ./Core/Src/main.o
                0x2000031c                pot3
 .bss.pot4      0x2000031e        0x2 ./Core/Src/main.o
                0x2000031e                pot4
 .bss.pot5      0x20000320        0x2 ./Core/Src/main.o
                0x20000320                pot5
 .bss.pot6      0x20000322        0x2 ./Core/Src/main.o
                0x20000322                pot6
 .bss.readvalue
                0x20000324       0x18 ./Core/Src/main.o
                0x20000324                readvalue
 .bss.nRF24_payload
                0x2000033c       0x20 ./Core/Src/radio.o
                0x2000033c                nRF24_payload
 .bss.pipe      0x2000035c        0x1 ./Core/Src/radio.o
                0x2000035c                pipe
 .bss.payload_length
                0x2000035d        0x1 ./Core/Src/radio.o
                0x2000035d                payload_length
 .bss.tx_res    0x2000035e        0x1 ./Core/Src/radio.o
                0x2000035e                tx_res
 *fill*         0x2000035f        0x1 
 .bss.htim2     0x20000360       0x48 ./Core/Src/stm32f4xx_hal_timebase_tim.o
                0x20000360                htim2
 .bss.uwTick    0x200003a8        0x4 ./Drivers/STM32F4xx_HAL_Driver/Src/stm32f4xx_hal.o
                0x200003a8                uwTick
 .bss.cfgidx.0  0x200003ac        0x1 ./Middlewares/ST/STM32_USB_Device_Library/Core/Src/usbd_ctlreq.o
 *fill*         0x200003ad        0x3 
 .bss.KernelState
                0x200003b0        0x4 ./Middlewares/Third_Party/FreeRTOS/Source/CMSIS_RTOS_V2/cmsis_os2.o
 .bss.Idle_TCB.3
                0x200003b4       0xa8 ./Middlewares/Third_Party/FreeRTOS/Source/CMSIS_RTOS_V2/cmsis_os2.o
 .bss.Idle_Stack.2
                0x2000045c      0x200 ./Middlewares/Third_Party/FreeRTOS/Source/CMSIS_RTOS_V2/cmsis_os2.o
 .bss.Timer_TCB.1
                0x2000065c       0xa8 ./Middlewares/Third_Party/FreeRTOS/Source/CMSIS_RTOS_V2/cmsis_os2.o
 .bss.Timer_Stack.0
                0x20000704      0x400 ./Middlewares/Third_Party/FreeRTOS/Source/CMSIS_RTOS_V2/cmsis_os2.o
 .bss.xQueueRegistry
                0x20000b04       0x40 ./Middlewares/Third_Party/FreeRTOS/Source/queue.o
                0x20000b04                xQueueRegistry
 .bss.pxCurrentTCB
                0x20000b44        0x4 ./Middlewares/Third_Party/FreeRTOS/Source/tasks.o
                0x20000b44                pxCurrentTCB
 .bss.pxReadyTasksLists
                0x20000b48      0x460 ./Middlewares/Third_Party/FreeRTOS/Source/tasks.o
 .bss.xDelayedTaskList1
                0x20000fa8       0x14 ./Middlewares/Third_Party/FreeRTOS/Source/tasks.o
 .bss.xDelayedTaskList2
                0x20000fbc       0x14 ./Middlewares/Third_Party/FreeRTOS/Source/tasks.o
 .bss.pxDelayedTaskList
                0x20000fd0        0x4 ./Middlewares/Third_Party/FreeRTOS/Source/tasks.o
 .bss.pxOverflowDelayedTaskList
                0x20000fd4        0x4 ./Middlewares/Third_Party/FreeRTOS/Source/tasks.o
 .bss.xPendingReadyList
                0x20000fd8       0x14 ./Middlewares/Third_Party/FreeRTOS/Source/tasks.o
 .bss.xTasksWaitingTermination
                0x20000fec       0x14 ./Middlewares/Third_Party/FreeRTOS/Source/tasks.o
 .bss.uxDeletedTasksWaitingCleanUp
                0x20001000        0x4 ./Middlewares/Third_Party/FreeRTOS/Source/tasks.o
 .bss.xSuspendedTaskList
                0x20001004       0x14 ./Middlewares/Third_Party/FreeRTOS/Source/tasks.o
 .bss.uxCurrentNumberOfTasks
                0x20001018        0x4 ./Middlewares/Third_Party/FreeRTOS/Source/tasks.o
 .bss.xTickCount
                0x2000101c        0x4 ./Middlewares/Third_Party/FreeRTOS/Source/tasks.o
 .bss.uxTopReadyPriority
                0x20001020        0x4 ./Middlewares/Third_Party/FreeRTOS/Source/tasks.o
 .bss.xSchedulerRunning
                0x20001024        0x4 ./Middlewares/Third_Party/FreeRTOS/Source/tasks.o
 .bss.xPendedTicks
                0x20001028        0x4 ./Middlewares/Third_Party/FreeRTOS/Source/tasks.o
 .bss.xYieldPending
                0x2000102c        0x4 ./Middlewares/Third_Party/FreeRTOS/Source/tasks.o
 .bss.xNumOfOverflows
                0x20001030        0x4 ./Middlewares/Third_Party/FreeRTOS/Source/tasks.o
 .bss.uxTaskNumber
                0x20001034        0x4 ./Middlewares/Third_Party/FreeRTOS/Source/tasks.o
 .bss.xNextTaskUnblockTime
                0x20001038        0x4 ./Middlewares/Third_Party/FreeRTOS/Source/tasks.o
 .bss.xIdleTaskHandle
                0x2000103c        0x4 ./Middlewares/Third_Party/FreeRTOS/Source/tasks.o
 .bss.uxSchedulerSuspended
                0x20001040        0x4 ./Middlewares/Third_Party/FreeRTOS/Source/tasks.o
 .bss.xActiveTimerList1
                0x20001044       0x14 ./Middlewares/Third_Party/FreeRTOS/Source/timers.o
 .bss.xActiveTimerList2
                0x20001058       0x14 ./Middlewares/Third_Party/FreeRTOS/Source/timers.o
 .bss.pxCurrentTimerList
                0x2000106c        0x4 ./Middlewares/Third_Party/FreeRTOS/Source/timers.o
 .bss.pxOverflowTimerList
                0x20001070        0x4 ./Middlewares/Third_Party/FreeRTOS/Source/timers.o
 .bss.xTimerQueue
                0x20001074        0x4 ./Middlewares/Third_Party/FreeRTOS/Source/timers.o
 .bss.xTimerTaskHandle
                0x20001078        0x4 ./Middlewares/Third_Party/FreeRTOS/Source/timers.o
 .bss.xLastTime.2
                0x2000107c        0x4 ./Middlewares/Third_Party/FreeRTOS/Source/timers.o
 .bss.ucStaticTimerQueueStorage.1
                0x20001080       0xa0 ./Middlewares/Third_Party/FreeRTOS/Source/timers.o
 .bss.xStaticTimerQueue.0
                0x20001120       0x50 ./Middlewares/Third_Party/FreeRTOS/Source/timers.o
 .bss.ucMaxSysCallPriority
                0x20001170        0x1 ./Middlewares/Third_Party/FreeRTOS/Source/portable/GCC/ARM_CM4F/port.o
 *fill*         0x20001171        0x3 
 .bss.ulMaxPRIGROUPValue
                0x20001174        0x4 ./Middlewares/Third_Party/FreeRTOS/Source/portable/GCC/ARM_CM4F/port.o
 .bss.ucHeap    0x20001178     0x3c00 ./Middlewares/Third_Party/FreeRTOS/Source/portable/MemMang/heap_4.o
 .bss.xStart    0x20004d78        0x8 ./Middlewares/Third_Party/FreeRTOS/Source/portable/MemMang/heap_4.o
 .bss.pxEnd     0x20004d80        0x4 ./Middlewares/Third_Party/FreeRTOS/Source/portable/MemMang/heap_4.o
 .bss.xFreeBytesRemaining
                0x20004d84        0x4 ./Middlewares/Third_Party/FreeRTOS/Source/portable/MemMang/heap_4.o
 .bss.xMinimumEverFreeBytesRemaining
                0x20004d88        0x4 ./Middlewares/Third_Party/FreeRTOS/Source/portable/MemMang/heap_4.o
 .bss.xNumberOfSuccessfulAllocations
                0x20004d8c        0x4 ./Middlewares/Third_Party/FreeRTOS/Source/portable/MemMang/heap_4.o
 .bss.xNumberOfSuccessfulFrees
                0x20004d90        0x4 ./Middlewares/Third_Party/FreeRTOS/Source/portable/MemMang/heap_4.o
 .bss.xBlockAllocatedBit
                0x20004d94        0x4 ./Middlewares/Third_Party/FreeRTOS/Source/portable/MemMang/heap_4.o
 .bss.hUsbDeviceFS
                0x20004d98      0x2dc ./USB_DEVICE/App/usb_device.o
                0x20004d98                hUsbDeviceFS
 .bss.UserRxBufferFS
                0x20005074      0x800 ./USB_DEVICE/App/usbd_cdc_if.o
                0x20005074                UserRxBufferFS
 .bss.UserTxBufferFS
                0x20005874      0x800 ./USB_DEVICE/App/usbd_cdc_if.o
                0x20005874                UserTxBufferFS
 .bss.USBD_StrDesc
                0x20006074      0x200 ./USB_DEVICE/App/usbd_desc.o
                0x20006074                USBD_StrDesc
 .bss.hpcd_USB_OTG_FS
                0x20006274      0x4e4 ./USB_DEVICE/Target/usbd_conf.o
                0x20006274                hpcd_USB_OTG_FS
 .bss.mem.0     0x20006758      0x220 ./USB_DEVICE/Target/usbd_conf.o
 .bss.__sf      0x20006978      0x138 C:/ST/STM32CubeIDE_1.17.0/STM32CubeIDE/plugins/com.st.stm32cube.ide.mcu.externaltools.gnu-tools-for-stm32.13.3.rel1.win32_1.0.0.202411081344/tools/bin/../lib/gcc/arm-none-eabi/13.3.1/../../../../arm-none-eabi/lib/thumb/v7e-m+fp/hard\libc_nano.a(libc_a-findfp.o)
                0x20006978                __sf
 .bss.__lock___malloc_recursive_mutex
                0x20006ab0        0x1 C:/ST/STM32CubeIDE_1.17.0/STM32CubeIDE/plugins/com.st.stm32cube.ide.mcu.externaltools.gnu-tools-for-stm32.13.3.rel1.win32_1.0.0.202411081344/tools/bin/../lib/gcc/arm-none-eabi/13.3.1/../../../../arm-none-eabi/lib/thumb/v7e-m+fp/hard\libc_nano.a(libc_a-lock.o)
                0x20006ab0                __lock___malloc_recursive_mutex
 *fill*         0x20006ab1        0x3 
 .bss.__malloc_free_list
                0x20006ab4        0x4 C:/ST/STM32CubeIDE_1.17.0/STM32CubeIDE/plugins/com.st.stm32cube.ide.mcu.externaltools.gnu-tools-for-stm32.13.3.rel1.win32_1.0.0.202411081344/tools/bin/../lib/gcc/arm-none-eabi/13.3.1/../../../../arm-none-eabi/lib/thumb/v7e-m+fp/hard\libc_nano.a(libc_a-mallocr.o)
                0x20006ab4                __malloc_free_list
 *(COMMON)
                0x20006ab8                        . = ALIGN (0x4)
                0x20006ab8                        _ebss = .
                0x20006ab8                        __bss_end__ = _ebss

._user_heap_stack
                0x20006ab8      0x600 load address 0x0800d6c0
                0x20006ab8                        . = ALIGN (0x8)